docker compose -f docker-compose.test.yml run --rm -e SKIP_TOKEN_POLLUTION_GUARD=1 -e ENVIRONMENT=test -e PYTHONPATH=/app test pytest tests/ --disable-warnings --tb=short 
============================= test session starts ==============================
platform linux -- Python 3.11.13, pytest-8.4.0, pluggy-1.6.0
rootdir: /app
configfile: pytest.ini
plugins: anyio-4.9.0, cov-6.2.1, json-report-1.5.0, metadata-3.1.1
collected 185 items

tests/integration/test_embedding_integration.py .                        [  0%]
tests/integration/test_memory_endpoints.py .                             [  1%]
tests/test_admin_endpoints.py .....                                      [  3%]
tests/test_auto_code_review.py ...                                       [  5%]
tests/test_backup_restore.py ss                                          [  6%]
tests/test_code_review_endpoints.py ..s....                              [ 10%]
tests/test_db.py .                                                       [ 10%]
tests/test_dependency_injection.py s.                                    [ 11%]
tests/test_misc_scripts_auto_feedback.py .....F                          [ 15%]
tests/test_misc_scripts_fix_rule_files.py ...                            [ 16%]
tests/test_onboarding.py .....                                           [ 19%]
tests/test_onboarding_flow.py F                                          [ 20%]
tests/test_rule_analytics.py ssss                                        [ 22%]
tests/test_rule_api_server.py ss......................sF..               [ 37%]
tests/test_rule_conflicts.py F.FFFFFFFF                                  [ 42%]
tests/test_rule_enforcement.py ....F.                                    [ 45%]
tests/test_rule_enforcement_edge_cases.py ..FFFF                         [ 49%]
tests/test_rule_filtering.py FFFFF                                       [ 51%]
tests/test_rule_promotion.py F..                                         [ 53%]
tests/test_rule_proposal_feedback.py ...F........                        [ 60%]
tests/test_rule_suggestion.py ...............                            [ 68%]
tests/test_rule_updates.py .....                                         [ 70%]
tests/test_rule_versioning.py ..F.                                       [ 72%]
tests/test_scripts.py .ssssss                                            [ 76%]
tests/test_scripts_llm_rule_suggester_service.py ...                     [ 78%]
tests/test_scripts_onboarding_health_check.py ...                        [ 80%]
tests/test_smart_merge_backup.py ...                                     [ 81%]
tests/test_uuid_validation.py .                                          [ 82%]
tests/test_worker.py .FF...                                              [ 85%]
tests/unit/test_env_and_validation.py ...                                [ 87%]
tests/unit/test_memory_cleanup_worker.py .                               [ 87%]
tests/unit/test_memory_edge_inference.py ....                            [ 89%]
tests/unit/test_memory_node_embedding.py .                               [ 90%]
tests/unit/test_memory_refinement_worker.py F                            [ 90%]
tests/unit/test_onboarding_path_optimizer.py .                           [ 91%]
tests/unit/test_proactive_error_handling.py .                            [ 91%]
tests/unit/test_rule_query.py ..                                         [ 92%]
tests/unit/test_stale_rule_detector.py .                                 [ 93%]
tests/unit/test_user_story_completeness_checker.py F                     [ 94%]
tests/unit/test_utils.py ...........                                     [100%]

=================================== FAILURES ===================================
_________________________ test_invalid_input_file_cli __________________________
tests/test_misc_scripts_auto_feedback.py:81: in test_invalid_input_file_cli
    with pytest.raises(SystemExit) as excinfo:
E   Failed: DID NOT RAISE <class 'SystemExit'>
---------------------------- Captured stdout setup -----------------------------
[DEBUG-get_db] ENVIRONMENT=test, POSTGRES_HOST=test-db
[DEBUG-get_db] ENVIRONMENT=test, POSTGRES_HOST=test-db
[TEST DEBUG] Created test project: project_id=8dbbc70e-4662-4f39-9307-e52d5ca8e7cf, token=y-7SeQbsWl7uv4XMnOh2RtwVP507qHy7czJWNmwfVao
---------------------------- Captured stderr setup -----------------------------
INFO:pytest-session:[test_end: test_missing_env_vars_cli] rules table columns: ['id', 'rule_type', 'description', 'diff', 'status', 'submitted_by', 'added_by', 'project', 'timestamp', 'version', 'categories', 'tags', 'examples', 'applies_to', 'applies_to_rationale', 'user_story', 'scope_level', 'scope_id', 'parent_rule_id', 'superseded_by']
INFO:pytest-session:[test_start: test_invalid_input_file_cli] rules table columns: ['id', 'rule_type', 'description', 'diff', 'status', 'submitted_by', 'added_by', 'project', 'timestamp', 'version', 'categories', 'tags', 'examples', 'applies_to', 'applies_to_rationale', 'user_story', 'scope_level', 'scope_id', 'parent_rule_id', 'superseded_by']
INFO:pytest-session:[fixture:clean_db:before] rules table columns: ['id', 'rule_type', 'description', 'diff', 'status', 'submitted_by', 'added_by', 'project', 'timestamp', 'version', 'categories', 'tags', 'examples', 'applies_to', 'applies_to_rationale', 'user_story', 'scope_level', 'scope_id', 'parent_rule_id', 'superseded_by']
INFO:pytest-session:[fixture:clean_db:after] rules table columns: ['id', 'rule_type', 'description', 'diff', 'status', 'submitted_by', 'added_by', 'project', 'timestamp', 'version', 'categories', 'tags', 'examples', 'applies_to', 'applies_to_rationale', 'user_story', 'scope_level', 'scope_id', 'parent_rule_id', 'superseded_by']
INFO:pytest-session:[fixture:test_project:before] rules table columns: ['id', 'rule_type', 'description', 'diff', 'status', 'submitted_by', 'added_by', 'project', 'timestamp', 'version', 'categories', 'tags', 'examples', 'applies_to', 'applies_to_rationale', 'user_story', 'scope_level', 'scope_id', 'parent_rule_id', 'superseded_by']
INFO:httpx:HTTP Request: POST http://testserver/onboarding/init "HTTP/1.1 200 OK"
INFO:pytest-session:[fixture:test_project:after] rules table columns: ['id', 'rule_type', 'description', 'diff', 'status', 'submitted_by', 'added_by', 'project', 'timestamp', 'version', 'categories', 'tags', 'examples', 'applies_to', 'applies_to_rationale', 'user_story', 'scope_level', 'scope_id', 'parent_rule_id', 'superseded_by']
------------------------------ Captured log setup ------------------------------
INFO     pytest-session:conftest.py:46 [fixture:clean_db:before] rules table columns: ['id', 'rule_type', 'description', 'diff', 'status', 'submitted_by', 'added_by', 'project', 'timestamp', 'version', 'categories', 'tags', 'examples', 'applies_to', 'applies_to_rationale', 'user_story', 'scope_level', 'scope_id', 'parent_rule_id', 'superseded_by']
INFO     pytest-session:conftest.py:46 [fixture:clean_db:after] rules table columns: ['id', 'rule_type', 'description', 'diff', 'status', 'submitted_by', 'added_by', 'project', 'timestamp', 'version', 'categories', 'tags', 'examples', 'applies_to', 'applies_to_rationale', 'user_story', 'scope_level', 'scope_id', 'parent_rule_id', 'superseded_by']
INFO     pytest-session:conftest.py:46 [fixture:test_project:before] rules table columns: ['id', 'rule_type', 'description', 'diff', 'status', 'submitted_by', 'added_by', 'project', 'timestamp', 'version', 'categories', 'tags', 'examples', 'applies_to', 'applies_to_rationale', 'user_story', 'scope_level', 'scope_id', 'parent_rule_id', 'superseded_by']
INFO     httpx:_client.py:1025 HTTP Request: POST http://testserver/onboarding/init "HTTP/1.1 200 OK"
INFO     pytest-session:conftest.py:46 [fixture:test_project:after] rules table columns: ['id', 'rule_type', 'description', 'diff', 'status', 'submitted_by', 'added_by', 'project', 'timestamp', 'version', 'categories', 'tags', 'examples', 'applies_to', 'applies_to_rationale', 'user_story', 'scope_level', 'scope_id', 'parent_rule_id', 'superseded_by']
--------------------------- Captured stderr teardown ---------------------------
INFO:pytest-session:[fixture:clean_db:yielded] rules table columns: ['id', 'rule_type', 'description', 'diff', 'status', 'submitted_by', 'added_by', 'project', 'timestamp', 'version', 'categories', 'tags', 'examples', 'applies_to', 'applies_to_rationale', 'user_story', 'scope_level', 'scope_id', 'parent_rule_id', 'superseded_by']
---------------------------- Captured log teardown -----------------------------
INFO     pytest-session:conftest.py:46 [fixture:clean_db:yielded] rules table columns: ['id', 'rule_type', 'description', 'diff', 'status', 'submitted_by', 'added_by', 'project', 'timestamp', 'version', 'categories', 'tags', 'examples', 'applies_to', 'applies_to_rationale', 'user_story', 'scope_level', 'scope_id', 'parent_rule_id', 'superseded_by']
_______________________ test_internal_project_onboarding _______________________
tests/test_onboarding_flow.py:43: in test_internal_project_onboarding
    assert isinstance(initial_progress, list), "Progress should be a list of steps"
E   AssertionError: Progress should be a list of steps
E   assert False
E    +  where False = isinstance({'steps': [{'completed': False, 'details': None, 'doc_link': None, 'id': '5a52d865-aa44-4399-a9d6-d29670a55ac8', ...},...': '/onboarding/user_story/test_path#testing-workflow-guidelines', 'id': 'b8cff8f3-3f05-45d3-b1e8-965859bb67fb', ...}]}, list)
---------------------------- Captured stdout setup -----------------------------
[DEBUG-get_db] ENVIRONMENT=test, POSTGRES_HOST=test-db
[DEBUG-get_db] ENVIRONMENT=test, POSTGRES_HOST=test-db
[TEST DEBUG] Created test project: project_id=4222d01f-ceda-4219-b0dc-5a0d966dcdb5, token=d-UuzR_ZK4n7vMRhpqwNs5gC1u0Dyv4hf4iZLxZ4iyY
---------------------------- Captured stderr setup -----------------------------
INFO:pytest-session:[test_end: test_onboarding_md_has_quick_start] rules table columns: ['id', 'rule_type', 'description', 'diff', 'status', 'submitted_by', 'added_by', 'project', 'timestamp', 'version', 'categories', 'tags', 'examples', 'applies_to', 'applies_to_rationale', 'user_story', 'scope_level', 'scope_id', 'parent_rule_id', 'superseded_by']
INFO:pytest-session:[test_start: test_internal_project_onboarding] rules table columns: ['id', 'rule_type', 'description', 'diff', 'status', 'submitted_by', 'added_by', 'project', 'timestamp', 'version', 'categories', 'tags', 'examples', 'applies_to', 'applies_to_rationale', 'user_story', 'scope_level', 'scope_id', 'parent_rule_id', 'superseded_by']
INFO:pytest-session:[fixture:clean_db:before] rules table columns: ['id', 'rule_type', 'description', 'diff', 'status', 'submitted_by', 'added_by', 'project', 'timestamp', 'version', 'categories', 'tags', 'examples', 'applies_to', 'applies_to_rationale', 'user_story', 'scope_level', 'scope_id', 'parent_rule_id', 'superseded_by']
INFO:pytest-session:[fixture:clean_db:after] rules table columns: ['id', 'rule_type', 'description', 'diff', 'status', 'submitted_by', 'added_by', 'project', 'timestamp', 'version', 'categories', 'tags', 'examples', 'applies_to', 'applies_to_rationale', 'user_story', 'scope_level', 'scope_id', 'parent_rule_id', 'superseded_by']
INFO:pytest-session:[fixture:test_project:before] rules table columns: ['id', 'rule_type', 'description', 'diff', 'status', 'submitted_by', 'added_by', 'project', 'timestamp', 'version', 'categories', 'tags', 'examples', 'applies_to', 'applies_to_rationale', 'user_story', 'scope_level', 'scope_id', 'parent_rule_id', 'superseded_by']
INFO:httpx:HTTP Request: POST http://testserver/onboarding/init "HTTP/1.1 200 OK"
INFO:pytest-session:[fixture:test_project:after] rules table columns: ['id', 'rule_type', 'description', 'diff', 'status', 'submitted_by', 'added_by', 'project', 'timestamp', 'version', 'categories', 'tags', 'examples', 'applies_to', 'applies_to_rationale', 'user_story', 'scope_level', 'scope_id', 'parent_rule_id', 'superseded_by']
------------------------------ Captured log setup ------------------------------
INFO     pytest-session:conftest.py:46 [fixture:clean_db:before] rules table columns: ['id', 'rule_type', 'description', 'diff', 'status', 'submitted_by', 'added_by', 'project', 'timestamp', 'version', 'categories', 'tags', 'examples', 'applies_to', 'applies_to_rationale', 'user_story', 'scope_level', 'scope_id', 'parent_rule_id', 'superseded_by']
INFO     pytest-session:conftest.py:46 [fixture:clean_db:after] rules table columns: ['id', 'rule_type', 'description', 'diff', 'status', 'submitted_by', 'added_by', 'project', 'timestamp', 'version', 'categories', 'tags', 'examples', 'applies_to', 'applies_to_rationale', 'user_story', 'scope_level', 'scope_id', 'parent_rule_id', 'superseded_by']
INFO     pytest-session:conftest.py:46 [fixture:test_project:before] rules table columns: ['id', 'rule_type', 'description', 'diff', 'status', 'submitted_by', 'added_by', 'project', 'timestamp', 'version', 'categories', 'tags', 'examples', 'applies_to', 'applies_to_rationale', 'user_story', 'scope_level', 'scope_id', 'parent_rule_id', 'superseded_by']
INFO     httpx:_client.py:1025 HTTP Request: POST http://testserver/onboarding/init "HTTP/1.1 200 OK"
INFO     pytest-session:conftest.py:46 [fixture:test_project:after] rules table columns: ['id', 'rule_type', 'description', 'diff', 'status', 'submitted_by', 'added_by', 'project', 'timestamp', 'version', 'categories', 'tags', 'examples', 'applies_to', 'applies_to_rationale', 'user_story', 'scope_level', 'scope_id', 'parent_rule_id', 'superseded_by']
----------------------------- Captured stdout call -----------------------------
[TEST DEBUG] project_name=test_project_36631280, path=test_path, headers={'Authorization': 'Bearer d-UuzR_ZK4n7vMRhpqwNs5gC1u0Dyv4hf4iZLxZ4iyY'}
--------------------------- Captured stderr teardown ---------------------------
INFO:pytest-session:[fixture:clean_db:yielded] rules table columns: ['id', 'rule_type', 'description', 'diff', 'status', 'submitted_by', 'added_by', 'project', 'timestamp', 'version', 'categories', 'tags', 'examples', 'applies_to', 'applies_to_rationale', 'user_story', 'scope_level', 'scope_id', 'parent_rule_id', 'superseded_by']
---------------------------- Captured log teardown -----------------------------
INFO     pytest-session:conftest.py:46 [fixture:clean_db:yielded] rules table columns: ['id', 'rule_type', 'description', 'diff', 'status', 'submitted_by', 'added_by', 'project', 'timestamp', 'version', 'categories', 'tags', 'examples', 'applies_to', 'applies_to_rationale', 'user_story', 'scope_level', 'scope_id', 'parent_rule_id', 'superseded_by']
_________________________ test_rule_promotion_endpoint _________________________
tests/test_rule_api_server.py:735: in test_rule_promotion_endpoint
    assert prop_response.status_code == 200
E   assert 422 == 200
E    +  where 422 = <Response [422 Unprocessable Entity]>.status_code
---------------------------- Captured stdout setup -----------------------------
[DEBUG-get_db] ENVIRONMENT=test, POSTGRES_HOST=test-db
[DEBUG-get_db] ENVIRONMENT=test, POSTGRES_HOST=test-db
[DEBUG-get_db] ENVIRONMENT=test, POSTGRES_HOST=test-db
[TEST DEBUG] Created test project: project_id=cb857376-82c4-461a-852f-f16611452642, token=1ef4AdTlfSRjqjS8xmboS3Tex6Hrgzn4Xrp7wplgjXI
[DEBUG-get_db] ENVIRONMENT=test, POSTGRES_HOST=test-db
[DEBUG-get_db] ENVIRONMENT=test, POSTGRES_HOST=test-db
---------------------------- Captured stderr setup -----------------------------
INFO:pytest-session:[test_end: test_review_code_files_llm_endpoint] rules table columns: ['id', 'rule_type', 'description', 'diff', 'status', 'submitted_by', 'added_by', 'project', 'timestamp', 'version', 'categories', 'tags', 'examples', 'applies_to', 'applies_to_rationale', 'user_story', 'scope_level', 'scope_id', 'parent_rule_id', 'superseded_by']
INFO:pytest-session:[test_start: test_rule_promotion_endpoint] rules table columns: ['id', 'rule_type', 'description', 'diff', 'status', 'submitted_by', 'added_by', 'project', 'timestamp', 'version', 'categories', 'tags', 'examples', 'applies_to', 'applies_to_rationale', 'user_story', 'scope_level', 'scope_id', 'parent_rule_id', 'superseded_by']
INFO:pytest-session:[fixture:clean_db:before] rules table columns: ['id', 'rule_type', 'description', 'diff', 'status', 'submitted_by', 'added_by', 'project', 'timestamp', 'version', 'categories', 'tags', 'examples', 'applies_to', 'applies_to_rationale', 'user_story', 'scope_level', 'scope_id', 'parent_rule_id', 'superseded_by']
INFO:pytest-session:[fixture:clean_db:after] rules table columns: ['id', 'rule_type', 'description', 'diff', 'status', 'submitted_by', 'added_by', 'project', 'timestamp', 'version', 'categories', 'tags', 'examples', 'applies_to', 'applies_to_rationale', 'user_story', 'scope_level', 'scope_id', 'parent_rule_id', 'superseded_by']
INFO:pytest-session:[fixture:test_project:before] rules table columns: ['id', 'rule_type', 'description', 'diff', 'status', 'submitted_by', 'added_by', 'project', 'timestamp', 'version', 'categories', 'tags', 'examples', 'applies_to', 'applies_to_rationale', 'user_story', 'scope_level', 'scope_id', 'parent_rule_id', 'superseded_by']
INFO:httpx:HTTP Request: POST http://testserver/onboarding/init "HTTP/1.1 200 OK"
INFO:pytest-session:[fixture:test_project:after] rules table columns: ['id', 'rule_type', 'description', 'diff', 'status', 'submitted_by', 'added_by', 'project', 'timestamp', 'version', 'categories', 'tags', 'examples', 'applies_to', 'applies_to_rationale', 'user_story', 'scope_level', 'scope_id', 'parent_rule_id', 'superseded_by']
------------------------------ Captured log setup ------------------------------
INFO     pytest-session:conftest.py:46 [fixture:clean_db:before] rules table columns: ['id', 'rule_type', 'description', 'diff', 'status', 'submitted_by', 'added_by', 'project', 'timestamp', 'version', 'categories', 'tags', 'examples', 'applies_to', 'applies_to_rationale', 'user_story', 'scope_level', 'scope_id', 'parent_rule_id', 'superseded_by']
INFO     pytest-session:conftest.py:46 [fixture:clean_db:after] rules table columns: ['id', 'rule_type', 'description', 'diff', 'status', 'submitted_by', 'added_by', 'project', 'timestamp', 'version', 'categories', 'tags', 'examples', 'applies_to', 'applies_to_rationale', 'user_story', 'scope_level', 'scope_id', 'parent_rule_id', 'superseded_by']
INFO     pytest-session:conftest.py:46 [fixture:test_project:before] rules table columns: ['id', 'rule_type', 'description', 'diff', 'status', 'submitted_by', 'added_by', 'project', 'timestamp', 'version', 'categories', 'tags', 'examples', 'applies_to', 'applies_to_rationale', 'user_story', 'scope_level', 'scope_id', 'parent_rule_id', 'superseded_by']
INFO     httpx:_client.py:1025 HTTP Request: POST http://testserver/onboarding/init "HTTP/1.1 200 OK"
INFO     pytest-session:conftest.py:46 [fixture:test_project:after] rules table columns: ['id', 'rule_type', 'description', 'diff', 'status', 'submitted_by', 'added_by', 'project', 'timestamp', 'version', 'categories', 'tags', 'examples', 'applies_to', 'applies_to_rationale', 'user_story', 'scope_level', 'scope_id', 'parent_rule_id', 'superseded_by']
----------------------------- Captured stdout call -----------------------------
[DEBUG-get_db] ENVIRONMENT=test, POSTGRES_HOST=test-db
[DEBUG] Proposal creation response: 422 {'detail': "'diff' should start with '# Rule:' (MDC format)."}
----------------------------- Captured stderr call -----------------------------
WARNING:rule_proposals:[DEBUG] Incoming /propose-rule-change payload: {'rule_type': 'promotion_test', 'description': 'Test promotion flow.', 'diff': 'Promotion diff.', 'submitted_by': 'tester', 'scope_level': 'project', 'scope_id': '1a5077b5-8a87-4cad-8afb-e4ada175302c', 'reason_for_change': 'Testing promotion.', 'references': 'Test reference.'}
WARNING:rule_proposals:[SCOPE-DEBUG] ABSOLUTE FIRST: Incoming payload type: <class 'dict'>, repr: {'rule_type': 'promotion_test', 'description': 'Test promotion flow.', 'diff': 'Promotion diff.', 'submitted_by': 'tester', 'scope_level': 'project', 'scope_id': '1a5077b5-8a87-4cad-8afb-e4ada175302c', 'reason_for_change': 'Testing promotion.', 'references': 'Test reference.'}
WARNING:rule_proposals:[SCOPE-DEBUG] ABSOLUTE FIRST: After conversion, payload type: <class 'dict'>, repr: {'rule_type': 'promotion_test', 'description': 'Test promotion flow.', 'diff': 'Promotion diff.', 'submitted_by': 'tester', 'scope_level': 'project', 'scope_id': '1a5077b5-8a87-4cad-8afb-e4ada175302c', 'reason_for_change': 'Testing promotion.', 'references': 'Test reference.'}
WARNING:rule_proposals:[SCOPE-DEBUG] ABSOLUTE FIRST: payload.get('project'): None, payload.get('team'): None
WARNING:rule_proposals:[SCOPE-DEBUG] ABSOLUTE FIRST: Incoming payload: {'rule_type': 'promotion_test', 'description': 'Test promotion flow.', 'diff': 'Promotion diff.', 'submitted_by': 'tester', 'scope_level': 'project', 'scope_id': '1a5077b5-8a87-4cad-8afb-e4ada175302c', 'reason_for_change': 'Testing promotion.', 'references': 'Test reference.'}
WARNING:rule_proposals:[SCOPE-DEBUG] ABSOLUTE FIRST: scope_level=project, project=None, team=None, scope_id=1a5077b5-8a87-4cad-8afb-e4ada175302c
WARNING:rule_proposals:[SCOPE-DEBUG] After resolution: scope_id=1a5077b5-8a87-4cad-8afb-e4ada175302c, payload['scope_id']=1a5077b5-8a87-4cad-8afb-e4ada175302c
WARNING:rule_proposals:[CONFLICT-DEBUG] Checking for conflicts: rule_type=promotion_test, diff=Promotion diff., scope_level=project, scope_id=1a5077b5-8a87-4cad-8afb-e4ada175302c
WARNING:rule_proposals:[MDC-VALIDATION] is_valid=False, error_msg='diff' should start with '# Rule:' (MDC format)., diff=Promotion diff.
ERROR:rule_proposals:[422-RAISE] MDC diff format invalid: 'diff' should start with '# Rule:' (MDC format)., payload={'rule_type': 'promotion_test', 'description': 'Test promotion flow.', 'diff': 'Promotion diff.', 'submitted_by': 'tester', 'scope_level': 'project', 'scope_id': '1a5077b5-8a87-4cad-8afb-e4ada175302c', 'reason_for_change': 'Testing promotion.', 'references': 'Test reference.'}
INFO:httpx:HTTP Request: POST http://testserver/propose-rule-change "HTTP/1.1 422 Unprocessable Entity"
------------------------------ Captured log call -------------------------------
WARNING  rule_proposals:rule_proposals.py:230 [DEBUG] Incoming /propose-rule-change payload: {'rule_type': 'promotion_test', 'description': 'Test promotion flow.', 'diff': 'Promotion diff.', 'submitted_by': 'tester', 'scope_level': 'project', 'scope_id': '1a5077b5-8a87-4cad-8afb-e4ada175302c', 'reason_for_change': 'Testing promotion.', 'references': 'Test reference.'}
WARNING  rule_proposals:rule_proposals.py:235 [SCOPE-DEBUG] ABSOLUTE FIRST: Incoming payload type: <class 'dict'>, repr: {'rule_type': 'promotion_test', 'description': 'Test promotion flow.', 'diff': 'Promotion diff.', 'submitted_by': 'tester', 'scope_level': 'project', 'scope_id': '1a5077b5-8a87-4cad-8afb-e4ada175302c', 'reason_for_change': 'Testing promotion.', 'references': 'Test reference.'}
WARNING  rule_proposals:rule_proposals.py:247 [SCOPE-DEBUG] ABSOLUTE FIRST: After conversion, payload type: <class 'dict'>, repr: {'rule_type': 'promotion_test', 'description': 'Test promotion flow.', 'diff': 'Promotion diff.', 'submitted_by': 'tester', 'scope_level': 'project', 'scope_id': '1a5077b5-8a87-4cad-8afb-e4ada175302c', 'reason_for_change': 'Testing promotion.', 'references': 'Test reference.'}
WARNING  rule_proposals:rule_proposals.py:248 [SCOPE-DEBUG] ABSOLUTE FIRST: payload.get('project'): None, payload.get('team'): None
WARNING  rule_proposals:rule_proposals.py:249 [SCOPE-DEBUG] ABSOLUTE FIRST: Incoming payload: {'rule_type': 'promotion_test', 'description': 'Test promotion flow.', 'diff': 'Promotion diff.', 'submitted_by': 'tester', 'scope_level': 'project', 'scope_id': '1a5077b5-8a87-4cad-8afb-e4ada175302c', 'reason_for_change': 'Testing promotion.', 'references': 'Test reference.'}
WARNING  rule_proposals:rule_proposals.py:250 [SCOPE-DEBUG] ABSOLUTE FIRST: scope_level=project, project=None, team=None, scope_id=1a5077b5-8a87-4cad-8afb-e4ada175302c
WARNING  rule_proposals:rule_proposals.py:281 [SCOPE-DEBUG] After resolution: scope_id=1a5077b5-8a87-4cad-8afb-e4ada175302c, payload['scope_id']=1a5077b5-8a87-4cad-8afb-e4ada175302c
WARNING  rule_proposals:rule_proposals.py:293 [CONFLICT-DEBUG] Checking for conflicts: rule_type=promotion_test, diff=Promotion diff., scope_level=project, scope_id=1a5077b5-8a87-4cad-8afb-e4ada175302c
WARNING  rule_proposals:rule_proposals.py:333 [MDC-VALIDATION] is_valid=False, error_msg='diff' should start with '# Rule:' (MDC format)., diff=Promotion diff.
ERROR    rule_proposals:rule_proposals.py:335 [422-RAISE] MDC diff format invalid: 'diff' should start with '# Rule:' (MDC format)., payload={'rule_type': 'promotion_test', 'description': 'Test promotion flow.', 'diff': 'Promotion diff.', 'submitted_by': 'tester', 'scope_level': 'project', 'scope_id': '1a5077b5-8a87-4cad-8afb-e4ada175302c', 'reason_for_change': 'Testing promotion.', 'references': 'Test reference.'}
INFO     httpx:_client.py:1025 HTTP Request: POST http://testserver/propose-rule-change "HTTP/1.1 422 Unprocessable Entity"
--------------------------- Captured stderr teardown ---------------------------
INFO:pytest-session:[fixture:clean_db:yielded] rules table columns: ['id', 'rule_type', 'description', 'diff', 'status', 'submitted_by', 'added_by', 'project', 'timestamp', 'version', 'categories', 'tags', 'examples', 'applies_to', 'applies_to_rationale', 'user_story', 'scope_level', 'scope_id', 'parent_rule_id', 'superseded_by']
---------------------------- Captured log teardown -----------------------------
INFO     pytest-session:conftest.py:46 [fixture:clean_db:yielded] rules table columns: ['id', 'rule_type', 'description', 'diff', 'status', 'submitted_by', 'added_by', 'project', 'timestamp', 'version', 'categories', 'tags', 'examples', 'applies_to', 'applies_to_rationale', 'user_story', 'scope_level', 'scope_id', 'parent_rule_id', 'superseded_by']
_________________________ test_rule_conflict_detection _________________________
tests/test_rule_conflicts.py:56: in test_rule_conflict_detection
    assert response1.status_code == 200
E   assert 422 == 200
E    +  where 422 = <Response [422 Unprocessable Entity]>.status_code
---------------------------- Captured stdout setup -----------------------------
[DEBUG-get_db] ENVIRONMENT=test, POSTGRES_HOST=test-db
[DEBUG-get_db] ENVIRONMENT=test, POSTGRES_HOST=test-db
[TEST DEBUG] Created test project: project_id=d3f33433-8c92-4049-ad74-d7f51e493575, token=YxaiGhdXOsrOpATqkgf1GDriSjLOyAv0e4EAbC3V27k
---------------------------- Captured stderr setup -----------------------------
INFO:pytest-session:[test_end: test_rule_patch_endpoint] rules table columns: ['id', 'rule_type', 'description', 'diff', 'status', 'submitted_by', 'added_by', 'project', 'timestamp', 'version', 'categories', 'tags', 'examples', 'applies_to', 'applies_to_rationale', 'user_story', 'scope_level', 'scope_id', 'parent_rule_id', 'superseded_by']
INFO:pytest-session:[test_start: test_rule_conflict_detection] rules table columns: ['id', 'rule_type', 'description', 'diff', 'status', 'submitted_by', 'added_by', 'project', 'timestamp', 'version', 'categories', 'tags', 'examples', 'applies_to', 'applies_to_rationale', 'user_story', 'scope_level', 'scope_id', 'parent_rule_id', 'superseded_by']
INFO:pytest-session:[fixture:clean_db:before] rules table columns: ['id', 'rule_type', 'description', 'diff', 'status', 'submitted_by', 'added_by', 'project', 'timestamp', 'version', 'categories', 'tags', 'examples', 'applies_to', 'applies_to_rationale', 'user_story', 'scope_level', 'scope_id', 'parent_rule_id', 'superseded_by']
INFO:pytest-session:[fixture:clean_db:after] rules table columns: ['id', 'rule_type', 'description', 'diff', 'status', 'submitted_by', 'added_by', 'project', 'timestamp', 'version', 'categories', 'tags', 'examples', 'applies_to', 'applies_to_rationale', 'user_story', 'scope_level', 'scope_id', 'parent_rule_id', 'superseded_by']
INFO:pytest-session:[fixture:test_project:before] rules table columns: ['id', 'rule_type', 'description', 'diff', 'status', 'submitted_by', 'added_by', 'project', 'timestamp', 'version', 'categories', 'tags', 'examples', 'applies_to', 'applies_to_rationale', 'user_story', 'scope_level', 'scope_id', 'parent_rule_id', 'superseded_by']
INFO:httpx:HTTP Request: POST http://testserver/onboarding/init "HTTP/1.1 200 OK"
INFO:pytest-session:[fixture:test_project:after] rules table columns: ['id', 'rule_type', 'description', 'diff', 'status', 'submitted_by', 'added_by', 'project', 'timestamp', 'version', 'categories', 'tags', 'examples', 'applies_to', 'applies_to_rationale', 'user_story', 'scope_level', 'scope_id', 'parent_rule_id', 'superseded_by']
------------------------------ Captured log setup ------------------------------
INFO     pytest-session:conftest.py:46 [fixture:clean_db:before] rules table columns: ['id', 'rule_type', 'description', 'diff', 'status', 'submitted_by', 'added_by', 'project', 'timestamp', 'version', 'categories', 'tags', 'examples', 'applies_to', 'applies_to_rationale', 'user_story', 'scope_level', 'scope_id', 'parent_rule_id', 'superseded_by']
INFO     pytest-session:conftest.py:46 [fixture:clean_db:after] rules table columns: ['id', 'rule_type', 'description', 'diff', 'status', 'submitted_by', 'added_by', 'project', 'timestamp', 'version', 'categories', 'tags', 'examples', 'applies_to', 'applies_to_rationale', 'user_story', 'scope_level', 'scope_id', 'parent_rule_id', 'superseded_by']
INFO     pytest-session:conftest.py:46 [fixture:test_project:before] rules table columns: ['id', 'rule_type', 'description', 'diff', 'status', 'submitted_by', 'added_by', 'project', 'timestamp', 'version', 'categories', 'tags', 'examples', 'applies_to', 'applies_to_rationale', 'user_story', 'scope_level', 'scope_id', 'parent_rule_id', 'superseded_by']
INFO     httpx:_client.py:1025 HTTP Request: POST http://testserver/onboarding/init "HTTP/1.1 200 OK"
INFO     pytest-session:conftest.py:46 [fixture:test_project:after] rules table columns: ['id', 'rule_type', 'description', 'diff', 'status', 'submitted_by', 'added_by', 'project', 'timestamp', 'version', 'categories', 'tags', 'examples', 'applies_to', 'applies_to_rationale', 'user_story', 'scope_level', 'scope_id', 'parent_rule_id', 'superseded_by']
----------------------------- Captured stdout call -----------------------------
[DEBUG-get_db] ENVIRONMENT=test, POSTGRES_HOST=test-db
RESPONSE BODY: {"detail":"scope_id must be a valid UUID after resolution."}
----------------------------- Captured stderr call -----------------------------
WARNING:rule_proposals:[DEBUG] Incoming /propose-rule-change payload: {'rule_type': 'conflict_test', 'description': 'Test rule 1', 'diff': 'Pattern: def test_function():\nMessage: Test message 1\nSeverity: warning', 'submitted_by': 'tester', 'categories': ['test'], 'tags': ['conflict'], 'examples': ['Example 1'], 'applies_to': ['python'], 'applies_to_rationale': 'For Python code', 'user_story': 'Test user story', 'reason_for_change': 'Testing conflict flow.', 'references': 'Test reference.'}
WARNING:rule_proposals:[SCOPE-DEBUG] ABSOLUTE FIRST: Incoming payload type: <class 'dict'>, repr: {'rule_type': 'conflict_test', 'description': 'Test rule 1', 'diff': 'Pattern: def test_function():\nMessage: Test message 1\nSeverity: warning', 'submitted_by': 'tester', 'categories': ['test'], 'tags': ['conflict'], 'examples': ['Example 1'], 'applies_to': ['python'], 'applies_to_rationale': 'For Python code', 'user_story': 'Test user story', 'reason_for_change': 'Testing conflict flow.', 'references': 'Test reference.'}
WARNING:rule_proposals:[SCOPE-DEBUG] ABSOLUTE FIRST: After conversion, payload type: <class 'dict'>, repr: {'rule_type': 'conflict_test', 'description': 'Test rule 1', 'diff': 'Pattern: def test_function():\nMessage: Test message 1\nSeverity: warning', 'submitted_by': 'tester', 'categories': ['test'], 'tags': ['conflict'], 'examples': ['Example 1'], 'applies_to': ['python'], 'applies_to_rationale': 'For Python code', 'user_story': 'Test user story', 'reason_for_change': 'Testing conflict flow.', 'references': 'Test reference.'}
WARNING:rule_proposals:[SCOPE-DEBUG] ABSOLUTE FIRST: payload.get('project'): None, payload.get('team'): None
WARNING:rule_proposals:[SCOPE-DEBUG] ABSOLUTE FIRST: Incoming payload: {'rule_type': 'conflict_test', 'description': 'Test rule 1', 'diff': 'Pattern: def test_function():\nMessage: Test message 1\nSeverity: warning', 'submitted_by': 'tester', 'categories': ['test'], 'tags': ['conflict'], 'examples': ['Example 1'], 'applies_to': ['python'], 'applies_to_rationale': 'For Python code', 'user_story': 'Test user story', 'reason_for_change': 'Testing conflict flow.', 'references': 'Test reference.'}
WARNING:rule_proposals:[SCOPE-DEBUG] ABSOLUTE FIRST: scope_level=None, project=None, team=None, scope_id=None
WARNING:rule_proposals:[SCOPE-DEBUG] After resolution: scope_id=None, payload['scope_id']=None
ERROR:rule_proposals:[422-RAISE] scope_id is not a valid UUID after resolution: None, payload={'rule_type': 'conflict_test', 'description': 'Test rule 1', 'diff': 'Pattern: def test_function():\nMessage: Test message 1\nSeverity: warning', 'submitted_by': 'tester', 'categories': ['test'], 'tags': ['conflict'], 'examples': ['Example 1'], 'applies_to': ['python'], 'applies_to_rationale': 'For Python code', 'user_story': 'Test user story', 'reason_for_change': 'Testing conflict flow.', 'references': 'Test reference.'}
INFO:httpx:HTTP Request: POST http://testserver/propose-rule-change "HTTP/1.1 422 Unprocessable Entity"
------------------------------ Captured log call -------------------------------
WARNING  rule_proposals:rule_proposals.py:230 [DEBUG] Incoming /propose-rule-change payload: {'rule_type': 'conflict_test', 'description': 'Test rule 1', 'diff': 'Pattern: def test_function():\nMessage: Test message 1\nSeverity: warning', 'submitted_by': 'tester', 'categories': ['test'], 'tags': ['conflict'], 'examples': ['Example 1'], 'applies_to': ['python'], 'applies_to_rationale': 'For Python code', 'user_story': 'Test user story', 'reason_for_change': 'Testing conflict flow.', 'references': 'Test reference.'}
WARNING  rule_proposals:rule_proposals.py:235 [SCOPE-DEBUG] ABSOLUTE FIRST: Incoming payload type: <class 'dict'>, repr: {'rule_type': 'conflict_test', 'description': 'Test rule 1', 'diff': 'Pattern: def test_function():\nMessage: Test message 1\nSeverity: warning', 'submitted_by': 'tester', 'categories': ['test'], 'tags': ['conflict'], 'examples': ['Example 1'], 'applies_to': ['python'], 'applies_to_rationale': 'For Python code', 'user_story': 'Test user story', 'reason_for_change': 'Testing conflict flow.', 'references': 'Test reference.'}
WARNING  rule_proposals:rule_proposals.py:247 [SCOPE-DEBUG] ABSOLUTE FIRST: After conversion, payload type: <class 'dict'>, repr: {'rule_type': 'conflict_test', 'description': 'Test rule 1', 'diff': 'Pattern: def test_function():\nMessage: Test message 1\nSeverity: warning', 'submitted_by': 'tester', 'categories': ['test'], 'tags': ['conflict'], 'examples': ['Example 1'], 'applies_to': ['python'], 'applies_to_rationale': 'For Python code', 'user_story': 'Test user story', 'reason_for_change': 'Testing conflict flow.', 'references': 'Test reference.'}
WARNING  rule_proposals:rule_proposals.py:248 [SCOPE-DEBUG] ABSOLUTE FIRST: payload.get('project'): None, payload.get('team'): None
WARNING  rule_proposals:rule_proposals.py:249 [SCOPE-DEBUG] ABSOLUTE FIRST: Incoming payload: {'rule_type': 'conflict_test', 'description': 'Test rule 1', 'diff': 'Pattern: def test_function():\nMessage: Test message 1\nSeverity: warning', 'submitted_by': 'tester', 'categories': ['test'], 'tags': ['conflict'], 'examples': ['Example 1'], 'applies_to': ['python'], 'applies_to_rationale': 'For Python code', 'user_story': 'Test user story', 'reason_for_change': 'Testing conflict flow.', 'references': 'Test reference.'}
WARNING  rule_proposals:rule_proposals.py:250 [SCOPE-DEBUG] ABSOLUTE FIRST: scope_level=None, project=None, team=None, scope_id=None
WARNING  rule_proposals:rule_proposals.py:281 [SCOPE-DEBUG] After resolution: scope_id=None, payload['scope_id']=None
ERROR    rule_proposals:rule_proposals.py:290 [422-RAISE] scope_id is not a valid UUID after resolution: None, payload={'rule_type': 'conflict_test', 'description': 'Test rule 1', 'diff': 'Pattern: def test_function():\nMessage: Test message 1\nSeverity: warning', 'submitted_by': 'tester', 'categories': ['test'], 'tags': ['conflict'], 'examples': ['Example 1'], 'applies_to': ['python'], 'applies_to_rationale': 'For Python code', 'user_story': 'Test user story', 'reason_for_change': 'Testing conflict flow.', 'references': 'Test reference.'}
INFO     httpx:_client.py:1025 HTTP Request: POST http://testserver/propose-rule-change "HTTP/1.1 422 Unprocessable Entity"
--------------------------- Captured stderr teardown ---------------------------
INFO:pytest-session:[fixture:clean_db:yielded] rules table columns: ['id', 'rule_type', 'description', 'diff', 'status', 'submitted_by', 'added_by', 'project', 'timestamp', 'version', 'categories', 'tags', 'examples', 'applies_to', 'applies_to_rationale', 'user_story', 'scope_level', 'scope_id', 'parent_rule_id', 'superseded_by']
---------------------------- Captured log teardown -----------------------------
INFO     pytest-session:conftest.py:46 [fixture:clean_db:yielded] rules table columns: ['id', 'rule_type', 'description', 'diff', 'status', 'submitted_by', 'added_by', 'project', 'timestamp', 'version', 'categories', 'tags', 'examples', 'applies_to', 'applies_to_rationale', 'user_story', 'scope_level', 'scope_id', 'parent_rule_id', 'superseded_by']
_________________________ test_rule_enforcement_in_ci __________________________
tests/test_rule_conflicts.py:179: in test_rule_enforcement_in_ci
    assert response.status_code == 200
E   assert 422 == 200
E    +  where 422 = <Response [422 Unprocessable Entity]>.status_code
---------------------------- Captured stdout setup -----------------------------
[DEBUG-get_db] ENVIRONMENT=test, POSTGRES_HOST=test-db
[DEBUG-get_db] ENVIRONMENT=test, POSTGRES_HOST=test-db
[TEST DEBUG] Created test project: project_id=746a2e68-a234-433a-8f0d-8261ce4aa1c3, token=4pM-899BLyjXv_mJ-cuHznCyXNjI4tXZmuiK2U9BtMs
---------------------------- Captured stderr setup -----------------------------
INFO:pytest-session:[test_end: test_rule_scope_conflicts] rules table columns: ['id', 'rule_type', 'description', 'diff', 'status', 'submitted_by', 'added_by', 'project', 'timestamp', 'version', 'categories', 'tags', 'examples', 'applies_to', 'applies_to_rationale', 'user_story', 'scope_level', 'scope_id', 'parent_rule_id', 'superseded_by']
INFO:pytest-session:[test_start: test_rule_enforcement_in_ci] rules table columns: ['id', 'rule_type', 'description', 'diff', 'status', 'submitted_by', 'added_by', 'project', 'timestamp', 'version', 'categories', 'tags', 'examples', 'applies_to', 'applies_to_rationale', 'user_story', 'scope_level', 'scope_id', 'parent_rule_id', 'superseded_by']
INFO:pytest-session:[fixture:clean_db:before] rules table columns: ['id', 'rule_type', 'description', 'diff', 'status', 'submitted_by', 'added_by', 'project', 'timestamp', 'version', 'categories', 'tags', 'examples', 'applies_to', 'applies_to_rationale', 'user_story', 'scope_level', 'scope_id', 'parent_rule_id', 'superseded_by']
INFO:pytest-session:[fixture:clean_db:after] rules table columns: ['id', 'rule_type', 'description', 'diff', 'status', 'submitted_by', 'added_by', 'project', 'timestamp', 'version', 'categories', 'tags', 'examples', 'applies_to', 'applies_to_rationale', 'user_story', 'scope_level', 'scope_id', 'parent_rule_id', 'superseded_by']
INFO:pytest-session:[fixture:test_project:before] rules table columns: ['id', 'rule_type', 'description', 'diff', 'status', 'submitted_by', 'added_by', 'project', 'timestamp', 'version', 'categories', 'tags', 'examples', 'applies_to', 'applies_to_rationale', 'user_story', 'scope_level', 'scope_id', 'parent_rule_id', 'superseded_by']
INFO:httpx:HTTP Request: POST http://testserver/onboarding/init "HTTP/1.1 200 OK"
INFO:pytest-session:[fixture:test_project:after] rules table columns: ['id', 'rule_type', 'description', 'diff', 'status', 'submitted_by', 'added_by', 'project', 'timestamp', 'version', 'categories', 'tags', 'examples', 'applies_to', 'applies_to_rationale', 'user_story', 'scope_level', 'scope_id', 'parent_rule_id', 'superseded_by']
------------------------------ Captured log setup ------------------------------
INFO     pytest-session:conftest.py:46 [fixture:clean_db:before] rules table columns: ['id', 'rule_type', 'description', 'diff', 'status', 'submitted_by', 'added_by', 'project', 'timestamp', 'version', 'categories', 'tags', 'examples', 'applies_to', 'applies_to_rationale', 'user_story', 'scope_level', 'scope_id', 'parent_rule_id', 'superseded_by']
INFO     pytest-session:conftest.py:46 [fixture:clean_db:after] rules table columns: ['id', 'rule_type', 'description', 'diff', 'status', 'submitted_by', 'added_by', 'project', 'timestamp', 'version', 'categories', 'tags', 'examples', 'applies_to', 'applies_to_rationale', 'user_story', 'scope_level', 'scope_id', 'parent_rule_id', 'superseded_by']
INFO     pytest-session:conftest.py:46 [fixture:test_project:before] rules table columns: ['id', 'rule_type', 'description', 'diff', 'status', 'submitted_by', 'added_by', 'project', 'timestamp', 'version', 'categories', 'tags', 'examples', 'applies_to', 'applies_to_rationale', 'user_story', 'scope_level', 'scope_id', 'parent_rule_id', 'superseded_by']
INFO     httpx:_client.py:1025 HTTP Request: POST http://testserver/onboarding/init "HTTP/1.1 200 OK"
INFO     pytest-session:conftest.py:46 [fixture:test_project:after] rules table columns: ['id', 'rule_type', 'description', 'diff', 'status', 'submitted_by', 'added_by', 'project', 'timestamp', 'version', 'categories', 'tags', 'examples', 'applies_to', 'applies_to_rationale', 'user_story', 'scope_level', 'scope_id', 'parent_rule_id', 'superseded_by']
----------------------------- Captured stdout call -----------------------------
[DEBUG-get_db] ENVIRONMENT=test, POSTGRES_HOST=test-db
----------------------------- Captured stderr call -----------------------------
WARNING:rule_proposals:[DEBUG] Incoming /propose-rule-change payload: {'rule_type': 'test_ci_enforcement', 'description': 'CI enforcement test', 'diff': '# Rule: test_ci_enforcement\n## Description\nTest rule for CI enforcement.\n## Enforcement\nThis rule must be enforced in CI.', 'submitted_by': 'tester', 'categories': ['test'], 'tags': ['ci'], 'examples': ['Example 1'], 'applies_to': ['python'], 'applies_to_rationale': 'For Python code', 'user_story': 'Test user story', 'reason_for_change': 'Testing CI enforcement flow.', 'references': 'Test reference.'}
WARNING:rule_proposals:[SCOPE-DEBUG] ABSOLUTE FIRST: Incoming payload type: <class 'dict'>, repr: {'rule_type': 'test_ci_enforcement', 'description': 'CI enforcement test', 'diff': '# Rule: test_ci_enforcement\n## Description\nTest rule for CI enforcement.\n## Enforcement\nThis rule must be enforced in CI.', 'submitted_by': 'tester', 'categories': ['test'], 'tags': ['ci'], 'examples': ['Example 1'], 'applies_to': ['python'], 'applies_to_rationale': 'For Python code', 'user_story': 'Test user story', 'reason_for_change': 'Testing CI enforcement flow.', 'references': 'Test reference.'}
WARNING:rule_proposals:[SCOPE-DEBUG] ABSOLUTE FIRST: After conversion, payload type: <class 'dict'>, repr: {'rule_type': 'test_ci_enforcement', 'description': 'CI enforcement test', 'diff': '# Rule: test_ci_enforcement\n## Description\nTest rule for CI enforcement.\n## Enforcement\nThis rule must be enforced in CI.', 'submitted_by': 'tester', 'categories': ['test'], 'tags': ['ci'], 'examples': ['Example 1'], 'applies_to': ['python'], 'applies_to_rationale': 'For Python code', 'user_story': 'Test user story', 'reason_for_change': 'Testing CI enforcement flow.', 'references': 'Test reference.'}
WARNING:rule_proposals:[SCOPE-DEBUG] ABSOLUTE FIRST: payload.get('project'): None, payload.get('team'): None
WARNING:rule_proposals:[SCOPE-DEBUG] ABSOLUTE FIRST: Incoming payload: {'rule_type': 'test_ci_enforcement', 'description': 'CI enforcement test', 'diff': '# Rule: test_ci_enforcement\n## Description\nTest rule for CI enforcement.\n## Enforcement\nThis rule must be enforced in CI.', 'submitted_by': 'tester', 'categories': ['test'], 'tags': ['ci'], 'examples': ['Example 1'], 'applies_to': ['python'], 'applies_to_rationale': 'For Python code', 'user_story': 'Test user story', 'reason_for_change': 'Testing CI enforcement flow.', 'references': 'Test reference.'}
WARNING:rule_proposals:[SCOPE-DEBUG] ABSOLUTE FIRST: scope_level=None, project=None, team=None, scope_id=None
WARNING:rule_proposals:[SCOPE-DEBUG] After resolution: scope_id=None, payload['scope_id']=None
ERROR:rule_proposals:[422-RAISE] scope_id is not a valid UUID after resolution: None, payload={'rule_type': 'test_ci_enforcement', 'description': 'CI enforcement test', 'diff': '# Rule: test_ci_enforcement\n## Description\nTest rule for CI enforcement.\n## Enforcement\nThis rule must be enforced in CI.', 'submitted_by': 'tester', 'categories': ['test'], 'tags': ['ci'], 'examples': ['Example 1'], 'applies_to': ['python'], 'applies_to_rationale': 'For Python code', 'user_story': 'Test user story', 'reason_for_change': 'Testing CI enforcement flow.', 'references': 'Test reference.'}
INFO:httpx:HTTP Request: POST http://testserver/propose-rule-change "HTTP/1.1 422 Unprocessable Entity"
------------------------------ Captured log call -------------------------------
WARNING  rule_proposals:rule_proposals.py:230 [DEBUG] Incoming /propose-rule-change payload: {'rule_type': 'test_ci_enforcement', 'description': 'CI enforcement test', 'diff': '# Rule: test_ci_enforcement\n## Description\nTest rule for CI enforcement.\n## Enforcement\nThis rule must be enforced in CI.', 'submitted_by': 'tester', 'categories': ['test'], 'tags': ['ci'], 'examples': ['Example 1'], 'applies_to': ['python'], 'applies_to_rationale': 'For Python code', 'user_story': 'Test user story', 'reason_for_change': 'Testing CI enforcement flow.', 'references': 'Test reference.'}
WARNING  rule_proposals:rule_proposals.py:235 [SCOPE-DEBUG] ABSOLUTE FIRST: Incoming payload type: <class 'dict'>, repr: {'rule_type': 'test_ci_enforcement', 'description': 'CI enforcement test', 'diff': '# Rule: test_ci_enforcement\n## Description\nTest rule for CI enforcement.\n## Enforcement\nThis rule must be enforced in CI.', 'submitted_by': 'tester', 'categories': ['test'], 'tags': ['ci'], 'examples': ['Example 1'], 'applies_to': ['python'], 'applies_to_rationale': 'For Python code', 'user_story': 'Test user story', 'reason_for_change': 'Testing CI enforcement flow.', 'references': 'Test reference.'}
WARNING  rule_proposals:rule_proposals.py:247 [SCOPE-DEBUG] ABSOLUTE FIRST: After conversion, payload type: <class 'dict'>, repr: {'rule_type': 'test_ci_enforcement', 'description': 'CI enforcement test', 'diff': '# Rule: test_ci_enforcement\n## Description\nTest rule for CI enforcement.\n## Enforcement\nThis rule must be enforced in CI.', 'submitted_by': 'tester', 'categories': ['test'], 'tags': ['ci'], 'examples': ['Example 1'], 'applies_to': ['python'], 'applies_to_rationale': 'For Python code', 'user_story': 'Test user story', 'reason_for_change': 'Testing CI enforcement flow.', 'references': 'Test reference.'}
WARNING  rule_proposals:rule_proposals.py:248 [SCOPE-DEBUG] ABSOLUTE FIRST: payload.get('project'): None, payload.get('team'): None
WARNING  rule_proposals:rule_proposals.py:249 [SCOPE-DEBUG] ABSOLUTE FIRST: Incoming payload: {'rule_type': 'test_ci_enforcement', 'description': 'CI enforcement test', 'diff': '# Rule: test_ci_enforcement\n## Description\nTest rule for CI enforcement.\n## Enforcement\nThis rule must be enforced in CI.', 'submitted_by': 'tester', 'categories': ['test'], 'tags': ['ci'], 'examples': ['Example 1'], 'applies_to': ['python'], 'applies_to_rationale': 'For Python code', 'user_story': 'Test user story', 'reason_for_change': 'Testing CI enforcement flow.', 'references': 'Test reference.'}
WARNING  rule_proposals:rule_proposals.py:250 [SCOPE-DEBUG] ABSOLUTE FIRST: scope_level=None, project=None, team=None, scope_id=None
WARNING  rule_proposals:rule_proposals.py:281 [SCOPE-DEBUG] After resolution: scope_id=None, payload['scope_id']=None
ERROR    rule_proposals:rule_proposals.py:290 [422-RAISE] scope_id is not a valid UUID after resolution: None, payload={'rule_type': 'test_ci_enforcement', 'description': 'CI enforcement test', 'diff': '# Rule: test_ci_enforcement\n## Description\nTest rule for CI enforcement.\n## Enforcement\nThis rule must be enforced in CI.', 'submitted_by': 'tester', 'categories': ['test'], 'tags': ['ci'], 'examples': ['Example 1'], 'applies_to': ['python'], 'applies_to_rationale': 'For Python code', 'user_story': 'Test user story', 'reason_for_change': 'Testing CI enforcement flow.', 'references': 'Test reference.'}
INFO     httpx:_client.py:1025 HTTP Request: POST http://testserver/propose-rule-change "HTTP/1.1 422 Unprocessable Entity"
--------------------------- Captured stderr teardown ---------------------------
INFO:pytest-session:[fixture:clean_db:yielded] rules table columns: ['id', 'rule_type', 'description', 'diff', 'status', 'submitted_by', 'added_by', 'project', 'timestamp', 'version', 'categories', 'tags', 'examples', 'applies_to', 'applies_to_rationale', 'user_story', 'scope_level', 'scope_id', 'parent_rule_id', 'superseded_by']
---------------------------- Captured log teardown -----------------------------
INFO     pytest-session:conftest.py:46 [fixture:clean_db:yielded] rules table columns: ['id', 'rule_type', 'description', 'diff', 'status', 'submitted_by', 'added_by', 'project', 'timestamp', 'version', 'categories', 'tags', 'examples', 'applies_to', 'applies_to_rationale', 'user_story', 'scope_level', 'scope_id', 'parent_rule_id', 'superseded_by']
________________________ test_rule_violation_reporting _________________________
tests/test_rule_conflicts.py:228: in test_rule_violation_reporting
    assert response.status_code == 200
E   assert 422 == 200
E    +  where 422 = <Response [422 Unprocessable Entity]>.status_code
---------------------------- Captured stdout setup -----------------------------
[DEBUG-get_db] ENVIRONMENT=test, POSTGRES_HOST=test-db
[DEBUG-get_db] ENVIRONMENT=test, POSTGRES_HOST=test-db
[TEST DEBUG] Created test project: project_id=5c73500c-50cc-4143-b7bb-c0f363caf130, token=2Hic7ogLBuqZ4U1oPxEHFSLbYnYAzVDmuJzij-vt_u0
---------------------------- Captured stderr setup -----------------------------
INFO:pytest-session:[test_end: test_rule_enforcement_in_ci] rules table columns: ['id', 'rule_type', 'description', 'diff', 'status', 'submitted_by', 'added_by', 'project', 'timestamp', 'version', 'categories', 'tags', 'examples', 'applies_to', 'applies_to_rationale', 'user_story', 'scope_level', 'scope_id', 'parent_rule_id', 'superseded_by']
INFO:pytest-session:[test_start: test_rule_violation_reporting] rules table columns: ['id', 'rule_type', 'description', 'diff', 'status', 'submitted_by', 'added_by', 'project', 'timestamp', 'version', 'categories', 'tags', 'examples', 'applies_to', 'applies_to_rationale', 'user_story', 'scope_level', 'scope_id', 'parent_rule_id', 'superseded_by']
INFO:pytest-session:[fixture:clean_db:before] rules table columns: ['id', 'rule_type', 'description', 'diff', 'status', 'submitted_by', 'added_by', 'project', 'timestamp', 'version', 'categories', 'tags', 'examples', 'applies_to', 'applies_to_rationale', 'user_story', 'scope_level', 'scope_id', 'parent_rule_id', 'superseded_by']
INFO:pytest-session:[fixture:clean_db:after] rules table columns: ['id', 'rule_type', 'description', 'diff', 'status', 'submitted_by', 'added_by', 'project', 'timestamp', 'version', 'categories', 'tags', 'examples', 'applies_to', 'applies_to_rationale', 'user_story', 'scope_level', 'scope_id', 'parent_rule_id', 'superseded_by']
INFO:pytest-session:[fixture:test_project:before] rules table columns: ['id', 'rule_type', 'description', 'diff', 'status', 'submitted_by', 'added_by', 'project', 'timestamp', 'version', 'categories', 'tags', 'examples', 'applies_to', 'applies_to_rationale', 'user_story', 'scope_level', 'scope_id', 'parent_rule_id', 'superseded_by']
INFO:httpx:HTTP Request: POST http://testserver/onboarding/init "HTTP/1.1 200 OK"
INFO:pytest-session:[fixture:test_project:after] rules table columns: ['id', 'rule_type', 'description', 'diff', 'status', 'submitted_by', 'added_by', 'project', 'timestamp', 'version', 'categories', 'tags', 'examples', 'applies_to', 'applies_to_rationale', 'user_story', 'scope_level', 'scope_id', 'parent_rule_id', 'superseded_by']
------------------------------ Captured log setup ------------------------------
INFO     pytest-session:conftest.py:46 [fixture:clean_db:before] rules table columns: ['id', 'rule_type', 'description', 'diff', 'status', 'submitted_by', 'added_by', 'project', 'timestamp', 'version', 'categories', 'tags', 'examples', 'applies_to', 'applies_to_rationale', 'user_story', 'scope_level', 'scope_id', 'parent_rule_id', 'superseded_by']
INFO     pytest-session:conftest.py:46 [fixture:clean_db:after] rules table columns: ['id', 'rule_type', 'description', 'diff', 'status', 'submitted_by', 'added_by', 'project', 'timestamp', 'version', 'categories', 'tags', 'examples', 'applies_to', 'applies_to_rationale', 'user_story', 'scope_level', 'scope_id', 'parent_rule_id', 'superseded_by']
INFO     pytest-session:conftest.py:46 [fixture:test_project:before] rules table columns: ['id', 'rule_type', 'description', 'diff', 'status', 'submitted_by', 'added_by', 'project', 'timestamp', 'version', 'categories', 'tags', 'examples', 'applies_to', 'applies_to_rationale', 'user_story', 'scope_level', 'scope_id', 'parent_rule_id', 'superseded_by']
INFO     httpx:_client.py:1025 HTTP Request: POST http://testserver/onboarding/init "HTTP/1.1 200 OK"
INFO     pytest-session:conftest.py:46 [fixture:test_project:after] rules table columns: ['id', 'rule_type', 'description', 'diff', 'status', 'submitted_by', 'added_by', 'project', 'timestamp', 'version', 'categories', 'tags', 'examples', 'applies_to', 'applies_to_rationale', 'user_story', 'scope_level', 'scope_id', 'parent_rule_id', 'superseded_by']
----------------------------- Captured stdout call -----------------------------
[DEBUG-get_db] ENVIRONMENT=test, POSTGRES_HOST=test-db
----------------------------- Captured stderr call -----------------------------
WARNING:rule_proposals:[DEBUG] Incoming /propose-rule-change payload: {'rule_type': 'test_violation_reporting', 'description': 'Violation reporting test', 'diff': '# Rule: test_violation_reporting\n## Description\nTest rule for violation reporting.\n## Enforcement\nThis rule must be reported when violated.', 'submitted_by': 'tester', 'categories': ['test'], 'tags': ['reporting'], 'examples': ['Example 1'], 'applies_to': ['python'], 'applies_to_rationale': 'For Python code', 'user_story': 'Test user story', 'reason_for_change': 'Testing violation reporting flow.', 'references': 'Test reference.'}
WARNING:rule_proposals:[SCOPE-DEBUG] ABSOLUTE FIRST: Incoming payload type: <class 'dict'>, repr: {'rule_type': 'test_violation_reporting', 'description': 'Violation reporting test', 'diff': '# Rule: test_violation_reporting\n## Description\nTest rule for violation reporting.\n## Enforcement\nThis rule must be reported when violated.', 'submitted_by': 'tester', 'categories': ['test'], 'tags': ['reporting'], 'examples': ['Example 1'], 'applies_to': ['python'], 'applies_to_rationale': 'For Python code', 'user_story': 'Test user story', 'reason_for_change': 'Testing violation reporting flow.', 'references': 'Test reference.'}
WARNING:rule_proposals:[SCOPE-DEBUG] ABSOLUTE FIRST: After conversion, payload type: <class 'dict'>, repr: {'rule_type': 'test_violation_reporting', 'description': 'Violation reporting test', 'diff': '# Rule: test_violation_reporting\n## Description\nTest rule for violation reporting.\n## Enforcement\nThis rule must be reported when violated.', 'submitted_by': 'tester', 'categories': ['test'], 'tags': ['reporting'], 'examples': ['Example 1'], 'applies_to': ['python'], 'applies_to_rationale': 'For Python code', 'user_story': 'Test user story', 'reason_for_change': 'Testing violation reporting flow.', 'references': 'Test reference.'}
WARNING:rule_proposals:[SCOPE-DEBUG] ABSOLUTE FIRST: payload.get('project'): None, payload.get('team'): None
WARNING:rule_proposals:[SCOPE-DEBUG] ABSOLUTE FIRST: Incoming payload: {'rule_type': 'test_violation_reporting', 'description': 'Violation reporting test', 'diff': '# Rule: test_violation_reporting\n## Description\nTest rule for violation reporting.\n## Enforcement\nThis rule must be reported when violated.', 'submitted_by': 'tester', 'categories': ['test'], 'tags': ['reporting'], 'examples': ['Example 1'], 'applies_to': ['python'], 'applies_to_rationale': 'For Python code', 'user_story': 'Test user story', 'reason_for_change': 'Testing violation reporting flow.', 'references': 'Test reference.'}
WARNING:rule_proposals:[SCOPE-DEBUG] ABSOLUTE FIRST: scope_level=None, project=None, team=None, scope_id=None
WARNING:rule_proposals:[SCOPE-DEBUG] After resolution: scope_id=None, payload['scope_id']=None
ERROR:rule_proposals:[422-RAISE] scope_id is not a valid UUID after resolution: None, payload={'rule_type': 'test_violation_reporting', 'description': 'Violation reporting test', 'diff': '# Rule: test_violation_reporting\n## Description\nTest rule for violation reporting.\n## Enforcement\nThis rule must be reported when violated.', 'submitted_by': 'tester', 'categories': ['test'], 'tags': ['reporting'], 'examples': ['Example 1'], 'applies_to': ['python'], 'applies_to_rationale': 'For Python code', 'user_story': 'Test user story', 'reason_for_change': 'Testing violation reporting flow.', 'references': 'Test reference.'}
INFO:httpx:HTTP Request: POST http://testserver/propose-rule-change "HTTP/1.1 422 Unprocessable Entity"
------------------------------ Captured log call -------------------------------
WARNING  rule_proposals:rule_proposals.py:230 [DEBUG] Incoming /propose-rule-change payload: {'rule_type': 'test_violation_reporting', 'description': 'Violation reporting test', 'diff': '# Rule: test_violation_reporting\n## Description\nTest rule for violation reporting.\n## Enforcement\nThis rule must be reported when violated.', 'submitted_by': 'tester', 'categories': ['test'], 'tags': ['reporting'], 'examples': ['Example 1'], 'applies_to': ['python'], 'applies_to_rationale': 'For Python code', 'user_story': 'Test user story', 'reason_for_change': 'Testing violation reporting flow.', 'references': 'Test reference.'}
WARNING  rule_proposals:rule_proposals.py:235 [SCOPE-DEBUG] ABSOLUTE FIRST: Incoming payload type: <class 'dict'>, repr: {'rule_type': 'test_violation_reporting', 'description': 'Violation reporting test', 'diff': '# Rule: test_violation_reporting\n## Description\nTest rule for violation reporting.\n## Enforcement\nThis rule must be reported when violated.', 'submitted_by': 'tester', 'categories': ['test'], 'tags': ['reporting'], 'examples': ['Example 1'], 'applies_to': ['python'], 'applies_to_rationale': 'For Python code', 'user_story': 'Test user story', 'reason_for_change': 'Testing violation reporting flow.', 'references': 'Test reference.'}
WARNING  rule_proposals:rule_proposals.py:247 [SCOPE-DEBUG] ABSOLUTE FIRST: After conversion, payload type: <class 'dict'>, repr: {'rule_type': 'test_violation_reporting', 'description': 'Violation reporting test', 'diff': '# Rule: test_violation_reporting\n## Description\nTest rule for violation reporting.\n## Enforcement\nThis rule must be reported when violated.', 'submitted_by': 'tester', 'categories': ['test'], 'tags': ['reporting'], 'examples': ['Example 1'], 'applies_to': ['python'], 'applies_to_rationale': 'For Python code', 'user_story': 'Test user story', 'reason_for_change': 'Testing violation reporting flow.', 'references': 'Test reference.'}
WARNING  rule_proposals:rule_proposals.py:248 [SCOPE-DEBUG] ABSOLUTE FIRST: payload.get('project'): None, payload.get('team'): None
WARNING  rule_proposals:rule_proposals.py:249 [SCOPE-DEBUG] ABSOLUTE FIRST: Incoming payload: {'rule_type': 'test_violation_reporting', 'description': 'Violation reporting test', 'diff': '# Rule: test_violation_reporting\n## Description\nTest rule for violation reporting.\n## Enforcement\nThis rule must be reported when violated.', 'submitted_by': 'tester', 'categories': ['test'], 'tags': ['reporting'], 'examples': ['Example 1'], 'applies_to': ['python'], 'applies_to_rationale': 'For Python code', 'user_story': 'Test user story', 'reason_for_change': 'Testing violation reporting flow.', 'references': 'Test reference.'}
WARNING  rule_proposals:rule_proposals.py:250 [SCOPE-DEBUG] ABSOLUTE FIRST: scope_level=None, project=None, team=None, scope_id=None
WARNING  rule_proposals:rule_proposals.py:281 [SCOPE-DEBUG] After resolution: scope_id=None, payload['scope_id']=None
ERROR    rule_proposals:rule_proposals.py:290 [422-RAISE] scope_id is not a valid UUID after resolution: None, payload={'rule_type': 'test_violation_reporting', 'description': 'Violation reporting test', 'diff': '# Rule: test_violation_reporting\n## Description\nTest rule for violation reporting.\n## Enforcement\nThis rule must be reported when violated.', 'submitted_by': 'tester', 'categories': ['test'], 'tags': ['reporting'], 'examples': ['Example 1'], 'applies_to': ['python'], 'applies_to_rationale': 'For Python code', 'user_story': 'Test user story', 'reason_for_change': 'Testing violation reporting flow.', 'references': 'Test reference.'}
INFO     httpx:_client.py:1025 HTTP Request: POST http://testserver/propose-rule-change "HTTP/1.1 422 Unprocessable Entity"
--------------------------- Captured stderr teardown ---------------------------
INFO:pytest-session:[fixture:clean_db:yielded] rules table columns: ['id', 'rule_type', 'description', 'diff', 'status', 'submitted_by', 'added_by', 'project', 'timestamp', 'version', 'categories', 'tags', 'examples', 'applies_to', 'applies_to_rationale', 'user_story', 'scope_level', 'scope_id', 'parent_rule_id', 'superseded_by']
---------------------------- Captured log teardown -----------------------------
INFO     pytest-session:conftest.py:46 [fixture:clean_db:yielded] rules table columns: ['id', 'rule_type', 'description', 'diff', 'status', 'submitted_by', 'added_by', 'project', 'timestamp', 'version', 'categories', 'tags', 'examples', 'applies_to', 'applies_to_rationale', 'user_story', 'scope_level', 'scope_id', 'parent_rule_id', 'superseded_by']
_________________________ test_rule_compliance_report __________________________
tests/test_rule_conflicts.py:288: in test_rule_compliance_report
    assert response.status_code == 200
E   assert 422 == 200
E    +  where 422 = <Response [422 Unprocessable Entity]>.status_code
---------------------------- Captured stdout setup -----------------------------
[DEBUG-get_db] ENVIRONMENT=test, POSTGRES_HOST=test-db
[DEBUG-get_db] ENVIRONMENT=test, POSTGRES_HOST=test-db
[TEST DEBUG] Created test project: project_id=906a6f31-99bf-4390-9127-45833ba0d4c3, token=qGEhi6mqfwyCvfiSXThitLX6sRJO_cy3J_Is16uGwqk
---------------------------- Captured stderr setup -----------------------------
INFO:pytest-session:[test_end: test_rule_violation_reporting] rules table columns: ['id', 'rule_type', 'description', 'diff', 'status', 'submitted_by', 'added_by', 'project', 'timestamp', 'version', 'categories', 'tags', 'examples', 'applies_to', 'applies_to_rationale', 'user_story', 'scope_level', 'scope_id', 'parent_rule_id', 'superseded_by']
INFO:pytest-session:[test_start: test_rule_compliance_report] rules table columns: ['id', 'rule_type', 'description', 'diff', 'status', 'submitted_by', 'added_by', 'project', 'timestamp', 'version', 'categories', 'tags', 'examples', 'applies_to', 'applies_to_rationale', 'user_story', 'scope_level', 'scope_id', 'parent_rule_id', 'superseded_by']
INFO:pytest-session:[fixture:clean_db:before] rules table columns: ['id', 'rule_type', 'description', 'diff', 'status', 'submitted_by', 'added_by', 'project', 'timestamp', 'version', 'categories', 'tags', 'examples', 'applies_to', 'applies_to_rationale', 'user_story', 'scope_level', 'scope_id', 'parent_rule_id', 'superseded_by']
INFO:pytest-session:[fixture:clean_db:after] rules table columns: ['id', 'rule_type', 'description', 'diff', 'status', 'submitted_by', 'added_by', 'project', 'timestamp', 'version', 'categories', 'tags', 'examples', 'applies_to', 'applies_to_rationale', 'user_story', 'scope_level', 'scope_id', 'parent_rule_id', 'superseded_by']
INFO:pytest-session:[fixture:test_project:before] rules table columns: ['id', 'rule_type', 'description', 'diff', 'status', 'submitted_by', 'added_by', 'project', 'timestamp', 'version', 'categories', 'tags', 'examples', 'applies_to', 'applies_to_rationale', 'user_story', 'scope_level', 'scope_id', 'parent_rule_id', 'superseded_by']
INFO:httpx:HTTP Request: POST http://testserver/onboarding/init "HTTP/1.1 200 OK"
INFO:pytest-session:[fixture:test_project:after] rules table columns: ['id', 'rule_type', 'description', 'diff', 'status', 'submitted_by', 'added_by', 'project', 'timestamp', 'version', 'categories', 'tags', 'examples', 'applies_to', 'applies_to_rationale', 'user_story', 'scope_level', 'scope_id', 'parent_rule_id', 'superseded_by']
------------------------------ Captured log setup ------------------------------
INFO     pytest-session:conftest.py:46 [fixture:clean_db:before] rules table columns: ['id', 'rule_type', 'description', 'diff', 'status', 'submitted_by', 'added_by', 'project', 'timestamp', 'version', 'categories', 'tags', 'examples', 'applies_to', 'applies_to_rationale', 'user_story', 'scope_level', 'scope_id', 'parent_rule_id', 'superseded_by']
INFO     pytest-session:conftest.py:46 [fixture:clean_db:after] rules table columns: ['id', 'rule_type', 'description', 'diff', 'status', 'submitted_by', 'added_by', 'project', 'timestamp', 'version', 'categories', 'tags', 'examples', 'applies_to', 'applies_to_rationale', 'user_story', 'scope_level', 'scope_id', 'parent_rule_id', 'superseded_by']
INFO     pytest-session:conftest.py:46 [fixture:test_project:before] rules table columns: ['id', 'rule_type', 'description', 'diff', 'status', 'submitted_by', 'added_by', 'project', 'timestamp', 'version', 'categories', 'tags', 'examples', 'applies_to', 'applies_to_rationale', 'user_story', 'scope_level', 'scope_id', 'parent_rule_id', 'superseded_by']
INFO     httpx:_client.py:1025 HTTP Request: POST http://testserver/onboarding/init "HTTP/1.1 200 OK"
INFO     pytest-session:conftest.py:46 [fixture:test_project:after] rules table columns: ['id', 'rule_type', 'description', 'diff', 'status', 'submitted_by', 'added_by', 'project', 'timestamp', 'version', 'categories', 'tags', 'examples', 'applies_to', 'applies_to_rationale', 'user_story', 'scope_level', 'scope_id', 'parent_rule_id', 'superseded_by']
----------------------------- Captured stdout call -----------------------------
[DEBUG-get_db] ENVIRONMENT=test, POSTGRES_HOST=test-db
----------------------------- Captured stderr call -----------------------------
WARNING:rule_proposals:[DEBUG] Incoming /propose-rule-change payload: {'rule_type': 'test_compliance_0', 'description': 'Compliance test rule 0', 'diff': '# Rule: test_compliance_0\n## Description\nTest rule 0 for compliance reporting.\n## Enforcement\nThis rule must be included in compliance reports.', 'submitted_by': 'tester', 'categories': ['test'], 'tags': ['compliance'], 'applies_to_rationale': 'For Python code', 'user_story': 'Test user story', 'reason_for_change': 'Testing compliance reporting flow.', 'references': 'Test reference.'}
WARNING:rule_proposals:[SCOPE-DEBUG] ABSOLUTE FIRST: Incoming payload type: <class 'dict'>, repr: {'rule_type': 'test_compliance_0', 'description': 'Compliance test rule 0', 'diff': '# Rule: test_compliance_0\n## Description\nTest rule 0 for compliance reporting.\n## Enforcement\nThis rule must be included in compliance reports.', 'submitted_by': 'tester', 'categories': ['test'], 'tags': ['compliance'], 'applies_to_rationale': 'For Python code', 'user_story': 'Test user story', 'reason_for_change': 'Testing compliance reporting flow.', 'references': 'Test reference.'}
WARNING:rule_proposals:[SCOPE-DEBUG] ABSOLUTE FIRST: After conversion, payload type: <class 'dict'>, repr: {'rule_type': 'test_compliance_0', 'description': 'Compliance test rule 0', 'diff': '# Rule: test_compliance_0\n## Description\nTest rule 0 for compliance reporting.\n## Enforcement\nThis rule must be included in compliance reports.', 'submitted_by': 'tester', 'categories': ['test'], 'tags': ['compliance'], 'applies_to_rationale': 'For Python code', 'user_story': 'Test user story', 'reason_for_change': 'Testing compliance reporting flow.', 'references': 'Test reference.'}
WARNING:rule_proposals:[SCOPE-DEBUG] ABSOLUTE FIRST: payload.get('project'): None, payload.get('team'): None
WARNING:rule_proposals:[SCOPE-DEBUG] ABSOLUTE FIRST: Incoming payload: {'rule_type': 'test_compliance_0', 'description': 'Compliance test rule 0', 'diff': '# Rule: test_compliance_0\n## Description\nTest rule 0 for compliance reporting.\n## Enforcement\nThis rule must be included in compliance reports.', 'submitted_by': 'tester', 'categories': ['test'], 'tags': ['compliance'], 'applies_to_rationale': 'For Python code', 'user_story': 'Test user story', 'reason_for_change': 'Testing compliance reporting flow.', 'references': 'Test reference.'}
WARNING:rule_proposals:[SCOPE-DEBUG] ABSOLUTE FIRST: scope_level=None, project=None, team=None, scope_id=None
WARNING:rule_proposals:[SCOPE-DEBUG] After resolution: scope_id=None, payload['scope_id']=None
ERROR:rule_proposals:[422-RAISE] scope_id is not a valid UUID after resolution: None, payload={'rule_type': 'test_compliance_0', 'description': 'Compliance test rule 0', 'diff': '# Rule: test_compliance_0\n## Description\nTest rule 0 for compliance reporting.\n## Enforcement\nThis rule must be included in compliance reports.', 'submitted_by': 'tester', 'categories': ['test'], 'tags': ['compliance'], 'applies_to_rationale': 'For Python code', 'user_story': 'Test user story', 'reason_for_change': 'Testing compliance reporting flow.', 'references': 'Test reference.'}
INFO:httpx:HTTP Request: POST http://testserver/propose-rule-change "HTTP/1.1 422 Unprocessable Entity"
------------------------------ Captured log call -------------------------------
WARNING  rule_proposals:rule_proposals.py:230 [DEBUG] Incoming /propose-rule-change payload: {'rule_type': 'test_compliance_0', 'description': 'Compliance test rule 0', 'diff': '# Rule: test_compliance_0\n## Description\nTest rule 0 for compliance reporting.\n## Enforcement\nThis rule must be included in compliance reports.', 'submitted_by': 'tester', 'categories': ['test'], 'tags': ['compliance'], 'applies_to_rationale': 'For Python code', 'user_story': 'Test user story', 'reason_for_change': 'Testing compliance reporting flow.', 'references': 'Test reference.'}
WARNING  rule_proposals:rule_proposals.py:235 [SCOPE-DEBUG] ABSOLUTE FIRST: Incoming payload type: <class 'dict'>, repr: {'rule_type': 'test_compliance_0', 'description': 'Compliance test rule 0', 'diff': '# Rule: test_compliance_0\n## Description\nTest rule 0 for compliance reporting.\n## Enforcement\nThis rule must be included in compliance reports.', 'submitted_by': 'tester', 'categories': ['test'], 'tags': ['compliance'], 'applies_to_rationale': 'For Python code', 'user_story': 'Test user story', 'reason_for_change': 'Testing compliance reporting flow.', 'references': 'Test reference.'}
WARNING  rule_proposals:rule_proposals.py:247 [SCOPE-DEBUG] ABSOLUTE FIRST: After conversion, payload type: <class 'dict'>, repr: {'rule_type': 'test_compliance_0', 'description': 'Compliance test rule 0', 'diff': '# Rule: test_compliance_0\n## Description\nTest rule 0 for compliance reporting.\n## Enforcement\nThis rule must be included in compliance reports.', 'submitted_by': 'tester', 'categories': ['test'], 'tags': ['compliance'], 'applies_to_rationale': 'For Python code', 'user_story': 'Test user story', 'reason_for_change': 'Testing compliance reporting flow.', 'references': 'Test reference.'}
WARNING  rule_proposals:rule_proposals.py:248 [SCOPE-DEBUG] ABSOLUTE FIRST: payload.get('project'): None, payload.get('team'): None
WARNING  rule_proposals:rule_proposals.py:249 [SCOPE-DEBUG] ABSOLUTE FIRST: Incoming payload: {'rule_type': 'test_compliance_0', 'description': 'Compliance test rule 0', 'diff': '# Rule: test_compliance_0\n## Description\nTest rule 0 for compliance reporting.\n## Enforcement\nThis rule must be included in compliance reports.', 'submitted_by': 'tester', 'categories': ['test'], 'tags': ['compliance'], 'applies_to_rationale': 'For Python code', 'user_story': 'Test user story', 'reason_for_change': 'Testing compliance reporting flow.', 'references': 'Test reference.'}
WARNING  rule_proposals:rule_proposals.py:250 [SCOPE-DEBUG] ABSOLUTE FIRST: scope_level=None, project=None, team=None, scope_id=None
WARNING  rule_proposals:rule_proposals.py:281 [SCOPE-DEBUG] After resolution: scope_id=None, payload['scope_id']=None
ERROR    rule_proposals:rule_proposals.py:290 [422-RAISE] scope_id is not a valid UUID after resolution: None, payload={'rule_type': 'test_compliance_0', 'description': 'Compliance test rule 0', 'diff': '# Rule: test_compliance_0\n## Description\nTest rule 0 for compliance reporting.\n## Enforcement\nThis rule must be included in compliance reports.', 'submitted_by': 'tester', 'categories': ['test'], 'tags': ['compliance'], 'applies_to_rationale': 'For Python code', 'user_story': 'Test user story', 'reason_for_change': 'Testing compliance reporting flow.', 'references': 'Test reference.'}
INFO     httpx:_client.py:1025 HTTP Request: POST http://testserver/propose-rule-change "HTTP/1.1 422 Unprocessable Entity"
--------------------------- Captured stderr teardown ---------------------------
INFO:pytest-session:[fixture:clean_db:yielded] rules table columns: ['id', 'rule_type', 'description', 'diff', 'status', 'submitted_by', 'added_by', 'project', 'timestamp', 'version', 'categories', 'tags', 'examples', 'applies_to', 'applies_to_rationale', 'user_story', 'scope_level', 'scope_id', 'parent_rule_id', 'superseded_by']
---------------------------- Captured log teardown -----------------------------
INFO     pytest-session:conftest.py:46 [fixture:clean_db:yielded] rules table columns: ['id', 'rule_type', 'description', 'diff', 'status', 'submitted_by', 'added_by', 'project', 'timestamp', 'version', 'categories', 'tags', 'examples', 'applies_to', 'applies_to_rationale', 'user_story', 'scope_level', 'scope_id', 'parent_rule_id', 'superseded_by']
_____________________________ test_rule_conflicts ______________________________
tests/test_rule_conflicts.py:347: in test_rule_conflicts
    assert response.status_code == 200
E   assert 422 == 200
E    +  where 422 = <Response [422 Unprocessable Entity]>.status_code
---------------------------- Captured stdout setup -----------------------------
[DEBUG-get_db] ENVIRONMENT=test, POSTGRES_HOST=test-db
[DEBUG-get_db] ENVIRONMENT=test, POSTGRES_HOST=test-db
[TEST DEBUG] Created test project: project_id=93c2aa74-2ec0-47be-86e7-e08b78831f66, token=lz7iRNEPMlSGrQozXsmED7RvfmHNWMM4UDg8JlTSGmE
---------------------------- Captured stderr setup -----------------------------
INFO:pytest-session:[test_end: test_rule_compliance_report] rules table columns: ['id', 'rule_type', 'description', 'diff', 'status', 'submitted_by', 'added_by', 'project', 'timestamp', 'version', 'categories', 'tags', 'examples', 'applies_to', 'applies_to_rationale', 'user_story', 'scope_level', 'scope_id', 'parent_rule_id', 'superseded_by']
INFO:pytest-session:[test_start: test_rule_conflicts] rules table columns: ['id', 'rule_type', 'description', 'diff', 'status', 'submitted_by', 'added_by', 'project', 'timestamp', 'version', 'categories', 'tags', 'examples', 'applies_to', 'applies_to_rationale', 'user_story', 'scope_level', 'scope_id', 'parent_rule_id', 'superseded_by']
INFO:pytest-session:[fixture:clean_db:before] rules table columns: ['id', 'rule_type', 'description', 'diff', 'status', 'submitted_by', 'added_by', 'project', 'timestamp', 'version', 'categories', 'tags', 'examples', 'applies_to', 'applies_to_rationale', 'user_story', 'scope_level', 'scope_id', 'parent_rule_id', 'superseded_by']
INFO:pytest-session:[fixture:clean_db:after] rules table columns: ['id', 'rule_type', 'description', 'diff', 'status', 'submitted_by', 'added_by', 'project', 'timestamp', 'version', 'categories', 'tags', 'examples', 'applies_to', 'applies_to_rationale', 'user_story', 'scope_level', 'scope_id', 'parent_rule_id', 'superseded_by']
INFO:pytest-session:[fixture:test_project:before] rules table columns: ['id', 'rule_type', 'description', 'diff', 'status', 'submitted_by', 'added_by', 'project', 'timestamp', 'version', 'categories', 'tags', 'examples', 'applies_to', 'applies_to_rationale', 'user_story', 'scope_level', 'scope_id', 'parent_rule_id', 'superseded_by']
INFO:httpx:HTTP Request: POST http://testserver/onboarding/init "HTTP/1.1 200 OK"
INFO:pytest-session:[fixture:test_project:after] rules table columns: ['id', 'rule_type', 'description', 'diff', 'status', 'submitted_by', 'added_by', 'project', 'timestamp', 'version', 'categories', 'tags', 'examples', 'applies_to', 'applies_to_rationale', 'user_story', 'scope_level', 'scope_id', 'parent_rule_id', 'superseded_by']
------------------------------ Captured log setup ------------------------------
INFO     pytest-session:conftest.py:46 [fixture:clean_db:before] rules table columns: ['id', 'rule_type', 'description', 'diff', 'status', 'submitted_by', 'added_by', 'project', 'timestamp', 'version', 'categories', 'tags', 'examples', 'applies_to', 'applies_to_rationale', 'user_story', 'scope_level', 'scope_id', 'parent_rule_id', 'superseded_by']
INFO     pytest-session:conftest.py:46 [fixture:clean_db:after] rules table columns: ['id', 'rule_type', 'description', 'diff', 'status', 'submitted_by', 'added_by', 'project', 'timestamp', 'version', 'categories', 'tags', 'examples', 'applies_to', 'applies_to_rationale', 'user_story', 'scope_level', 'scope_id', 'parent_rule_id', 'superseded_by']
INFO     pytest-session:conftest.py:46 [fixture:test_project:before] rules table columns: ['id', 'rule_type', 'description', 'diff', 'status', 'submitted_by', 'added_by', 'project', 'timestamp', 'version', 'categories', 'tags', 'examples', 'applies_to', 'applies_to_rationale', 'user_story', 'scope_level', 'scope_id', 'parent_rule_id', 'superseded_by']
INFO     httpx:_client.py:1025 HTTP Request: POST http://testserver/onboarding/init "HTTP/1.1 200 OK"
INFO     pytest-session:conftest.py:46 [fixture:test_project:after] rules table columns: ['id', 'rule_type', 'description', 'diff', 'status', 'submitted_by', 'added_by', 'project', 'timestamp', 'version', 'categories', 'tags', 'examples', 'applies_to', 'applies_to_rationale', 'user_story', 'scope_level', 'scope_id', 'parent_rule_id', 'superseded_by']
----------------------------- Captured stdout call -----------------------------
[DEBUG-get_db] ENVIRONMENT=test, POSTGRES_HOST=test-db
RESPONSE BODY: {"detail":"scope_id must be a valid UUID after resolution."}
----------------------------- Captured stderr call -----------------------------
WARNING:rule_proposals:[DEBUG] Incoming /propose-rule-change payload: {'rule_type': 'conflict_test', 'description': 'Test rule 1', 'diff': 'Pattern: def test_function():\nMessage: Test message 1\nSeverity: warning', 'submitted_by': 'tester', 'categories': ['test'], 'tags': ['conflict'], 'examples': ['Example 1'], 'applies_to': ['python'], 'applies_to_rationale': 'For Python code', 'user_story': 'Test user story', 'reason_for_change': 'Testing conflict flow.', 'references': 'Test reference.'}
WARNING:rule_proposals:[SCOPE-DEBUG] ABSOLUTE FIRST: Incoming payload type: <class 'dict'>, repr: {'rule_type': 'conflict_test', 'description': 'Test rule 1', 'diff': 'Pattern: def test_function():\nMessage: Test message 1\nSeverity: warning', 'submitted_by': 'tester', 'categories': ['test'], 'tags': ['conflict'], 'examples': ['Example 1'], 'applies_to': ['python'], 'applies_to_rationale': 'For Python code', 'user_story': 'Test user story', 'reason_for_change': 'Testing conflict flow.', 'references': 'Test reference.'}
WARNING:rule_proposals:[SCOPE-DEBUG] ABSOLUTE FIRST: After conversion, payload type: <class 'dict'>, repr: {'rule_type': 'conflict_test', 'description': 'Test rule 1', 'diff': 'Pattern: def test_function():\nMessage: Test message 1\nSeverity: warning', 'submitted_by': 'tester', 'categories': ['test'], 'tags': ['conflict'], 'examples': ['Example 1'], 'applies_to': ['python'], 'applies_to_rationale': 'For Python code', 'user_story': 'Test user story', 'reason_for_change': 'Testing conflict flow.', 'references': 'Test reference.'}
WARNING:rule_proposals:[SCOPE-DEBUG] ABSOLUTE FIRST: payload.get('project'): None, payload.get('team'): None
WARNING:rule_proposals:[SCOPE-DEBUG] ABSOLUTE FIRST: Incoming payload: {'rule_type': 'conflict_test', 'description': 'Test rule 1', 'diff': 'Pattern: def test_function():\nMessage: Test message 1\nSeverity: warning', 'submitted_by': 'tester', 'categories': ['test'], 'tags': ['conflict'], 'examples': ['Example 1'], 'applies_to': ['python'], 'applies_to_rationale': 'For Python code', 'user_story': 'Test user story', 'reason_for_change': 'Testing conflict flow.', 'references': 'Test reference.'}
WARNING:rule_proposals:[SCOPE-DEBUG] ABSOLUTE FIRST: scope_level=None, project=None, team=None, scope_id=None
WARNING:rule_proposals:[SCOPE-DEBUG] After resolution: scope_id=None, payload['scope_id']=None
ERROR:rule_proposals:[422-RAISE] scope_id is not a valid UUID after resolution: None, payload={'rule_type': 'conflict_test', 'description': 'Test rule 1', 'diff': 'Pattern: def test_function():\nMessage: Test message 1\nSeverity: warning', 'submitted_by': 'tester', 'categories': ['test'], 'tags': ['conflict'], 'examples': ['Example 1'], 'applies_to': ['python'], 'applies_to_rationale': 'For Python code', 'user_story': 'Test user story', 'reason_for_change': 'Testing conflict flow.', 'references': 'Test reference.'}
INFO:httpx:HTTP Request: POST http://testserver/propose-rule-change "HTTP/1.1 422 Unprocessable Entity"
------------------------------ Captured log call -------------------------------
WARNING  rule_proposals:rule_proposals.py:230 [DEBUG] Incoming /propose-rule-change payload: {'rule_type': 'conflict_test', 'description': 'Test rule 1', 'diff': 'Pattern: def test_function():\nMessage: Test message 1\nSeverity: warning', 'submitted_by': 'tester', 'categories': ['test'], 'tags': ['conflict'], 'examples': ['Example 1'], 'applies_to': ['python'], 'applies_to_rationale': 'For Python code', 'user_story': 'Test user story', 'reason_for_change': 'Testing conflict flow.', 'references': 'Test reference.'}
WARNING  rule_proposals:rule_proposals.py:235 [SCOPE-DEBUG] ABSOLUTE FIRST: Incoming payload type: <class 'dict'>, repr: {'rule_type': 'conflict_test', 'description': 'Test rule 1', 'diff': 'Pattern: def test_function():\nMessage: Test message 1\nSeverity: warning', 'submitted_by': 'tester', 'categories': ['test'], 'tags': ['conflict'], 'examples': ['Example 1'], 'applies_to': ['python'], 'applies_to_rationale': 'For Python code', 'user_story': 'Test user story', 'reason_for_change': 'Testing conflict flow.', 'references': 'Test reference.'}
WARNING  rule_proposals:rule_proposals.py:247 [SCOPE-DEBUG] ABSOLUTE FIRST: After conversion, payload type: <class 'dict'>, repr: {'rule_type': 'conflict_test', 'description': 'Test rule 1', 'diff': 'Pattern: def test_function():\nMessage: Test message 1\nSeverity: warning', 'submitted_by': 'tester', 'categories': ['test'], 'tags': ['conflict'], 'examples': ['Example 1'], 'applies_to': ['python'], 'applies_to_rationale': 'For Python code', 'user_story': 'Test user story', 'reason_for_change': 'Testing conflict flow.', 'references': 'Test reference.'}
WARNING  rule_proposals:rule_proposals.py:248 [SCOPE-DEBUG] ABSOLUTE FIRST: payload.get('project'): None, payload.get('team'): None
WARNING  rule_proposals:rule_proposals.py:249 [SCOPE-DEBUG] ABSOLUTE FIRST: Incoming payload: {'rule_type': 'conflict_test', 'description': 'Test rule 1', 'diff': 'Pattern: def test_function():\nMessage: Test message 1\nSeverity: warning', 'submitted_by': 'tester', 'categories': ['test'], 'tags': ['conflict'], 'examples': ['Example 1'], 'applies_to': ['python'], 'applies_to_rationale': 'For Python code', 'user_story': 'Test user story', 'reason_for_change': 'Testing conflict flow.', 'references': 'Test reference.'}
WARNING  rule_proposals:rule_proposals.py:250 [SCOPE-DEBUG] ABSOLUTE FIRST: scope_level=None, project=None, team=None, scope_id=None
WARNING  rule_proposals:rule_proposals.py:281 [SCOPE-DEBUG] After resolution: scope_id=None, payload['scope_id']=None
ERROR    rule_proposals:rule_proposals.py:290 [422-RAISE] scope_id is not a valid UUID after resolution: None, payload={'rule_type': 'conflict_test', 'description': 'Test rule 1', 'diff': 'Pattern: def test_function():\nMessage: Test message 1\nSeverity: warning', 'submitted_by': 'tester', 'categories': ['test'], 'tags': ['conflict'], 'examples': ['Example 1'], 'applies_to': ['python'], 'applies_to_rationale': 'For Python code', 'user_story': 'Test user story', 'reason_for_change': 'Testing conflict flow.', 'references': 'Test reference.'}
INFO     httpx:_client.py:1025 HTTP Request: POST http://testserver/propose-rule-change "HTTP/1.1 422 Unprocessable Entity"
--------------------------- Captured stderr teardown ---------------------------
INFO:pytest-session:[fixture:clean_db:yielded] rules table columns: ['id', 'rule_type', 'description', 'diff', 'status', 'submitted_by', 'added_by', 'project', 'timestamp', 'version', 'categories', 'tags', 'examples', 'applies_to', 'applies_to_rationale', 'user_story', 'scope_level', 'scope_id', 'parent_rule_id', 'superseded_by']
---------------------------- Captured log teardown -----------------------------
INFO     pytest-session:conftest.py:46 [fixture:clean_db:yielded] rules table columns: ['id', 'rule_type', 'description', 'diff', 'status', 'submitted_by', 'added_by', 'project', 'timestamp', 'version', 'categories', 'tags', 'examples', 'applies_to', 'applies_to_rationale', 'user_story', 'scope_level', 'scope_id', 'parent_rule_id', 'superseded_by']
____________________ test_rule_conflicts_different_patterns ____________________
tests/test_rule_conflicts.py:400: in test_rule_conflicts_different_patterns
    assert response1.status_code == 200
E   assert 422 == 200
E    +  where 422 = <Response [422 Unprocessable Entity]>.status_code
---------------------------- Captured stdout setup -----------------------------
[DEBUG-get_db] ENVIRONMENT=test, POSTGRES_HOST=test-db
[DEBUG-get_db] ENVIRONMENT=test, POSTGRES_HOST=test-db
[TEST DEBUG] Created test project: project_id=0b9aa22b-30af-4d99-a5c1-cdcafe5ac515, token=-lEKdhWkjyvxxZ1l1sG1fh_qkkugTZGd8CqrKHk-eLE
---------------------------- Captured stderr setup -----------------------------
INFO:pytest-session:[test_end: test_rule_conflicts] rules table columns: ['id', 'rule_type', 'description', 'diff', 'status', 'submitted_by', 'added_by', 'project', 'timestamp', 'version', 'categories', 'tags', 'examples', 'applies_to', 'applies_to_rationale', 'user_story', 'scope_level', 'scope_id', 'parent_rule_id', 'superseded_by']
INFO:pytest-session:[test_start: test_rule_conflicts_different_patterns] rules table columns: ['id', 'rule_type', 'description', 'diff', 'status', 'submitted_by', 'added_by', 'project', 'timestamp', 'version', 'categories', 'tags', 'examples', 'applies_to', 'applies_to_rationale', 'user_story', 'scope_level', 'scope_id', 'parent_rule_id', 'superseded_by']
INFO:pytest-session:[fixture:clean_db:before] rules table columns: ['id', 'rule_type', 'description', 'diff', 'status', 'submitted_by', 'added_by', 'project', 'timestamp', 'version', 'categories', 'tags', 'examples', 'applies_to', 'applies_to_rationale', 'user_story', 'scope_level', 'scope_id', 'parent_rule_id', 'superseded_by']
INFO:pytest-session:[fixture:clean_db:after] rules table columns: ['id', 'rule_type', 'description', 'diff', 'status', 'submitted_by', 'added_by', 'project', 'timestamp', 'version', 'categories', 'tags', 'examples', 'applies_to', 'applies_to_rationale', 'user_story', 'scope_level', 'scope_id', 'parent_rule_id', 'superseded_by']
INFO:pytest-session:[fixture:test_project:before] rules table columns: ['id', 'rule_type', 'description', 'diff', 'status', 'submitted_by', 'added_by', 'project', 'timestamp', 'version', 'categories', 'tags', 'examples', 'applies_to', 'applies_to_rationale', 'user_story', 'scope_level', 'scope_id', 'parent_rule_id', 'superseded_by']
INFO:httpx:HTTP Request: POST http://testserver/onboarding/init "HTTP/1.1 200 OK"
INFO:pytest-session:[fixture:test_project:after] rules table columns: ['id', 'rule_type', 'description', 'diff', 'status', 'submitted_by', 'added_by', 'project', 'timestamp', 'version', 'categories', 'tags', 'examples', 'applies_to', 'applies_to_rationale', 'user_story', 'scope_level', 'scope_id', 'parent_rule_id', 'superseded_by']
------------------------------ Captured log setup ------------------------------
INFO     pytest-session:conftest.py:46 [fixture:clean_db:before] rules table columns: ['id', 'rule_type', 'description', 'diff', 'status', 'submitted_by', 'added_by', 'project', 'timestamp', 'version', 'categories', 'tags', 'examples', 'applies_to', 'applies_to_rationale', 'user_story', 'scope_level', 'scope_id', 'parent_rule_id', 'superseded_by']
INFO     pytest-session:conftest.py:46 [fixture:clean_db:after] rules table columns: ['id', 'rule_type', 'description', 'diff', 'status', 'submitted_by', 'added_by', 'project', 'timestamp', 'version', 'categories', 'tags', 'examples', 'applies_to', 'applies_to_rationale', 'user_story', 'scope_level', 'scope_id', 'parent_rule_id', 'superseded_by']
INFO     pytest-session:conftest.py:46 [fixture:test_project:before] rules table columns: ['id', 'rule_type', 'description', 'diff', 'status', 'submitted_by', 'added_by', 'project', 'timestamp', 'version', 'categories', 'tags', 'examples', 'applies_to', 'applies_to_rationale', 'user_story', 'scope_level', 'scope_id', 'parent_rule_id', 'superseded_by']
INFO     httpx:_client.py:1025 HTTP Request: POST http://testserver/onboarding/init "HTTP/1.1 200 OK"
INFO     pytest-session:conftest.py:46 [fixture:test_project:after] rules table columns: ['id', 'rule_type', 'description', 'diff', 'status', 'submitted_by', 'added_by', 'project', 'timestamp', 'version', 'categories', 'tags', 'examples', 'applies_to', 'applies_to_rationale', 'user_story', 'scope_level', 'scope_id', 'parent_rule_id', 'superseded_by']
----------------------------- Captured stdout call -----------------------------
[DEBUG-get_db] ENVIRONMENT=test, POSTGRES_HOST=test-db
RESPONSE BODY: {"detail":"scope_id must be a valid UUID after resolution."}
----------------------------- Captured stderr call -----------------------------
WARNING:rule_proposals:[DEBUG] Incoming /propose-rule-change payload: {'rule_type': 'conflict_test', 'description': 'Test rule 1', 'diff': 'Pattern: def test_function():\nMessage: Test message 1\nSeverity: warning', 'submitted_by': 'tester', 'categories': ['test'], 'tags': ['conflict'], 'examples': ['Example 1'], 'applies_to': ['python'], 'applies_to_rationale': 'For Python code', 'user_story': 'Test user story', 'reason_for_change': 'Testing conflict flow.', 'references': 'Test reference.'}
WARNING:rule_proposals:[SCOPE-DEBUG] ABSOLUTE FIRST: Incoming payload type: <class 'dict'>, repr: {'rule_type': 'conflict_test', 'description': 'Test rule 1', 'diff': 'Pattern: def test_function():\nMessage: Test message 1\nSeverity: warning', 'submitted_by': 'tester', 'categories': ['test'], 'tags': ['conflict'], 'examples': ['Example 1'], 'applies_to': ['python'], 'applies_to_rationale': 'For Python code', 'user_story': 'Test user story', 'reason_for_change': 'Testing conflict flow.', 'references': 'Test reference.'}
WARNING:rule_proposals:[SCOPE-DEBUG] ABSOLUTE FIRST: After conversion, payload type: <class 'dict'>, repr: {'rule_type': 'conflict_test', 'description': 'Test rule 1', 'diff': 'Pattern: def test_function():\nMessage: Test message 1\nSeverity: warning', 'submitted_by': 'tester', 'categories': ['test'], 'tags': ['conflict'], 'examples': ['Example 1'], 'applies_to': ['python'], 'applies_to_rationale': 'For Python code', 'user_story': 'Test user story', 'reason_for_change': 'Testing conflict flow.', 'references': 'Test reference.'}
WARNING:rule_proposals:[SCOPE-DEBUG] ABSOLUTE FIRST: payload.get('project'): None, payload.get('team'): None
WARNING:rule_proposals:[SCOPE-DEBUG] ABSOLUTE FIRST: Incoming payload: {'rule_type': 'conflict_test', 'description': 'Test rule 1', 'diff': 'Pattern: def test_function():\nMessage: Test message 1\nSeverity: warning', 'submitted_by': 'tester', 'categories': ['test'], 'tags': ['conflict'], 'examples': ['Example 1'], 'applies_to': ['python'], 'applies_to_rationale': 'For Python code', 'user_story': 'Test user story', 'reason_for_change': 'Testing conflict flow.', 'references': 'Test reference.'}
WARNING:rule_proposals:[SCOPE-DEBUG] ABSOLUTE FIRST: scope_level=None, project=None, team=None, scope_id=None
WARNING:rule_proposals:[SCOPE-DEBUG] After resolution: scope_id=None, payload['scope_id']=None
ERROR:rule_proposals:[422-RAISE] scope_id is not a valid UUID after resolution: None, payload={'rule_type': 'conflict_test', 'description': 'Test rule 1', 'diff': 'Pattern: def test_function():\nMessage: Test message 1\nSeverity: warning', 'submitted_by': 'tester', 'categories': ['test'], 'tags': ['conflict'], 'examples': ['Example 1'], 'applies_to': ['python'], 'applies_to_rationale': 'For Python code', 'user_story': 'Test user story', 'reason_for_change': 'Testing conflict flow.', 'references': 'Test reference.'}
INFO:httpx:HTTP Request: POST http://testserver/propose-rule-change "HTTP/1.1 422 Unprocessable Entity"
------------------------------ Captured log call -------------------------------
WARNING  rule_proposals:rule_proposals.py:230 [DEBUG] Incoming /propose-rule-change payload: {'rule_type': 'conflict_test', 'description': 'Test rule 1', 'diff': 'Pattern: def test_function():\nMessage: Test message 1\nSeverity: warning', 'submitted_by': 'tester', 'categories': ['test'], 'tags': ['conflict'], 'examples': ['Example 1'], 'applies_to': ['python'], 'applies_to_rationale': 'For Python code', 'user_story': 'Test user story', 'reason_for_change': 'Testing conflict flow.', 'references': 'Test reference.'}
WARNING  rule_proposals:rule_proposals.py:235 [SCOPE-DEBUG] ABSOLUTE FIRST: Incoming payload type: <class 'dict'>, repr: {'rule_type': 'conflict_test', 'description': 'Test rule 1', 'diff': 'Pattern: def test_function():\nMessage: Test message 1\nSeverity: warning', 'submitted_by': 'tester', 'categories': ['test'], 'tags': ['conflict'], 'examples': ['Example 1'], 'applies_to': ['python'], 'applies_to_rationale': 'For Python code', 'user_story': 'Test user story', 'reason_for_change': 'Testing conflict flow.', 'references': 'Test reference.'}
WARNING  rule_proposals:rule_proposals.py:247 [SCOPE-DEBUG] ABSOLUTE FIRST: After conversion, payload type: <class 'dict'>, repr: {'rule_type': 'conflict_test', 'description': 'Test rule 1', 'diff': 'Pattern: def test_function():\nMessage: Test message 1\nSeverity: warning', 'submitted_by': 'tester', 'categories': ['test'], 'tags': ['conflict'], 'examples': ['Example 1'], 'applies_to': ['python'], 'applies_to_rationale': 'For Python code', 'user_story': 'Test user story', 'reason_for_change': 'Testing conflict flow.', 'references': 'Test reference.'}
WARNING  rule_proposals:rule_proposals.py:248 [SCOPE-DEBUG] ABSOLUTE FIRST: payload.get('project'): None, payload.get('team'): None
WARNING  rule_proposals:rule_proposals.py:249 [SCOPE-DEBUG] ABSOLUTE FIRST: Incoming payload: {'rule_type': 'conflict_test', 'description': 'Test rule 1', 'diff': 'Pattern: def test_function():\nMessage: Test message 1\nSeverity: warning', 'submitted_by': 'tester', 'categories': ['test'], 'tags': ['conflict'], 'examples': ['Example 1'], 'applies_to': ['python'], 'applies_to_rationale': 'For Python code', 'user_story': 'Test user story', 'reason_for_change': 'Testing conflict flow.', 'references': 'Test reference.'}
WARNING  rule_proposals:rule_proposals.py:250 [SCOPE-DEBUG] ABSOLUTE FIRST: scope_level=None, project=None, team=None, scope_id=None
WARNING  rule_proposals:rule_proposals.py:281 [SCOPE-DEBUG] After resolution: scope_id=None, payload['scope_id']=None
ERROR    rule_proposals:rule_proposals.py:290 [422-RAISE] scope_id is not a valid UUID after resolution: None, payload={'rule_type': 'conflict_test', 'description': 'Test rule 1', 'diff': 'Pattern: def test_function():\nMessage: Test message 1\nSeverity: warning', 'submitted_by': 'tester', 'categories': ['test'], 'tags': ['conflict'], 'examples': ['Example 1'], 'applies_to': ['python'], 'applies_to_rationale': 'For Python code', 'user_story': 'Test user story', 'reason_for_change': 'Testing conflict flow.', 'references': 'Test reference.'}
INFO     httpx:_client.py:1025 HTTP Request: POST http://testserver/propose-rule-change "HTTP/1.1 422 Unprocessable Entity"
--------------------------- Captured stderr teardown ---------------------------
INFO:pytest-session:[fixture:clean_db:yielded] rules table columns: ['id', 'rule_type', 'description', 'diff', 'status', 'submitted_by', 'added_by', 'project', 'timestamp', 'version', 'categories', 'tags', 'examples', 'applies_to', 'applies_to_rationale', 'user_story', 'scope_level', 'scope_id', 'parent_rule_id', 'superseded_by']
---------------------------- Captured log teardown -----------------------------
INFO     pytest-session:conftest.py:46 [fixture:clean_db:yielded] rules table columns: ['id', 'rule_type', 'description', 'diff', 'status', 'submitted_by', 'added_by', 'project', 'timestamp', 'version', 'categories', 'tags', 'examples', 'applies_to', 'applies_to_rationale', 'user_story', 'scope_level', 'scope_id', 'parent_rule_id', 'superseded_by']
________________________ test_rule_conflicts_same_name _________________________
tests/test_rule_conflicts.py:455: in test_rule_conflicts_same_name
    assert response.status_code == 200
E   assert 422 == 200
E    +  where 422 = <Response [422 Unprocessable Entity]>.status_code
---------------------------- Captured stdout setup -----------------------------
[DEBUG-get_db] ENVIRONMENT=test, POSTGRES_HOST=test-db
[DEBUG-get_db] ENVIRONMENT=test, POSTGRES_HOST=test-db
[TEST DEBUG] Created test project: project_id=e97bd272-2629-484a-9846-f9d57cad24fe, token=d0WZ3HeWAbpBk1TqfFRfa7jG_jfMYkj7uAHj-f9ACyY
---------------------------- Captured stderr setup -----------------------------
INFO:pytest-session:[test_end: test_rule_conflicts_different_patterns] rules table columns: ['id', 'rule_type', 'description', 'diff', 'status', 'submitted_by', 'added_by', 'project', 'timestamp', 'version', 'categories', 'tags', 'examples', 'applies_to', 'applies_to_rationale', 'user_story', 'scope_level', 'scope_id', 'parent_rule_id', 'superseded_by']
INFO:pytest-session:[test_start: test_rule_conflicts_same_name] rules table columns: ['id', 'rule_type', 'description', 'diff', 'status', 'submitted_by', 'added_by', 'project', 'timestamp', 'version', 'categories', 'tags', 'examples', 'applies_to', 'applies_to_rationale', 'user_story', 'scope_level', 'scope_id', 'parent_rule_id', 'superseded_by']
INFO:pytest-session:[fixture:clean_db:before] rules table columns: ['id', 'rule_type', 'description', 'diff', 'status', 'submitted_by', 'added_by', 'project', 'timestamp', 'version', 'categories', 'tags', 'examples', 'applies_to', 'applies_to_rationale', 'user_story', 'scope_level', 'scope_id', 'parent_rule_id', 'superseded_by']
INFO:pytest-session:[fixture:clean_db:after] rules table columns: ['id', 'rule_type', 'description', 'diff', 'status', 'submitted_by', 'added_by', 'project', 'timestamp', 'version', 'categories', 'tags', 'examples', 'applies_to', 'applies_to_rationale', 'user_story', 'scope_level', 'scope_id', 'parent_rule_id', 'superseded_by']
INFO:pytest-session:[fixture:test_project:before] rules table columns: ['id', 'rule_type', 'description', 'diff', 'status', 'submitted_by', 'added_by', 'project', 'timestamp', 'version', 'categories', 'tags', 'examples', 'applies_to', 'applies_to_rationale', 'user_story', 'scope_level', 'scope_id', 'parent_rule_id', 'superseded_by']
INFO:httpx:HTTP Request: POST http://testserver/onboarding/init "HTTP/1.1 200 OK"
INFO:pytest-session:[fixture:test_project:after] rules table columns: ['id', 'rule_type', 'description', 'diff', 'status', 'submitted_by', 'added_by', 'project', 'timestamp', 'version', 'categories', 'tags', 'examples', 'applies_to', 'applies_to_rationale', 'user_story', 'scope_level', 'scope_id', 'parent_rule_id', 'superseded_by']
------------------------------ Captured log setup ------------------------------
INFO     pytest-session:conftest.py:46 [fixture:clean_db:before] rules table columns: ['id', 'rule_type', 'description', 'diff', 'status', 'submitted_by', 'added_by', 'project', 'timestamp', 'version', 'categories', 'tags', 'examples', 'applies_to', 'applies_to_rationale', 'user_story', 'scope_level', 'scope_id', 'parent_rule_id', 'superseded_by']
INFO     pytest-session:conftest.py:46 [fixture:clean_db:after] rules table columns: ['id', 'rule_type', 'description', 'diff', 'status', 'submitted_by', 'added_by', 'project', 'timestamp', 'version', 'categories', 'tags', 'examples', 'applies_to', 'applies_to_rationale', 'user_story', 'scope_level', 'scope_id', 'parent_rule_id', 'superseded_by']
INFO     pytest-session:conftest.py:46 [fixture:test_project:before] rules table columns: ['id', 'rule_type', 'description', 'diff', 'status', 'submitted_by', 'added_by', 'project', 'timestamp', 'version', 'categories', 'tags', 'examples', 'applies_to', 'applies_to_rationale', 'user_story', 'scope_level', 'scope_id', 'parent_rule_id', 'superseded_by']
INFO     httpx:_client.py:1025 HTTP Request: POST http://testserver/onboarding/init "HTTP/1.1 200 OK"
INFO     pytest-session:conftest.py:46 [fixture:test_project:after] rules table columns: ['id', 'rule_type', 'description', 'diff', 'status', 'submitted_by', 'added_by', 'project', 'timestamp', 'version', 'categories', 'tags', 'examples', 'applies_to', 'applies_to_rationale', 'user_story', 'scope_level', 'scope_id', 'parent_rule_id', 'superseded_by']
----------------------------- Captured stdout call -----------------------------
[DEBUG-get_db] ENVIRONMENT=test, POSTGRES_HOST=test-db
RESPONSE BODY: {"detail":"scope_id must be a valid UUID after resolution."}
----------------------------- Captured stderr call -----------------------------
WARNING:rule_proposals:[DEBUG] Incoming /propose-rule-change payload: {'rule_type': 'conflict_test', 'description': 'Test rule 1', 'diff': 'Pattern: def test_function():\nMessage: Test message 1\nSeverity: warning', 'submitted_by': 'tester', 'categories': ['test'], 'tags': ['conflict'], 'examples': ['Example 1'], 'applies_to': ['python'], 'applies_to_rationale': 'For Python code', 'user_story': 'Test user story', 'reason_for_change': 'Testing conflict flow.', 'references': 'Test reference.'}
WARNING:rule_proposals:[SCOPE-DEBUG] ABSOLUTE FIRST: Incoming payload type: <class 'dict'>, repr: {'rule_type': 'conflict_test', 'description': 'Test rule 1', 'diff': 'Pattern: def test_function():\nMessage: Test message 1\nSeverity: warning', 'submitted_by': 'tester', 'categories': ['test'], 'tags': ['conflict'], 'examples': ['Example 1'], 'applies_to': ['python'], 'applies_to_rationale': 'For Python code', 'user_story': 'Test user story', 'reason_for_change': 'Testing conflict flow.', 'references': 'Test reference.'}
WARNING:rule_proposals:[SCOPE-DEBUG] ABSOLUTE FIRST: After conversion, payload type: <class 'dict'>, repr: {'rule_type': 'conflict_test', 'description': 'Test rule 1', 'diff': 'Pattern: def test_function():\nMessage: Test message 1\nSeverity: warning', 'submitted_by': 'tester', 'categories': ['test'], 'tags': ['conflict'], 'examples': ['Example 1'], 'applies_to': ['python'], 'applies_to_rationale': 'For Python code', 'user_story': 'Test user story', 'reason_for_change': 'Testing conflict flow.', 'references': 'Test reference.'}
WARNING:rule_proposals:[SCOPE-DEBUG] ABSOLUTE FIRST: payload.get('project'): None, payload.get('team'): None
WARNING:rule_proposals:[SCOPE-DEBUG] ABSOLUTE FIRST: Incoming payload: {'rule_type': 'conflict_test', 'description': 'Test rule 1', 'diff': 'Pattern: def test_function():\nMessage: Test message 1\nSeverity: warning', 'submitted_by': 'tester', 'categories': ['test'], 'tags': ['conflict'], 'examples': ['Example 1'], 'applies_to': ['python'], 'applies_to_rationale': 'For Python code', 'user_story': 'Test user story', 'reason_for_change': 'Testing conflict flow.', 'references': 'Test reference.'}
WARNING:rule_proposals:[SCOPE-DEBUG] ABSOLUTE FIRST: scope_level=None, project=None, team=None, scope_id=None
WARNING:rule_proposals:[SCOPE-DEBUG] After resolution: scope_id=None, payload['scope_id']=None
ERROR:rule_proposals:[422-RAISE] scope_id is not a valid UUID after resolution: None, payload={'rule_type': 'conflict_test', 'description': 'Test rule 1', 'diff': 'Pattern: def test_function():\nMessage: Test message 1\nSeverity: warning', 'submitted_by': 'tester', 'categories': ['test'], 'tags': ['conflict'], 'examples': ['Example 1'], 'applies_to': ['python'], 'applies_to_rationale': 'For Python code', 'user_story': 'Test user story', 'reason_for_change': 'Testing conflict flow.', 'references': 'Test reference.'}
INFO:httpx:HTTP Request: POST http://testserver/propose-rule-change "HTTP/1.1 422 Unprocessable Entity"
------------------------------ Captured log call -------------------------------
WARNING  rule_proposals:rule_proposals.py:230 [DEBUG] Incoming /propose-rule-change payload: {'rule_type': 'conflict_test', 'description': 'Test rule 1', 'diff': 'Pattern: def test_function():\nMessage: Test message 1\nSeverity: warning', 'submitted_by': 'tester', 'categories': ['test'], 'tags': ['conflict'], 'examples': ['Example 1'], 'applies_to': ['python'], 'applies_to_rationale': 'For Python code', 'user_story': 'Test user story', 'reason_for_change': 'Testing conflict flow.', 'references': 'Test reference.'}
WARNING  rule_proposals:rule_proposals.py:235 [SCOPE-DEBUG] ABSOLUTE FIRST: Incoming payload type: <class 'dict'>, repr: {'rule_type': 'conflict_test', 'description': 'Test rule 1', 'diff': 'Pattern: def test_function():\nMessage: Test message 1\nSeverity: warning', 'submitted_by': 'tester', 'categories': ['test'], 'tags': ['conflict'], 'examples': ['Example 1'], 'applies_to': ['python'], 'applies_to_rationale': 'For Python code', 'user_story': 'Test user story', 'reason_for_change': 'Testing conflict flow.', 'references': 'Test reference.'}
WARNING  rule_proposals:rule_proposals.py:247 [SCOPE-DEBUG] ABSOLUTE FIRST: After conversion, payload type: <class 'dict'>, repr: {'rule_type': 'conflict_test', 'description': 'Test rule 1', 'diff': 'Pattern: def test_function():\nMessage: Test message 1\nSeverity: warning', 'submitted_by': 'tester', 'categories': ['test'], 'tags': ['conflict'], 'examples': ['Example 1'], 'applies_to': ['python'], 'applies_to_rationale': 'For Python code', 'user_story': 'Test user story', 'reason_for_change': 'Testing conflict flow.', 'references': 'Test reference.'}
WARNING  rule_proposals:rule_proposals.py:248 [SCOPE-DEBUG] ABSOLUTE FIRST: payload.get('project'): None, payload.get('team'): None
WARNING  rule_proposals:rule_proposals.py:249 [SCOPE-DEBUG] ABSOLUTE FIRST: Incoming payload: {'rule_type': 'conflict_test', 'description': 'Test rule 1', 'diff': 'Pattern: def test_function():\nMessage: Test message 1\nSeverity: warning', 'submitted_by': 'tester', 'categories': ['test'], 'tags': ['conflict'], 'examples': ['Example 1'], 'applies_to': ['python'], 'applies_to_rationale': 'For Python code', 'user_story': 'Test user story', 'reason_for_change': 'Testing conflict flow.', 'references': 'Test reference.'}
WARNING  rule_proposals:rule_proposals.py:250 [SCOPE-DEBUG] ABSOLUTE FIRST: scope_level=None, project=None, team=None, scope_id=None
WARNING  rule_proposals:rule_proposals.py:281 [SCOPE-DEBUG] After resolution: scope_id=None, payload['scope_id']=None
ERROR    rule_proposals:rule_proposals.py:290 [422-RAISE] scope_id is not a valid UUID after resolution: None, payload={'rule_type': 'conflict_test', 'description': 'Test rule 1', 'diff': 'Pattern: def test_function():\nMessage: Test message 1\nSeverity: warning', 'submitted_by': 'tester', 'categories': ['test'], 'tags': ['conflict'], 'examples': ['Example 1'], 'applies_to': ['python'], 'applies_to_rationale': 'For Python code', 'user_story': 'Test user story', 'reason_for_change': 'Testing conflict flow.', 'references': 'Test reference.'}
INFO     httpx:_client.py:1025 HTTP Request: POST http://testserver/propose-rule-change "HTTP/1.1 422 Unprocessable Entity"
--------------------------- Captured stderr teardown ---------------------------
INFO:pytest-session:[fixture:clean_db:yielded] rules table columns: ['id', 'rule_type', 'description', 'diff', 'status', 'submitted_by', 'added_by', 'project', 'timestamp', 'version', 'categories', 'tags', 'examples', 'applies_to', 'applies_to_rationale', 'user_story', 'scope_level', 'scope_id', 'parent_rule_id', 'superseded_by']
---------------------------- Captured log teardown -----------------------------
INFO     pytest-session:conftest.py:46 [fixture:clean_db:yielded] rules table columns: ['id', 'rule_type', 'description', 'diff', 'status', 'submitted_by', 'added_by', 'project', 'timestamp', 'version', 'categories', 'tags', 'examples', 'applies_to', 'applies_to_rationale', 'user_story', 'scope_level', 'scope_id', 'parent_rule_id', 'superseded_by']
__________________________ test_rule_conflicts_update __________________________
tests/test_rule_conflicts.py:493: in test_rule_conflicts_update
    assert response.status_code == 200
E   assert 422 == 200
E    +  where 422 = <Response [422 Unprocessable Entity]>.status_code
---------------------------- Captured stdout setup -----------------------------
[DEBUG-get_db] ENVIRONMENT=test, POSTGRES_HOST=test-db
[DEBUG-get_db] ENVIRONMENT=test, POSTGRES_HOST=test-db
[TEST DEBUG] Created test project: project_id=7d37eb3d-d3af-4ca6-91d1-bc27b8f21a8d, token=IJuJTahLIWo5y58x6tC3zYkS6jgdRhLdW8JvCps123o
---------------------------- Captured stderr setup -----------------------------
INFO:pytest-session:[test_end: test_rule_conflicts_same_name] rules table columns: ['id', 'rule_type', 'description', 'diff', 'status', 'submitted_by', 'added_by', 'project', 'timestamp', 'version', 'categories', 'tags', 'examples', 'applies_to', 'applies_to_rationale', 'user_story', 'scope_level', 'scope_id', 'parent_rule_id', 'superseded_by']
INFO:pytest-session:[test_start: test_rule_conflicts_update] rules table columns: ['id', 'rule_type', 'description', 'diff', 'status', 'submitted_by', 'added_by', 'project', 'timestamp', 'version', 'categories', 'tags', 'examples', 'applies_to', 'applies_to_rationale', 'user_story', 'scope_level', 'scope_id', 'parent_rule_id', 'superseded_by']
INFO:pytest-session:[fixture:clean_db:before] rules table columns: ['id', 'rule_type', 'description', 'diff', 'status', 'submitted_by', 'added_by', 'project', 'timestamp', 'version', 'categories', 'tags', 'examples', 'applies_to', 'applies_to_rationale', 'user_story', 'scope_level', 'scope_id', 'parent_rule_id', 'superseded_by']
INFO:pytest-session:[fixture:clean_db:after] rules table columns: ['id', 'rule_type', 'description', 'diff', 'status', 'submitted_by', 'added_by', 'project', 'timestamp', 'version', 'categories', 'tags', 'examples', 'applies_to', 'applies_to_rationale', 'user_story', 'scope_level', 'scope_id', 'parent_rule_id', 'superseded_by']
INFO:pytest-session:[fixture:test_project:before] rules table columns: ['id', 'rule_type', 'description', 'diff', 'status', 'submitted_by', 'added_by', 'project', 'timestamp', 'version', 'categories', 'tags', 'examples', 'applies_to', 'applies_to_rationale', 'user_story', 'scope_level', 'scope_id', 'parent_rule_id', 'superseded_by']
INFO:httpx:HTTP Request: POST http://testserver/onboarding/init "HTTP/1.1 200 OK"
INFO:pytest-session:[fixture:test_project:after] rules table columns: ['id', 'rule_type', 'description', 'diff', 'status', 'submitted_by', 'added_by', 'project', 'timestamp', 'version', 'categories', 'tags', 'examples', 'applies_to', 'applies_to_rationale', 'user_story', 'scope_level', 'scope_id', 'parent_rule_id', 'superseded_by']
------------------------------ Captured log setup ------------------------------
INFO     pytest-session:conftest.py:46 [fixture:clean_db:before] rules table columns: ['id', 'rule_type', 'description', 'diff', 'status', 'submitted_by', 'added_by', 'project', 'timestamp', 'version', 'categories', 'tags', 'examples', 'applies_to', 'applies_to_rationale', 'user_story', 'scope_level', 'scope_id', 'parent_rule_id', 'superseded_by']
INFO     pytest-session:conftest.py:46 [fixture:clean_db:after] rules table columns: ['id', 'rule_type', 'description', 'diff', 'status', 'submitted_by', 'added_by', 'project', 'timestamp', 'version', 'categories', 'tags', 'examples', 'applies_to', 'applies_to_rationale', 'user_story', 'scope_level', 'scope_id', 'parent_rule_id', 'superseded_by']
INFO     pytest-session:conftest.py:46 [fixture:test_project:before] rules table columns: ['id', 'rule_type', 'description', 'diff', 'status', 'submitted_by', 'added_by', 'project', 'timestamp', 'version', 'categories', 'tags', 'examples', 'applies_to', 'applies_to_rationale', 'user_story', 'scope_level', 'scope_id', 'parent_rule_id', 'superseded_by']
INFO     httpx:_client.py:1025 HTTP Request: POST http://testserver/onboarding/init "HTTP/1.1 200 OK"
INFO     pytest-session:conftest.py:46 [fixture:test_project:after] rules table columns: ['id', 'rule_type', 'description', 'diff', 'status', 'submitted_by', 'added_by', 'project', 'timestamp', 'version', 'categories', 'tags', 'examples', 'applies_to', 'applies_to_rationale', 'user_story', 'scope_level', 'scope_id', 'parent_rule_id', 'superseded_by']
----------------------------- Captured stdout call -----------------------------
[DEBUG-get_db] ENVIRONMENT=test, POSTGRES_HOST=test-db
RESPONSE BODY: {"detail":"scope_id must be a valid UUID after resolution."}
----------------------------- Captured stderr call -----------------------------
WARNING:rule_proposals:[DEBUG] Incoming /propose-rule-change payload: {'rule_type': 'conflict_test', 'description': 'Test rule', 'diff': 'Pattern: def test_function():\nMessage: Test message\nSeverity: warning', 'submitted_by': 'tester', 'categories': ['test'], 'tags': ['conflict'], 'examples': ['Example 1'], 'applies_to': ['python'], 'applies_to_rationale': 'For Python code', 'user_story': 'Test user story', 'reason_for_change': 'Testing conflict flow.', 'references': 'Test reference.'}
WARNING:rule_proposals:[SCOPE-DEBUG] ABSOLUTE FIRST: Incoming payload type: <class 'dict'>, repr: {'rule_type': 'conflict_test', 'description': 'Test rule', 'diff': 'Pattern: def test_function():\nMessage: Test message\nSeverity: warning', 'submitted_by': 'tester', 'categories': ['test'], 'tags': ['conflict'], 'examples': ['Example 1'], 'applies_to': ['python'], 'applies_to_rationale': 'For Python code', 'user_story': 'Test user story', 'reason_for_change': 'Testing conflict flow.', 'references': 'Test reference.'}
WARNING:rule_proposals:[SCOPE-DEBUG] ABSOLUTE FIRST: After conversion, payload type: <class 'dict'>, repr: {'rule_type': 'conflict_test', 'description': 'Test rule', 'diff': 'Pattern: def test_function():\nMessage: Test message\nSeverity: warning', 'submitted_by': 'tester', 'categories': ['test'], 'tags': ['conflict'], 'examples': ['Example 1'], 'applies_to': ['python'], 'applies_to_rationale': 'For Python code', 'user_story': 'Test user story', 'reason_for_change': 'Testing conflict flow.', 'references': 'Test reference.'}
WARNING:rule_proposals:[SCOPE-DEBUG] ABSOLUTE FIRST: payload.get('project'): None, payload.get('team'): None
WARNING:rule_proposals:[SCOPE-DEBUG] ABSOLUTE FIRST: Incoming payload: {'rule_type': 'conflict_test', 'description': 'Test rule', 'diff': 'Pattern: def test_function():\nMessage: Test message\nSeverity: warning', 'submitted_by': 'tester', 'categories': ['test'], 'tags': ['conflict'], 'examples': ['Example 1'], 'applies_to': ['python'], 'applies_to_rationale': 'For Python code', 'user_story': 'Test user story', 'reason_for_change': 'Testing conflict flow.', 'references': 'Test reference.'}
WARNING:rule_proposals:[SCOPE-DEBUG] ABSOLUTE FIRST: scope_level=None, project=None, team=None, scope_id=None
WARNING:rule_proposals:[SCOPE-DEBUG] After resolution: scope_id=None, payload['scope_id']=None
ERROR:rule_proposals:[422-RAISE] scope_id is not a valid UUID after resolution: None, payload={'rule_type': 'conflict_test', 'description': 'Test rule', 'diff': 'Pattern: def test_function():\nMessage: Test message\nSeverity: warning', 'submitted_by': 'tester', 'categories': ['test'], 'tags': ['conflict'], 'examples': ['Example 1'], 'applies_to': ['python'], 'applies_to_rationale': 'For Python code', 'user_story': 'Test user story', 'reason_for_change': 'Testing conflict flow.', 'references': 'Test reference.'}
INFO:httpx:HTTP Request: POST http://testserver/propose-rule-change "HTTP/1.1 422 Unprocessable Entity"
------------------------------ Captured log call -------------------------------
WARNING  rule_proposals:rule_proposals.py:230 [DEBUG] Incoming /propose-rule-change payload: {'rule_type': 'conflict_test', 'description': 'Test rule', 'diff': 'Pattern: def test_function():\nMessage: Test message\nSeverity: warning', 'submitted_by': 'tester', 'categories': ['test'], 'tags': ['conflict'], 'examples': ['Example 1'], 'applies_to': ['python'], 'applies_to_rationale': 'For Python code', 'user_story': 'Test user story', 'reason_for_change': 'Testing conflict flow.', 'references': 'Test reference.'}
WARNING  rule_proposals:rule_proposals.py:235 [SCOPE-DEBUG] ABSOLUTE FIRST: Incoming payload type: <class 'dict'>, repr: {'rule_type': 'conflict_test', 'description': 'Test rule', 'diff': 'Pattern: def test_function():\nMessage: Test message\nSeverity: warning', 'submitted_by': 'tester', 'categories': ['test'], 'tags': ['conflict'], 'examples': ['Example 1'], 'applies_to': ['python'], 'applies_to_rationale': 'For Python code', 'user_story': 'Test user story', 'reason_for_change': 'Testing conflict flow.', 'references': 'Test reference.'}
WARNING  rule_proposals:rule_proposals.py:247 [SCOPE-DEBUG] ABSOLUTE FIRST: After conversion, payload type: <class 'dict'>, repr: {'rule_type': 'conflict_test', 'description': 'Test rule', 'diff': 'Pattern: def test_function():\nMessage: Test message\nSeverity: warning', 'submitted_by': 'tester', 'categories': ['test'], 'tags': ['conflict'], 'examples': ['Example 1'], 'applies_to': ['python'], 'applies_to_rationale': 'For Python code', 'user_story': 'Test user story', 'reason_for_change': 'Testing conflict flow.', 'references': 'Test reference.'}
WARNING  rule_proposals:rule_proposals.py:248 [SCOPE-DEBUG] ABSOLUTE FIRST: payload.get('project'): None, payload.get('team'): None
WARNING  rule_proposals:rule_proposals.py:249 [SCOPE-DEBUG] ABSOLUTE FIRST: Incoming payload: {'rule_type': 'conflict_test', 'description': 'Test rule', 'diff': 'Pattern: def test_function():\nMessage: Test message\nSeverity: warning', 'submitted_by': 'tester', 'categories': ['test'], 'tags': ['conflict'], 'examples': ['Example 1'], 'applies_to': ['python'], 'applies_to_rationale': 'For Python code', 'user_story': 'Test user story', 'reason_for_change': 'Testing conflict flow.', 'references': 'Test reference.'}
WARNING  rule_proposals:rule_proposals.py:250 [SCOPE-DEBUG] ABSOLUTE FIRST: scope_level=None, project=None, team=None, scope_id=None
WARNING  rule_proposals:rule_proposals.py:281 [SCOPE-DEBUG] After resolution: scope_id=None, payload['scope_id']=None
ERROR    rule_proposals:rule_proposals.py:290 [422-RAISE] scope_id is not a valid UUID after resolution: None, payload={'rule_type': 'conflict_test', 'description': 'Test rule', 'diff': 'Pattern: def test_function():\nMessage: Test message\nSeverity: warning', 'submitted_by': 'tester', 'categories': ['test'], 'tags': ['conflict'], 'examples': ['Example 1'], 'applies_to': ['python'], 'applies_to_rationale': 'For Python code', 'user_story': 'Test user story', 'reason_for_change': 'Testing conflict flow.', 'references': 'Test reference.'}
INFO     httpx:_client.py:1025 HTTP Request: POST http://testserver/propose-rule-change "HTTP/1.1 422 Unprocessable Entity"
--------------------------- Captured stderr teardown ---------------------------
INFO:pytest-session:[fixture:clean_db:yielded] rules table columns: ['id', 'rule_type', 'description', 'diff', 'status', 'submitted_by', 'added_by', 'project', 'timestamp', 'version', 'categories', 'tags', 'examples', 'applies_to', 'applies_to_rationale', 'user_story', 'scope_level', 'scope_id', 'parent_rule_id', 'superseded_by']
---------------------------- Captured log teardown -----------------------------
INFO     pytest-session:conftest.py:46 [fixture:clean_db:yielded] rules table columns: ['id', 'rule_type', 'description', 'diff', 'status', 'submitted_by', 'added_by', 'project', 'timestamp', 'version', 'categories', 'tags', 'examples', 'applies_to', 'applies_to_rationale', 'user_story', 'scope_level', 'scope_id', 'parent_rule_id', 'superseded_by']
__________________________ test_rule_conflicts_delete __________________________
tests/test_rule_conflicts.py:548: in test_rule_conflicts_delete
    assert response.status_code == 200
E   assert 422 == 200
E    +  where 422 = <Response [422 Unprocessable Entity]>.status_code
---------------------------- Captured stdout setup -----------------------------
[DEBUG-get_db] ENVIRONMENT=test, POSTGRES_HOST=test-db
[DEBUG-get_db] ENVIRONMENT=test, POSTGRES_HOST=test-db
[TEST DEBUG] Created test project: project_id=4418cda6-eb1b-43f4-823c-9ec5708126b0, token=a3SYWBa5AqPTP9dXdD_D_4KB-6VGYGwdMqzwnF51ql0
---------------------------- Captured stderr setup -----------------------------
INFO:pytest-session:[test_end: test_rule_conflicts_update] rules table columns: ['id', 'rule_type', 'description', 'diff', 'status', 'submitted_by', 'added_by', 'project', 'timestamp', 'version', 'categories', 'tags', 'examples', 'applies_to', 'applies_to_rationale', 'user_story', 'scope_level', 'scope_id', 'parent_rule_id', 'superseded_by']
INFO:pytest-session:[test_start: test_rule_conflicts_delete] rules table columns: ['id', 'rule_type', 'description', 'diff', 'status', 'submitted_by', 'added_by', 'project', 'timestamp', 'version', 'categories', 'tags', 'examples', 'applies_to', 'applies_to_rationale', 'user_story', 'scope_level', 'scope_id', 'parent_rule_id', 'superseded_by']
INFO:pytest-session:[fixture:clean_db:before] rules table columns: ['id', 'rule_type', 'description', 'diff', 'status', 'submitted_by', 'added_by', 'project', 'timestamp', 'version', 'categories', 'tags', 'examples', 'applies_to', 'applies_to_rationale', 'user_story', 'scope_level', 'scope_id', 'parent_rule_id', 'superseded_by']
INFO:pytest-session:[fixture:clean_db:after] rules table columns: ['id', 'rule_type', 'description', 'diff', 'status', 'submitted_by', 'added_by', 'project', 'timestamp', 'version', 'categories', 'tags', 'examples', 'applies_to', 'applies_to_rationale', 'user_story', 'scope_level', 'scope_id', 'parent_rule_id', 'superseded_by']
INFO:pytest-session:[fixture:test_project:before] rules table columns: ['id', 'rule_type', 'description', 'diff', 'status', 'submitted_by', 'added_by', 'project', 'timestamp', 'version', 'categories', 'tags', 'examples', 'applies_to', 'applies_to_rationale', 'user_story', 'scope_level', 'scope_id', 'parent_rule_id', 'superseded_by']
INFO:httpx:HTTP Request: POST http://testserver/onboarding/init "HTTP/1.1 200 OK"
INFO:pytest-session:[fixture:test_project:after] rules table columns: ['id', 'rule_type', 'description', 'diff', 'status', 'submitted_by', 'added_by', 'project', 'timestamp', 'version', 'categories', 'tags', 'examples', 'applies_to', 'applies_to_rationale', 'user_story', 'scope_level', 'scope_id', 'parent_rule_id', 'superseded_by']
------------------------------ Captured log setup ------------------------------
INFO     pytest-session:conftest.py:46 [fixture:clean_db:before] rules table columns: ['id', 'rule_type', 'description', 'diff', 'status', 'submitted_by', 'added_by', 'project', 'timestamp', 'version', 'categories', 'tags', 'examples', 'applies_to', 'applies_to_rationale', 'user_story', 'scope_level', 'scope_id', 'parent_rule_id', 'superseded_by']
INFO     pytest-session:conftest.py:46 [fixture:clean_db:after] rules table columns: ['id', 'rule_type', 'description', 'diff', 'status', 'submitted_by', 'added_by', 'project', 'timestamp', 'version', 'categories', 'tags', 'examples', 'applies_to', 'applies_to_rationale', 'user_story', 'scope_level', 'scope_id', 'parent_rule_id', 'superseded_by']
INFO     pytest-session:conftest.py:46 [fixture:test_project:before] rules table columns: ['id', 'rule_type', 'description', 'diff', 'status', 'submitted_by', 'added_by', 'project', 'timestamp', 'version', 'categories', 'tags', 'examples', 'applies_to', 'applies_to_rationale', 'user_story', 'scope_level', 'scope_id', 'parent_rule_id', 'superseded_by']
INFO     httpx:_client.py:1025 HTTP Request: POST http://testserver/onboarding/init "HTTP/1.1 200 OK"
INFO     pytest-session:conftest.py:46 [fixture:test_project:after] rules table columns: ['id', 'rule_type', 'description', 'diff', 'status', 'submitted_by', 'added_by', 'project', 'timestamp', 'version', 'categories', 'tags', 'examples', 'applies_to', 'applies_to_rationale', 'user_story', 'scope_level', 'scope_id', 'parent_rule_id', 'superseded_by']
----------------------------- Captured stdout call -----------------------------
[DEBUG-get_db] ENVIRONMENT=test, POSTGRES_HOST=test-db
RESPONSE BODY: {"detail":"scope_id must be a valid UUID after resolution."}
----------------------------- Captured stderr call -----------------------------
WARNING:rule_proposals:[DEBUG] Incoming /propose-rule-change payload: {'rule_type': 'conflict_test', 'description': 'Test rule', 'diff': 'Pattern: def test_function():\nMessage: Test message\nSeverity: warning', 'submitted_by': 'tester', 'categories': ['test'], 'tags': ['conflict'], 'examples': ['Example 1'], 'applies_to': ['python'], 'applies_to_rationale': 'For Python code', 'user_story': 'Test user story', 'reason_for_change': 'Testing conflict flow.', 'references': 'Test reference.'}
WARNING:rule_proposals:[SCOPE-DEBUG] ABSOLUTE FIRST: Incoming payload type: <class 'dict'>, repr: {'rule_type': 'conflict_test', 'description': 'Test rule', 'diff': 'Pattern: def test_function():\nMessage: Test message\nSeverity: warning', 'submitted_by': 'tester', 'categories': ['test'], 'tags': ['conflict'], 'examples': ['Example 1'], 'applies_to': ['python'], 'applies_to_rationale': 'For Python code', 'user_story': 'Test user story', 'reason_for_change': 'Testing conflict flow.', 'references': 'Test reference.'}
WARNING:rule_proposals:[SCOPE-DEBUG] ABSOLUTE FIRST: After conversion, payload type: <class 'dict'>, repr: {'rule_type': 'conflict_test', 'description': 'Test rule', 'diff': 'Pattern: def test_function():\nMessage: Test message\nSeverity: warning', 'submitted_by': 'tester', 'categories': ['test'], 'tags': ['conflict'], 'examples': ['Example 1'], 'applies_to': ['python'], 'applies_to_rationale': 'For Python code', 'user_story': 'Test user story', 'reason_for_change': 'Testing conflict flow.', 'references': 'Test reference.'}
WARNING:rule_proposals:[SCOPE-DEBUG] ABSOLUTE FIRST: payload.get('project'): None, payload.get('team'): None
WARNING:rule_proposals:[SCOPE-DEBUG] ABSOLUTE FIRST: Incoming payload: {'rule_type': 'conflict_test', 'description': 'Test rule', 'diff': 'Pattern: def test_function():\nMessage: Test message\nSeverity: warning', 'submitted_by': 'tester', 'categories': ['test'], 'tags': ['conflict'], 'examples': ['Example 1'], 'applies_to': ['python'], 'applies_to_rationale': 'For Python code', 'user_story': 'Test user story', 'reason_for_change': 'Testing conflict flow.', 'references': 'Test reference.'}
WARNING:rule_proposals:[SCOPE-DEBUG] ABSOLUTE FIRST: scope_level=None, project=None, team=None, scope_id=None
WARNING:rule_proposals:[SCOPE-DEBUG] After resolution: scope_id=None, payload['scope_id']=None
ERROR:rule_proposals:[422-RAISE] scope_id is not a valid UUID after resolution: None, payload={'rule_type': 'conflict_test', 'description': 'Test rule', 'diff': 'Pattern: def test_function():\nMessage: Test message\nSeverity: warning', 'submitted_by': 'tester', 'categories': ['test'], 'tags': ['conflict'], 'examples': ['Example 1'], 'applies_to': ['python'], 'applies_to_rationale': 'For Python code', 'user_story': 'Test user story', 'reason_for_change': 'Testing conflict flow.', 'references': 'Test reference.'}
INFO:httpx:HTTP Request: POST http://testserver/propose-rule-change "HTTP/1.1 422 Unprocessable Entity"
------------------------------ Captured log call -------------------------------
WARNING  rule_proposals:rule_proposals.py:230 [DEBUG] Incoming /propose-rule-change payload: {'rule_type': 'conflict_test', 'description': 'Test rule', 'diff': 'Pattern: def test_function():\nMessage: Test message\nSeverity: warning', 'submitted_by': 'tester', 'categories': ['test'], 'tags': ['conflict'], 'examples': ['Example 1'], 'applies_to': ['python'], 'applies_to_rationale': 'For Python code', 'user_story': 'Test user story', 'reason_for_change': 'Testing conflict flow.', 'references': 'Test reference.'}
WARNING  rule_proposals:rule_proposals.py:235 [SCOPE-DEBUG] ABSOLUTE FIRST: Incoming payload type: <class 'dict'>, repr: {'rule_type': 'conflict_test', 'description': 'Test rule', 'diff': 'Pattern: def test_function():\nMessage: Test message\nSeverity: warning', 'submitted_by': 'tester', 'categories': ['test'], 'tags': ['conflict'], 'examples': ['Example 1'], 'applies_to': ['python'], 'applies_to_rationale': 'For Python code', 'user_story': 'Test user story', 'reason_for_change': 'Testing conflict flow.', 'references': 'Test reference.'}
WARNING  rule_proposals:rule_proposals.py:247 [SCOPE-DEBUG] ABSOLUTE FIRST: After conversion, payload type: <class 'dict'>, repr: {'rule_type': 'conflict_test', 'description': 'Test rule', 'diff': 'Pattern: def test_function():\nMessage: Test message\nSeverity: warning', 'submitted_by': 'tester', 'categories': ['test'], 'tags': ['conflict'], 'examples': ['Example 1'], 'applies_to': ['python'], 'applies_to_rationale': 'For Python code', 'user_story': 'Test user story', 'reason_for_change': 'Testing conflict flow.', 'references': 'Test reference.'}
WARNING  rule_proposals:rule_proposals.py:248 [SCOPE-DEBUG] ABSOLUTE FIRST: payload.get('project'): None, payload.get('team'): None
WARNING  rule_proposals:rule_proposals.py:249 [SCOPE-DEBUG] ABSOLUTE FIRST: Incoming payload: {'rule_type': 'conflict_test', 'description': 'Test rule', 'diff': 'Pattern: def test_function():\nMessage: Test message\nSeverity: warning', 'submitted_by': 'tester', 'categories': ['test'], 'tags': ['conflict'], 'examples': ['Example 1'], 'applies_to': ['python'], 'applies_to_rationale': 'For Python code', 'user_story': 'Test user story', 'reason_for_change': 'Testing conflict flow.', 'references': 'Test reference.'}
WARNING  rule_proposals:rule_proposals.py:250 [SCOPE-DEBUG] ABSOLUTE FIRST: scope_level=None, project=None, team=None, scope_id=None
WARNING  rule_proposals:rule_proposals.py:281 [SCOPE-DEBUG] After resolution: scope_id=None, payload['scope_id']=None
ERROR    rule_proposals:rule_proposals.py:290 [422-RAISE] scope_id is not a valid UUID after resolution: None, payload={'rule_type': 'conflict_test', 'description': 'Test rule', 'diff': 'Pattern: def test_function():\nMessage: Test message\nSeverity: warning', 'submitted_by': 'tester', 'categories': ['test'], 'tags': ['conflict'], 'examples': ['Example 1'], 'applies_to': ['python'], 'applies_to_rationale': 'For Python code', 'user_story': 'Test user story', 'reason_for_change': 'Testing conflict flow.', 'references': 'Test reference.'}
INFO     httpx:_client.py:1025 HTTP Request: POST http://testserver/propose-rule-change "HTTP/1.1 422 Unprocessable Entity"
--------------------------- Captured stderr teardown ---------------------------
INFO:pytest-session:[fixture:clean_db:yielded] rules table columns: ['id', 'rule_type', 'description', 'diff', 'status', 'submitted_by', 'added_by', 'project', 'timestamp', 'version', 'categories', 'tags', 'examples', 'applies_to', 'applies_to_rationale', 'user_story', 'scope_level', 'scope_id', 'parent_rule_id', 'superseded_by']
---------------------------- Captured log teardown -----------------------------
INFO     pytest-session:conftest.py:46 [fixture:clean_db:yielded] rules table columns: ['id', 'rule_type', 'description', 'diff', 'status', 'submitted_by', 'added_by', 'project', 'timestamp', 'version', 'categories', 'tags', 'examples', 'applies_to', 'applies_to_rationale', 'user_story', 'scope_level', 'scope_id', 'parent_rule_id', 'superseded_by']
_______________________ test_rule_enforcement_versioning _______________________
tests/test_rule_enforcement.py:351: in test_rule_enforcement_versioning
    assert updated_rule_response.status_code == 404
E   assert 200 == 404
E    +  where 200 = <Response [200 OK]>.status_code
---------------------------- Captured stdout setup -----------------------------
[DEBUG-get_db] ENVIRONMENT=test, POSTGRES_HOST=test-db
[DEBUG-get_db] ENVIRONMENT=test, POSTGRES_HOST=test-db
[TEST DEBUG] Created test project: project_id=976ce437-b49b-46c5-8714-b015d547366d, token=DvB_n9r75KmeljyCALNwXcM_qDRRHeSjMjT-HPyLuZo
---------------------------- Captured stderr setup -----------------------------
INFO:pytest-session:[test_end: test_rule_enforcement_scope_hierarchy_invalid_promotion] rules table columns: ['id', 'rule_type', 'description', 'diff', 'status', 'submitted_by', 'added_by', 'project', 'timestamp', 'version', 'categories', 'tags', 'examples', 'applies_to', 'applies_to_rationale', 'user_story', 'scope_level', 'scope_id', 'parent_rule_id', 'superseded_by']
INFO:pytest-session:[test_start: test_rule_enforcement_versioning] rules table columns: ['id', 'rule_type', 'description', 'diff', 'status', 'submitted_by', 'added_by', 'project', 'timestamp', 'version', 'categories', 'tags', 'examples', 'applies_to', 'applies_to_rationale', 'user_story', 'scope_level', 'scope_id', 'parent_rule_id', 'superseded_by']
INFO:pytest-session:[fixture:clean_db:before] rules table columns: ['id', 'rule_type', 'description', 'diff', 'status', 'submitted_by', 'added_by', 'project', 'timestamp', 'version', 'categories', 'tags', 'examples', 'applies_to', 'applies_to_rationale', 'user_story', 'scope_level', 'scope_id', 'parent_rule_id', 'superseded_by']
INFO:pytest-session:[fixture:clean_db:after] rules table columns: ['id', 'rule_type', 'description', 'diff', 'status', 'submitted_by', 'added_by', 'project', 'timestamp', 'version', 'categories', 'tags', 'examples', 'applies_to', 'applies_to_rationale', 'user_story', 'scope_level', 'scope_id', 'parent_rule_id', 'superseded_by']
INFO:pytest-session:[fixture:test_project:before] rules table columns: ['id', 'rule_type', 'description', 'diff', 'status', 'submitted_by', 'added_by', 'project', 'timestamp', 'version', 'categories', 'tags', 'examples', 'applies_to', 'applies_to_rationale', 'user_story', 'scope_level', 'scope_id', 'parent_rule_id', 'superseded_by']
INFO:httpx:HTTP Request: POST http://testserver/onboarding/init "HTTP/1.1 200 OK"
INFO:pytest-session:[fixture:test_project:after] rules table columns: ['id', 'rule_type', 'description', 'diff', 'status', 'submitted_by', 'added_by', 'project', 'timestamp', 'version', 'categories', 'tags', 'examples', 'applies_to', 'applies_to_rationale', 'user_story', 'scope_level', 'scope_id', 'parent_rule_id', 'superseded_by']
------------------------------ Captured log setup ------------------------------
INFO     pytest-session:conftest.py:46 [fixture:clean_db:before] rules table columns: ['id', 'rule_type', 'description', 'diff', 'status', 'submitted_by', 'added_by', 'project', 'timestamp', 'version', 'categories', 'tags', 'examples', 'applies_to', 'applies_to_rationale', 'user_story', 'scope_level', 'scope_id', 'parent_rule_id', 'superseded_by']
INFO     pytest-session:conftest.py:46 [fixture:clean_db:after] rules table columns: ['id', 'rule_type', 'description', 'diff', 'status', 'submitted_by', 'added_by', 'project', 'timestamp', 'version', 'categories', 'tags', 'examples', 'applies_to', 'applies_to_rationale', 'user_story', 'scope_level', 'scope_id', 'parent_rule_id', 'superseded_by']
INFO     pytest-session:conftest.py:46 [fixture:test_project:before] rules table columns: ['id', 'rule_type', 'description', 'diff', 'status', 'submitted_by', 'added_by', 'project', 'timestamp', 'version', 'categories', 'tags', 'examples', 'applies_to', 'applies_to_rationale', 'user_story', 'scope_level', 'scope_id', 'parent_rule_id', 'superseded_by']
INFO     httpx:_client.py:1025 HTTP Request: POST http://testserver/onboarding/init "HTTP/1.1 200 OK"
INFO     pytest-session:conftest.py:46 [fixture:test_project:after] rules table columns: ['id', 'rule_type', 'description', 'diff', 'status', 'submitted_by', 'added_by', 'project', 'timestamp', 'version', 'categories', 'tags', 'examples', 'applies_to', 'applies_to_rationale', 'user_story', 'scope_level', 'scope_id', 'parent_rule_id', 'superseded_by']
----------------------------- Captured stdout call -----------------------------
[DEBUG-get_db] ENVIRONMENT=test, POSTGRES_HOST=test-db
[DEBUG-get_db] ENVIRONMENT=test, POSTGRES_HOST=test-db
[DEBUG-get_db] ENVIRONMENT=test, POSTGRES_HOST=test-db
[DEBUG-get_db] ENVIRONMENT=test, POSTGRES_HOST=test-db
[DEBUG-get_db] ENVIRONMENT=test, POSTGRES_HOST=test-db
----------------------------- Captured stderr call -----------------------------
WARNING:rule_proposals:[DEBUG] Incoming /propose-rule-change payload: {'rule_type': 'versioned_rule', 'description': 'Initial version', 'diff': '# Rule: Versioned Rule\n## Description\nThis is the initial version of the rule.\n## Enforcement\nInitial enforcement mechanism.', 'submitted_by': 'tester', 'categories': ['test'], 'tags': ['versioning'], 'examples': ['Example 1'], 'applies_to': ['python'], 'applies_to_rationale': 'For Python code', 'user_story': 'Test user story', 'reason_for_change': 'Testing enforcement flow.', 'references': 'Test reference.', 'scope_level': 'project', 'project': 'test-project'}
WARNING:rule_proposals:[SCOPE-DEBUG] ABSOLUTE FIRST: Incoming payload type: <class 'dict'>, repr: {'rule_type': 'versioned_rule', 'description': 'Initial version', 'diff': '# Rule: Versioned Rule\n## Description\nThis is the initial version of the rule.\n## Enforcement\nInitial enforcement mechanism.', 'submitted_by': 'tester', 'categories': ['test'], 'tags': ['versioning'], 'examples': ['Example 1'], 'applies_to': ['python'], 'applies_to_rationale': 'For Python code', 'user_story': 'Test user story', 'reason_for_change': 'Testing enforcement flow.', 'references': 'Test reference.', 'scope_level': 'project', 'project': 'test-project'}
WARNING:rule_proposals:[SCOPE-DEBUG] ABSOLUTE FIRST: After conversion, payload type: <class 'dict'>, repr: {'rule_type': 'versioned_rule', 'description': 'Initial version', 'diff': '# Rule: Versioned Rule\n## Description\nThis is the initial version of the rule.\n## Enforcement\nInitial enforcement mechanism.', 'submitted_by': 'tester', 'categories': ['test'], 'tags': ['versioning'], 'examples': ['Example 1'], 'applies_to': ['python'], 'applies_to_rationale': 'For Python code', 'user_story': 'Test user story', 'reason_for_change': 'Testing enforcement flow.', 'references': 'Test reference.', 'scope_level': 'project', 'project': 'test-project'}
WARNING:rule_proposals:[SCOPE-DEBUG] ABSOLUTE FIRST: payload.get('project'): test-project, payload.get('team'): None
WARNING:rule_proposals:[SCOPE-DEBUG] ABSOLUTE FIRST: Incoming payload: {'rule_type': 'versioned_rule', 'description': 'Initial version', 'diff': '# Rule: Versioned Rule\n## Description\nThis is the initial version of the rule.\n## Enforcement\nInitial enforcement mechanism.', 'submitted_by': 'tester', 'categories': ['test'], 'tags': ['versioning'], 'examples': ['Example 1'], 'applies_to': ['python'], 'applies_to_rationale': 'For Python code', 'user_story': 'Test user story', 'reason_for_change': 'Testing enforcement flow.', 'references': 'Test reference.', 'scope_level': 'project', 'project': 'test-project'}
WARNING:rule_proposals:[SCOPE-DEBUG] ABSOLUTE FIRST: scope_level=project, project=test-project, team=None, scope_id=None
WARNING:rule_proposals:[SCOPE-DEBUG] Attempting to resolve project name 'test-project' to UUID...
WARNING:rule_proposals:[SCOPE-RESOLVE] Project 'test-project' resolved to UUID: d93d17df-2081-474c-a612-c45930e9249a
WARNING:rule_proposals:[SCOPE-DEBUG] After resolution: scope_id=d93d17df-2081-474c-a612-c45930e9249a, payload['scope_id']=d93d17df-2081-474c-a612-c45930e9249a
WARNING:rule_proposals:[CONFLICT-DEBUG] Checking for conflicts: rule_type=versioned_rule, diff=# Rule: Versioned Rule
## Description
This is the initial version of the rule.
## Enforcement
Initial enforcement mechanism., scope_level=project, scope_id=d93d17df-2081-474c-a612-c45930e9249a
WARNING:rule_proposals:[MDC-VALIDATION] is_valid=True, error_msg=None, diff=# Rule: Versioned Rule
## Description
This is the initial version of the rule.
## Enforcement
Initial enforcement mechanism.
DEBUG:examples_normalization:clean_examples_field input: ['Example 1']
DEBUG:examples_normalization:clean_examples_field output: ['Example 1'] (flattened list)
DEBUG:examples_normalization:[normalize_rule_dict] output: {'id': '57509021-09a9-4f35-aab6-4d0e88b4d1e5', 'rule_type': 'versioned_rule', 'description': 'Initial version', 'diff': '# Rule: Versioned Rule\n## Description\nThis is the initial version of the rule.\n## Enforcement\nInitial enforcement mechanism.', 'submitted_by': 'tester', 'categories': ['test'], 'tags': ['versioning'], 'examples': ['Example 1'], 'applies_to': ['python'], 'applies_to_rationale': 'For Python code', 'user_story': 'Test user story', 'scope_level': 'project', 'scope_id': 'd93d17df-2081-474c-a612-c45930e9249a', 'parent_rule_id': None, 'reason_for_change': 'Testing enforcement flow.', 'references': 'Test reference.', 'status': 'pending', 'version': 1, 'timestamp': '2025-06-13T18:02:06.104528', 'added_by': '', 'project': ''}
INFO:httpx:HTTP Request: POST http://testserver/propose-rule-change "HTTP/1.1 200 OK"
INFO:auth.require_api_token:[require_api_token] Valid token: DvB_n9r75KmeljyCALNwXcM_qDRRHeSjMjT-HPyLuZo, role: admin, active: True
WARNING:rule_proposals:[DEBUG] approve_rule_change raw proposal object: <db.Proposal object at 0xffff841ee750>
DEBUG:examples_normalization:clean_examples_field input: ['Example 1']
DEBUG:examples_normalization:clean_examples_field output: ['Example 1'] (flattened list)
DEBUG:examples_normalization:[normalize_rule_dict] output: {'id': '57509021-09a9-4f35-aab6-4d0e88b4d1e5', 'rule_type': 'versioned_rule', 'description': 'Initial version', 'diff': '# Rule: Versioned Rule\n## Description\nThis is the initial version of the rule.\n## Enforcement\nInitial enforcement mechanism.', 'submitted_by': 'tester', 'categories': ['test'], 'tags': ['versioning'], 'examples': ['Example 1'], 'applies_to': ['python'], 'applies_to_rationale': 'For Python code', 'user_story': 'Test user story', 'scope_level': 'project', 'scope_id': 'd93d17df-2081-474c-a612-c45930e9249a', 'parent_rule_id': '57509021-09a9-4f35-aab6-4d0e88b4d1e5', 'reason_for_change': 'Testing enforcement flow.', 'references': 'Test reference.', 'status': 'approved', 'version': 1, 'timestamp': '2025-06-13T18:02:06.104528', 'added_by': '', 'project': ''}
INFO:httpx:HTTP Request: PUT http://testserver/rule-changes/57509021-09a9-4f35-aab6-4d0e88b4d1e5/approve "HTTP/1.1 200 OK"
WARNING:rule_proposals:[DEBUG] Incoming /propose-rule-change payload: {'rule_type': 'versioned_rule', 'description': 'Updated version', 'diff': '# Rule: Versioned Rule\n## Description\nThis is the updated version of the rule.\n## Enforcement\nUpdated enforcement mechanism.', 'submitted_by': 'tester', 'categories': ['test'], 'tags': ['versioning'], 'rule_id': '57509021-09a9-4f35-aab6-4d0e88b4d1e5', 'examples': ['Example 1'], 'applies_to': ['python'], 'applies_to_rationale': 'For Python code', 'user_story': 'Test user story', 'reason_for_change': 'Testing enforcement flow.', 'references': 'Test reference.', 'scope_level': 'project', 'project': 'test-project'}
WARNING:rule_proposals:[SCOPE-DEBUG] ABSOLUTE FIRST: Incoming payload type: <class 'dict'>, repr: {'rule_type': 'versioned_rule', 'description': 'Updated version', 'diff': '# Rule: Versioned Rule\n## Description\nThis is the updated version of the rule.\n## Enforcement\nUpdated enforcement mechanism.', 'submitted_by': 'tester', 'categories': ['test'], 'tags': ['versioning'], 'rule_id': '57509021-09a9-4f35-aab6-4d0e88b4d1e5', 'examples': ['Example 1'], 'applies_to': ['python'], 'applies_to_rationale': 'For Python code', 'user_story': 'Test user story', 'reason_for_change': 'Testing enforcement flow.', 'references': 'Test reference.', 'scope_level': 'project', 'project': 'test-project'}
WARNING:rule_proposals:[SCOPE-DEBUG] ABSOLUTE FIRST: After conversion, payload type: <class 'dict'>, repr: {'rule_type': 'versioned_rule', 'description': 'Updated version', 'diff': '# Rule: Versioned Rule\n## Description\nThis is the updated version of the rule.\n## Enforcement\nUpdated enforcement mechanism.', 'submitted_by': 'tester', 'categories': ['test'], 'tags': ['versioning'], 'rule_id': '57509021-09a9-4f35-aab6-4d0e88b4d1e5', 'examples': ['Example 1'], 'applies_to': ['python'], 'applies_to_rationale': 'For Python code', 'user_story': 'Test user story', 'reason_for_change': 'Testing enforcement flow.', 'references': 'Test reference.', 'scope_level': 'project', 'project': 'test-project'}
WARNING:rule_proposals:[SCOPE-DEBUG] ABSOLUTE FIRST: payload.get('project'): test-project, payload.get('team'): None
WARNING:rule_proposals:[SCOPE-DEBUG] ABSOLUTE FIRST: Incoming payload: {'rule_type': 'versioned_rule', 'description': 'Updated version', 'diff': '# Rule: Versioned Rule\n## Description\nThis is the updated version of the rule.\n## Enforcement\nUpdated enforcement mechanism.', 'submitted_by': 'tester', 'categories': ['test'], 'tags': ['versioning'], 'rule_id': '57509021-09a9-4f35-aab6-4d0e88b4d1e5', 'examples': ['Example 1'], 'applies_to': ['python'], 'applies_to_rationale': 'For Python code', 'user_story': 'Test user story', 'reason_for_change': 'Testing enforcement flow.', 'references': 'Test reference.', 'scope_level': 'project', 'project': 'test-project'}
WARNING:rule_proposals:[SCOPE-DEBUG] ABSOLUTE FIRST: scope_level=project, project=test-project, team=None, scope_id=None
WARNING:rule_proposals:[SCOPE-DEBUG] Attempting to resolve project name 'test-project' to UUID...
WARNING:rule_proposals:[SCOPE-RESOLVE] Project 'test-project' resolved to UUID: d93d17df-2081-474c-a612-c45930e9249a
WARNING:rule_proposals:[SCOPE-DEBUG] After resolution: scope_id=d93d17df-2081-474c-a612-c45930e9249a, payload['scope_id']=d93d17df-2081-474c-a612-c45930e9249a
WARNING:rule_proposals:[CONFLICT-DEBUG] Checking for conflicts: rule_type=versioned_rule, diff=# Rule: Versioned Rule
## Description
This is the updated version of the rule.
## Enforcement
Updated enforcement mechanism., scope_level=project, scope_id=d93d17df-2081-474c-a612-c45930e9249a
WARNING:rule_proposals:[MDC-VALIDATION] is_valid=True, error_msg=None, diff=# Rule: Versioned Rule
## Description
This is the updated version of the rule.
## Enforcement
Updated enforcement mechanism.
DEBUG:examples_normalization:clean_examples_field input: ['Example 1']
DEBUG:examples_normalization:clean_examples_field output: ['Example 1'] (flattened list)
DEBUG:examples_normalization:[normalize_rule_dict] output: {'id': '4670e3b4-264e-495b-93f3-bc0f47c5d0f8', 'rule_type': 'versioned_rule', 'description': 'Updated version', 'diff': '# Rule: Versioned Rule\n## Description\nThis is the updated version of the rule.\n## Enforcement\nUpdated enforcement mechanism.', 'submitted_by': 'tester', 'categories': ['test'], 'tags': ['versioning'], 'examples': ['Example 1'], 'applies_to': ['python'], 'applies_to_rationale': 'For Python code', 'user_story': 'Test user story', 'scope_level': 'project', 'scope_id': 'd93d17df-2081-474c-a612-c45930e9249a', 'parent_rule_id': None, 'reason_for_change': 'Testing enforcement flow.', 'references': 'Test reference.', 'status': 'pending', 'version': 1, 'timestamp': '2025-06-13T18:02:06.113394', 'added_by': '', 'project': ''}
INFO:httpx:HTTP Request: POST http://testserver/propose-rule-change "HTTP/1.1 200 OK"
INFO:auth.require_api_token:[require_api_token] Valid token: DvB_n9r75KmeljyCALNwXcM_qDRRHeSjMjT-HPyLuZo, role: admin, active: True
WARNING:rule_proposals:[DEBUG] approve_rule_change raw proposal object: <db.Proposal object at 0xffff82df5a90>
DEBUG:examples_normalization:clean_examples_field input: ['Example 1']
DEBUG:examples_normalization:clean_examples_field output: ['Example 1'] (flattened list)
DEBUG:examples_normalization:[normalize_rule_dict] output: {'id': '4670e3b4-264e-495b-93f3-bc0f47c5d0f8', 'rule_type': 'versioned_rule', 'description': 'Updated version', 'diff': '# Rule: Versioned Rule\n## Description\nThis is the updated version of the rule.\n## Enforcement\nUpdated enforcement mechanism.', 'submitted_by': 'tester', 'categories': ['test'], 'tags': ['versioning'], 'examples': ['Example 1'], 'applies_to': ['python'], 'applies_to_rationale': 'For Python code', 'user_story': 'Test user story', 'scope_level': 'project', 'scope_id': 'd93d17df-2081-474c-a612-c45930e9249a', 'parent_rule_id': '4670e3b4-264e-495b-93f3-bc0f47c5d0f8', 'reason_for_change': 'Testing enforcement flow.', 'references': 'Test reference.', 'status': 'approved', 'version': 1, 'timestamp': '2025-06-13T18:02:06.113394', 'added_by': '', 'project': ''}
INFO:httpx:HTTP Request: PUT http://testserver/rule-changes/4670e3b4-264e-495b-93f3-bc0f47c5d0f8/approve "HTTP/1.1 200 OK"
INFO:httpx:HTTP Request: GET http://testserver/rules/57509021-09a9-4f35-aab6-4d0e88b4d1e5 "HTTP/1.1 200 OK"
------------------------------ Captured log call -------------------------------
WARNING  rule_proposals:rule_proposals.py:230 [DEBUG] Incoming /propose-rule-change payload: {'rule_type': 'versioned_rule', 'description': 'Initial version', 'diff': '# Rule: Versioned Rule\n## Description\nThis is the initial version of the rule.\n## Enforcement\nInitial enforcement mechanism.', 'submitted_by': 'tester', 'categories': ['test'], 'tags': ['versioning'], 'examples': ['Example 1'], 'applies_to': ['python'], 'applies_to_rationale': 'For Python code', 'user_story': 'Test user story', 'reason_for_change': 'Testing enforcement flow.', 'references': 'Test reference.', 'scope_level': 'project', 'project': 'test-project'}
WARNING  rule_proposals:rule_proposals.py:235 [SCOPE-DEBUG] ABSOLUTE FIRST: Incoming payload type: <class 'dict'>, repr: {'rule_type': 'versioned_rule', 'description': 'Initial version', 'diff': '# Rule: Versioned Rule\n## Description\nThis is the initial version of the rule.\n## Enforcement\nInitial enforcement mechanism.', 'submitted_by': 'tester', 'categories': ['test'], 'tags': ['versioning'], 'examples': ['Example 1'], 'applies_to': ['python'], 'applies_to_rationale': 'For Python code', 'user_story': 'Test user story', 'reason_for_change': 'Testing enforcement flow.', 'references': 'Test reference.', 'scope_level': 'project', 'project': 'test-project'}
WARNING  rule_proposals:rule_proposals.py:247 [SCOPE-DEBUG] ABSOLUTE FIRST: After conversion, payload type: <class 'dict'>, repr: {'rule_type': 'versioned_rule', 'description': 'Initial version', 'diff': '# Rule: Versioned Rule\n## Description\nThis is the initial version of the rule.\n## Enforcement\nInitial enforcement mechanism.', 'submitted_by': 'tester', 'categories': ['test'], 'tags': ['versioning'], 'examples': ['Example 1'], 'applies_to': ['python'], 'applies_to_rationale': 'For Python code', 'user_story': 'Test user story', 'reason_for_change': 'Testing enforcement flow.', 'references': 'Test reference.', 'scope_level': 'project', 'project': 'test-project'}
WARNING  rule_proposals:rule_proposals.py:248 [SCOPE-DEBUG] ABSOLUTE FIRST: payload.get('project'): test-project, payload.get('team'): None
WARNING  rule_proposals:rule_proposals.py:249 [SCOPE-DEBUG] ABSOLUTE FIRST: Incoming payload: {'rule_type': 'versioned_rule', 'description': 'Initial version', 'diff': '# Rule: Versioned Rule\n## Description\nThis is the initial version of the rule.\n## Enforcement\nInitial enforcement mechanism.', 'submitted_by': 'tester', 'categories': ['test'], 'tags': ['versioning'], 'examples': ['Example 1'], 'applies_to': ['python'], 'applies_to_rationale': 'For Python code', 'user_story': 'Test user story', 'reason_for_change': 'Testing enforcement flow.', 'references': 'Test reference.', 'scope_level': 'project', 'project': 'test-project'}
WARNING  rule_proposals:rule_proposals.py:250 [SCOPE-DEBUG] ABSOLUTE FIRST: scope_level=project, project=test-project, team=None, scope_id=None
WARNING  rule_proposals:rule_proposals.py:254 [SCOPE-DEBUG] Attempting to resolve project name 'test-project' to UUID...
WARNING  rule_proposals:rule_proposals.py:257 [SCOPE-RESOLVE] Project 'test-project' resolved to UUID: d93d17df-2081-474c-a612-c45930e9249a
WARNING  rule_proposals:rule_proposals.py:281 [SCOPE-DEBUG] After resolution: scope_id=d93d17df-2081-474c-a612-c45930e9249a, payload['scope_id']=d93d17df-2081-474c-a612-c45930e9249a
WARNING  rule_proposals:rule_proposals.py:293 [CONFLICT-DEBUG] Checking for conflicts: rule_type=versioned_rule, diff=# Rule: Versioned Rule
## Description
This is the initial version of the rule.
## Enforcement
Initial enforcement mechanism., scope_level=project, scope_id=d93d17df-2081-474c-a612-c45930e9249a
WARNING  rule_proposals:rule_proposals.py:333 [MDC-VALIDATION] is_valid=True, error_msg=None, diff=# Rule: Versioned Rule
## Description
This is the initial version of the rule.
## Enforcement
Initial enforcement mechanism.
DEBUG    examples_normalization:normalization.py:50 clean_examples_field input: ['Example 1']
DEBUG    examples_normalization:normalization.py:111 clean_examples_field output: ['Example 1'] (flattened list)
DEBUG    examples_normalization:normalization.py:165 [normalize_rule_dict] output: {'id': '57509021-09a9-4f35-aab6-4d0e88b4d1e5', 'rule_type': 'versioned_rule', 'description': 'Initial version', 'diff': '# Rule: Versioned Rule\n## Description\nThis is the initial version of the rule.\n## Enforcement\nInitial enforcement mechanism.', 'submitted_by': 'tester', 'categories': ['test'], 'tags': ['versioning'], 'examples': ['Example 1'], 'applies_to': ['python'], 'applies_to_rationale': 'For Python code', 'user_story': 'Test user story', 'scope_level': 'project', 'scope_id': 'd93d17df-2081-474c-a612-c45930e9249a', 'parent_rule_id': None, 'reason_for_change': 'Testing enforcement flow.', 'references': 'Test reference.', 'status': 'pending', 'version': 1, 'timestamp': '2025-06-13T18:02:06.104528', 'added_by': '', 'project': ''}
INFO     httpx:_client.py:1025 HTTP Request: POST http://testserver/propose-rule-change "HTTP/1.1 200 OK"
INFO     auth.require_api_token:auth.py:35 [require_api_token] Valid token: DvB_n9r75KmeljyCALNwXcM_qDRRHeSjMjT-HPyLuZo, role: admin, active: True
WARNING  rule_proposals:rule_proposals.py:461 [DEBUG] approve_rule_change raw proposal object: <db.Proposal object at 0xffff841ee750>
DEBUG    examples_normalization:normalization.py:50 clean_examples_field input: ['Example 1']
DEBUG    examples_normalization:normalization.py:111 clean_examples_field output: ['Example 1'] (flattened list)
DEBUG    examples_normalization:normalization.py:165 [normalize_rule_dict] output: {'id': '57509021-09a9-4f35-aab6-4d0e88b4d1e5', 'rule_type': 'versioned_rule', 'description': 'Initial version', 'diff': '# Rule: Versioned Rule\n## Description\nThis is the initial version of the rule.\n## Enforcement\nInitial enforcement mechanism.', 'submitted_by': 'tester', 'categories': ['test'], 'tags': ['versioning'], 'examples': ['Example 1'], 'applies_to': ['python'], 'applies_to_rationale': 'For Python code', 'user_story': 'Test user story', 'scope_level': 'project', 'scope_id': 'd93d17df-2081-474c-a612-c45930e9249a', 'parent_rule_id': '57509021-09a9-4f35-aab6-4d0e88b4d1e5', 'reason_for_change': 'Testing enforcement flow.', 'references': 'Test reference.', 'status': 'approved', 'version': 1, 'timestamp': '2025-06-13T18:02:06.104528', 'added_by': '', 'project': ''}
INFO     httpx:_client.py:1025 HTTP Request: PUT http://testserver/rule-changes/57509021-09a9-4f35-aab6-4d0e88b4d1e5/approve "HTTP/1.1 200 OK"
WARNING  rule_proposals:rule_proposals.py:230 [DEBUG] Incoming /propose-rule-change payload: {'rule_type': 'versioned_rule', 'description': 'Updated version', 'diff': '# Rule: Versioned Rule\n## Description\nThis is the updated version of the rule.\n## Enforcement\nUpdated enforcement mechanism.', 'submitted_by': 'tester', 'categories': ['test'], 'tags': ['versioning'], 'rule_id': '57509021-09a9-4f35-aab6-4d0e88b4d1e5', 'examples': ['Example 1'], 'applies_to': ['python'], 'applies_to_rationale': 'For Python code', 'user_story': 'Test user story', 'reason_for_change': 'Testing enforcement flow.', 'references': 'Test reference.', 'scope_level': 'project', 'project': 'test-project'}
WARNING  rule_proposals:rule_proposals.py:235 [SCOPE-DEBUG] ABSOLUTE FIRST: Incoming payload type: <class 'dict'>, repr: {'rule_type': 'versioned_rule', 'description': 'Updated version', 'diff': '# Rule: Versioned Rule\n## Description\nThis is the updated version of the rule.\n## Enforcement\nUpdated enforcement mechanism.', 'submitted_by': 'tester', 'categories': ['test'], 'tags': ['versioning'], 'rule_id': '57509021-09a9-4f35-aab6-4d0e88b4d1e5', 'examples': ['Example 1'], 'applies_to': ['python'], 'applies_to_rationale': 'For Python code', 'user_story': 'Test user story', 'reason_for_change': 'Testing enforcement flow.', 'references': 'Test reference.', 'scope_level': 'project', 'project': 'test-project'}
WARNING  rule_proposals:rule_proposals.py:247 [SCOPE-DEBUG] ABSOLUTE FIRST: After conversion, payload type: <class 'dict'>, repr: {'rule_type': 'versioned_rule', 'description': 'Updated version', 'diff': '# Rule: Versioned Rule\n## Description\nThis is the updated version of the rule.\n## Enforcement\nUpdated enforcement mechanism.', 'submitted_by': 'tester', 'categories': ['test'], 'tags': ['versioning'], 'rule_id': '57509021-09a9-4f35-aab6-4d0e88b4d1e5', 'examples': ['Example 1'], 'applies_to': ['python'], 'applies_to_rationale': 'For Python code', 'user_story': 'Test user story', 'reason_for_change': 'Testing enforcement flow.', 'references': 'Test reference.', 'scope_level': 'project', 'project': 'test-project'}
WARNING  rule_proposals:rule_proposals.py:248 [SCOPE-DEBUG] ABSOLUTE FIRST: payload.get('project'): test-project, payload.get('team'): None
WARNING  rule_proposals:rule_proposals.py:249 [SCOPE-DEBUG] ABSOLUTE FIRST: Incoming payload: {'rule_type': 'versioned_rule', 'description': 'Updated version', 'diff': '# Rule: Versioned Rule\n## Description\nThis is the updated version of the rule.\n## Enforcement\nUpdated enforcement mechanism.', 'submitted_by': 'tester', 'categories': ['test'], 'tags': ['versioning'], 'rule_id': '57509021-09a9-4f35-aab6-4d0e88b4d1e5', 'examples': ['Example 1'], 'applies_to': ['python'], 'applies_to_rationale': 'For Python code', 'user_story': 'Test user story', 'reason_for_change': 'Testing enforcement flow.', 'references': 'Test reference.', 'scope_level': 'project', 'project': 'test-project'}
WARNING  rule_proposals:rule_proposals.py:250 [SCOPE-DEBUG] ABSOLUTE FIRST: scope_level=project, project=test-project, team=None, scope_id=None
WARNING  rule_proposals:rule_proposals.py:254 [SCOPE-DEBUG] Attempting to resolve project name 'test-project' to UUID...
WARNING  rule_proposals:rule_proposals.py:257 [SCOPE-RESOLVE] Project 'test-project' resolved to UUID: d93d17df-2081-474c-a612-c45930e9249a
WARNING  rule_proposals:rule_proposals.py:281 [SCOPE-DEBUG] After resolution: scope_id=d93d17df-2081-474c-a612-c45930e9249a, payload['scope_id']=d93d17df-2081-474c-a612-c45930e9249a
WARNING  rule_proposals:rule_proposals.py:293 [CONFLICT-DEBUG] Checking for conflicts: rule_type=versioned_rule, diff=# Rule: Versioned Rule
## Description
This is the updated version of the rule.
## Enforcement
Updated enforcement mechanism., scope_level=project, scope_id=d93d17df-2081-474c-a612-c45930e9249a
WARNING  rule_proposals:rule_proposals.py:333 [MDC-VALIDATION] is_valid=True, error_msg=None, diff=# Rule: Versioned Rule
## Description
This is the updated version of the rule.
## Enforcement
Updated enforcement mechanism.
DEBUG    examples_normalization:normalization.py:50 clean_examples_field input: ['Example 1']
DEBUG    examples_normalization:normalization.py:111 clean_examples_field output: ['Example 1'] (flattened list)
DEBUG    examples_normalization:normalization.py:165 [normalize_rule_dict] output: {'id': '4670e3b4-264e-495b-93f3-bc0f47c5d0f8', 'rule_type': 'versioned_rule', 'description': 'Updated version', 'diff': '# Rule: Versioned Rule\n## Description\nThis is the updated version of the rule.\n## Enforcement\nUpdated enforcement mechanism.', 'submitted_by': 'tester', 'categories': ['test'], 'tags': ['versioning'], 'examples': ['Example 1'], 'applies_to': ['python'], 'applies_to_rationale': 'For Python code', 'user_story': 'Test user story', 'scope_level': 'project', 'scope_id': 'd93d17df-2081-474c-a612-c45930e9249a', 'parent_rule_id': None, 'reason_for_change': 'Testing enforcement flow.', 'references': 'Test reference.', 'status': 'pending', 'version': 1, 'timestamp': '2025-06-13T18:02:06.113394', 'added_by': '', 'project': ''}
INFO     httpx:_client.py:1025 HTTP Request: POST http://testserver/propose-rule-change "HTTP/1.1 200 OK"
INFO     auth.require_api_token:auth.py:35 [require_api_token] Valid token: DvB_n9r75KmeljyCALNwXcM_qDRRHeSjMjT-HPyLuZo, role: admin, active: True
WARNING  rule_proposals:rule_proposals.py:461 [DEBUG] approve_rule_change raw proposal object: <db.Proposal object at 0xffff82df5a90>
DEBUG    examples_normalization:normalization.py:50 clean_examples_field input: ['Example 1']
DEBUG    examples_normalization:normalization.py:111 clean_examples_field output: ['Example 1'] (flattened list)
DEBUG    examples_normalization:normalization.py:165 [normalize_rule_dict] output: {'id': '4670e3b4-264e-495b-93f3-bc0f47c5d0f8', 'rule_type': 'versioned_rule', 'description': 'Updated version', 'diff': '# Rule: Versioned Rule\n## Description\nThis is the updated version of the rule.\n## Enforcement\nUpdated enforcement mechanism.', 'submitted_by': 'tester', 'categories': ['test'], 'tags': ['versioning'], 'examples': ['Example 1'], 'applies_to': ['python'], 'applies_to_rationale': 'For Python code', 'user_story': 'Test user story', 'scope_level': 'project', 'scope_id': 'd93d17df-2081-474c-a612-c45930e9249a', 'parent_rule_id': '4670e3b4-264e-495b-93f3-bc0f47c5d0f8', 'reason_for_change': 'Testing enforcement flow.', 'references': 'Test reference.', 'status': 'approved', 'version': 1, 'timestamp': '2025-06-13T18:02:06.113394', 'added_by': '', 'project': ''}
INFO     httpx:_client.py:1025 HTTP Request: PUT http://testserver/rule-changes/4670e3b4-264e-495b-93f3-bc0f47c5d0f8/approve "HTTP/1.1 200 OK"
INFO     httpx:_client.py:1025 HTTP Request: GET http://testserver/rules/57509021-09a9-4f35-aab6-4d0e88b4d1e5 "HTTP/1.1 200 OK"
--------------------------- Captured stderr teardown ---------------------------
INFO:pytest-session:[fixture:clean_db:yielded] rules table columns: ['id', 'rule_type', 'description', 'diff', 'status', 'submitted_by', 'added_by', 'project', 'timestamp', 'version', 'categories', 'tags', 'examples', 'applies_to', 'applies_to_rationale', 'user_story', 'scope_level', 'scope_id', 'parent_rule_id', 'superseded_by']
---------------------------- Captured log teardown -----------------------------
INFO     pytest-session:conftest.py:46 [fixture:clean_db:yielded] rules table columns: ['id', 'rule_type', 'description', 'diff', 'status', 'submitted_by', 'added_by', 'project', 'timestamp', 'version', 'categories', 'tags', 'examples', 'applies_to', 'applies_to_rationale', 'user_story', 'scope_level', 'scope_id', 'parent_rule_id', 'superseded_by']
________________________ test_rule_promotion_edge_cases ________________________
tests/test_rule_enforcement_edge_cases.py:168: in test_rule_promotion_edge_cases
    assert prop_response.status_code == 200
E   assert 422 == 200
E    +  where 422 = <Response [422 Unprocessable Entity]>.status_code
---------------------------- Captured stdout setup -----------------------------
[DEBUG-get_db] ENVIRONMENT=test, POSTGRES_HOST=test-db
[DEBUG-get_db] ENVIRONMENT=test, POSTGRES_HOST=test-db
[TEST DEBUG] Created test project: project_id=43bfc4ce-6b39-4b26-a5fb-6a9e726ac745, token=xj10OHK3n4Hu9RccVrR8h1S6J57RgCjJcoHGU5TATSU
---------------------------- Captured stderr setup -----------------------------
INFO:pytest-session:[test_end: test_rule_enforcement_error_handling] rules table columns: ['id', 'rule_type', 'description', 'diff', 'status', 'submitted_by', 'added_by', 'project', 'timestamp', 'version', 'categories', 'tags', 'examples', 'applies_to', 'applies_to_rationale', 'user_story', 'scope_level', 'scope_id', 'parent_rule_id', 'superseded_by']
INFO:pytest-session:[test_start: test_rule_promotion_edge_cases] rules table columns: ['id', 'rule_type', 'description', 'diff', 'status', 'submitted_by', 'added_by', 'project', 'timestamp', 'version', 'categories', 'tags', 'examples', 'applies_to', 'applies_to_rationale', 'user_story', 'scope_level', 'scope_id', 'parent_rule_id', 'superseded_by']
INFO:pytest-session:[fixture:clean_db:before] rules table columns: ['id', 'rule_type', 'description', 'diff', 'status', 'submitted_by', 'added_by', 'project', 'timestamp', 'version', 'categories', 'tags', 'examples', 'applies_to', 'applies_to_rationale', 'user_story', 'scope_level', 'scope_id', 'parent_rule_id', 'superseded_by']
INFO:pytest-session:[fixture:clean_db:after] rules table columns: ['id', 'rule_type', 'description', 'diff', 'status', 'submitted_by', 'added_by', 'project', 'timestamp', 'version', 'categories', 'tags', 'examples', 'applies_to', 'applies_to_rationale', 'user_story', 'scope_level', 'scope_id', 'parent_rule_id', 'superseded_by']
INFO:pytest-session:[fixture:test_project:before] rules table columns: ['id', 'rule_type', 'description', 'diff', 'status', 'submitted_by', 'added_by', 'project', 'timestamp', 'version', 'categories', 'tags', 'examples', 'applies_to', 'applies_to_rationale', 'user_story', 'scope_level', 'scope_id', 'parent_rule_id', 'superseded_by']
INFO:httpx:HTTP Request: POST http://testserver/onboarding/init "HTTP/1.1 200 OK"
INFO:pytest-session:[fixture:test_project:after] rules table columns: ['id', 'rule_type', 'description', 'diff', 'status', 'submitted_by', 'added_by', 'project', 'timestamp', 'version', 'categories', 'tags', 'examples', 'applies_to', 'applies_to_rationale', 'user_story', 'scope_level', 'scope_id', 'parent_rule_id', 'superseded_by']
------------------------------ Captured log setup ------------------------------
INFO     pytest-session:conftest.py:46 [fixture:clean_db:before] rules table columns: ['id', 'rule_type', 'description', 'diff', 'status', 'submitted_by', 'added_by', 'project', 'timestamp', 'version', 'categories', 'tags', 'examples', 'applies_to', 'applies_to_rationale', 'user_story', 'scope_level', 'scope_id', 'parent_rule_id', 'superseded_by']
INFO     pytest-session:conftest.py:46 [fixture:clean_db:after] rules table columns: ['id', 'rule_type', 'description', 'diff', 'status', 'submitted_by', 'added_by', 'project', 'timestamp', 'version', 'categories', 'tags', 'examples', 'applies_to', 'applies_to_rationale', 'user_story', 'scope_level', 'scope_id', 'parent_rule_id', 'superseded_by']
INFO     pytest-session:conftest.py:46 [fixture:test_project:before] rules table columns: ['id', 'rule_type', 'description', 'diff', 'status', 'submitted_by', 'added_by', 'project', 'timestamp', 'version', 'categories', 'tags', 'examples', 'applies_to', 'applies_to_rationale', 'user_story', 'scope_level', 'scope_id', 'parent_rule_id', 'superseded_by']
INFO     httpx:_client.py:1025 HTTP Request: POST http://testserver/onboarding/init "HTTP/1.1 200 OK"
INFO     pytest-session:conftest.py:46 [fixture:test_project:after] rules table columns: ['id', 'rule_type', 'description', 'diff', 'status', 'submitted_by', 'added_by', 'project', 'timestamp', 'version', 'categories', 'tags', 'examples', 'applies_to', 'applies_to_rationale', 'user_story', 'scope_level', 'scope_id', 'parent_rule_id', 'superseded_by']
----------------------------- Captured stdout call -----------------------------
[DEBUG-get_db] ENVIRONMENT=test, POSTGRES_HOST=test-db
----------------------------- Captured stderr call -----------------------------
WARNING:rule_proposals:[DEBUG] Incoming /propose-rule-change payload: {'rule_type': 'test_promotion', 'description': 'Test rule for promotion', 'diff': '# Rule: Test Promotion\n## Description\nTest rule for promotion edge cases.\n## Enforcement\nTesting promotion edge cases.', 'submitted_by': 'tester', 'categories': ['test'], 'tags': ['promotion'], 'examples': ['Example 1'], 'applies_to': ['python'], 'applies_to_rationale': 'For Python code', 'user_story': 'Test user story', 'reason_for_change': 'Testing promotion edge cases.', 'references': 'Test promotion reference.', 'current_rule': 'Current promotion rule text.', 'project': 'test-project'}
WARNING:rule_proposals:[SCOPE-DEBUG] ABSOLUTE FIRST: Incoming payload type: <class 'dict'>, repr: {'rule_type': 'test_promotion', 'description': 'Test rule for promotion', 'diff': '# Rule: Test Promotion\n## Description\nTest rule for promotion edge cases.\n## Enforcement\nTesting promotion edge cases.', 'submitted_by': 'tester', 'categories': ['test'], 'tags': ['promotion'], 'examples': ['Example 1'], 'applies_to': ['python'], 'applies_to_rationale': 'For Python code', 'user_story': 'Test user story', 'reason_for_change': 'Testing promotion edge cases.', 'references': 'Test promotion reference.', 'current_rule': 'Current promotion rule text.', 'project': 'test-project'}
WARNING:rule_proposals:[SCOPE-DEBUG] ABSOLUTE FIRST: After conversion, payload type: <class 'dict'>, repr: {'rule_type': 'test_promotion', 'description': 'Test rule for promotion', 'diff': '# Rule: Test Promotion\n## Description\nTest rule for promotion edge cases.\n## Enforcement\nTesting promotion edge cases.', 'submitted_by': 'tester', 'categories': ['test'], 'tags': ['promotion'], 'examples': ['Example 1'], 'applies_to': ['python'], 'applies_to_rationale': 'For Python code', 'user_story': 'Test user story', 'reason_for_change': 'Testing promotion edge cases.', 'references': 'Test promotion reference.', 'current_rule': 'Current promotion rule text.', 'project': 'test-project'}
WARNING:rule_proposals:[SCOPE-DEBUG] ABSOLUTE FIRST: payload.get('project'): test-project, payload.get('team'): None
WARNING:rule_proposals:[SCOPE-DEBUG] ABSOLUTE FIRST: Incoming payload: {'rule_type': 'test_promotion', 'description': 'Test rule for promotion', 'diff': '# Rule: Test Promotion\n## Description\nTest rule for promotion edge cases.\n## Enforcement\nTesting promotion edge cases.', 'submitted_by': 'tester', 'categories': ['test'], 'tags': ['promotion'], 'examples': ['Example 1'], 'applies_to': ['python'], 'applies_to_rationale': 'For Python code', 'user_story': 'Test user story', 'reason_for_change': 'Testing promotion edge cases.', 'references': 'Test promotion reference.', 'current_rule': 'Current promotion rule text.', 'project': 'test-project'}
WARNING:rule_proposals:[SCOPE-DEBUG] ABSOLUTE FIRST: scope_level=None, project=test-project, team=None, scope_id=None
WARNING:rule_proposals:[SCOPE-DEBUG] After resolution: scope_id=None, payload['scope_id']=None
ERROR:rule_proposals:[422-RAISE] scope_id is not a valid UUID after resolution: None, payload={'rule_type': 'test_promotion', 'description': 'Test rule for promotion', 'diff': '# Rule: Test Promotion\n## Description\nTest rule for promotion edge cases.\n## Enforcement\nTesting promotion edge cases.', 'submitted_by': 'tester', 'categories': ['test'], 'tags': ['promotion'], 'examples': ['Example 1'], 'applies_to': ['python'], 'applies_to_rationale': 'For Python code', 'user_story': 'Test user story', 'reason_for_change': 'Testing promotion edge cases.', 'references': 'Test promotion reference.', 'current_rule': 'Current promotion rule text.', 'project': 'test-project'}
INFO:httpx:HTTP Request: POST http://testserver/propose-rule-change "HTTP/1.1 422 Unprocessable Entity"
------------------------------ Captured log call -------------------------------
WARNING  rule_proposals:rule_proposals.py:230 [DEBUG] Incoming /propose-rule-change payload: {'rule_type': 'test_promotion', 'description': 'Test rule for promotion', 'diff': '# Rule: Test Promotion\n## Description\nTest rule for promotion edge cases.\n## Enforcement\nTesting promotion edge cases.', 'submitted_by': 'tester', 'categories': ['test'], 'tags': ['promotion'], 'examples': ['Example 1'], 'applies_to': ['python'], 'applies_to_rationale': 'For Python code', 'user_story': 'Test user story', 'reason_for_change': 'Testing promotion edge cases.', 'references': 'Test promotion reference.', 'current_rule': 'Current promotion rule text.', 'project': 'test-project'}
WARNING  rule_proposals:rule_proposals.py:235 [SCOPE-DEBUG] ABSOLUTE FIRST: Incoming payload type: <class 'dict'>, repr: {'rule_type': 'test_promotion', 'description': 'Test rule for promotion', 'diff': '# Rule: Test Promotion\n## Description\nTest rule for promotion edge cases.\n## Enforcement\nTesting promotion edge cases.', 'submitted_by': 'tester', 'categories': ['test'], 'tags': ['promotion'], 'examples': ['Example 1'], 'applies_to': ['python'], 'applies_to_rationale': 'For Python code', 'user_story': 'Test user story', 'reason_for_change': 'Testing promotion edge cases.', 'references': 'Test promotion reference.', 'current_rule': 'Current promotion rule text.', 'project': 'test-project'}
WARNING  rule_proposals:rule_proposals.py:247 [SCOPE-DEBUG] ABSOLUTE FIRST: After conversion, payload type: <class 'dict'>, repr: {'rule_type': 'test_promotion', 'description': 'Test rule for promotion', 'diff': '# Rule: Test Promotion\n## Description\nTest rule for promotion edge cases.\n## Enforcement\nTesting promotion edge cases.', 'submitted_by': 'tester', 'categories': ['test'], 'tags': ['promotion'], 'examples': ['Example 1'], 'applies_to': ['python'], 'applies_to_rationale': 'For Python code', 'user_story': 'Test user story', 'reason_for_change': 'Testing promotion edge cases.', 'references': 'Test promotion reference.', 'current_rule': 'Current promotion rule text.', 'project': 'test-project'}
WARNING  rule_proposals:rule_proposals.py:248 [SCOPE-DEBUG] ABSOLUTE FIRST: payload.get('project'): test-project, payload.get('team'): None
WARNING  rule_proposals:rule_proposals.py:249 [SCOPE-DEBUG] ABSOLUTE FIRST: Incoming payload: {'rule_type': 'test_promotion', 'description': 'Test rule for promotion', 'diff': '# Rule: Test Promotion\n## Description\nTest rule for promotion edge cases.\n## Enforcement\nTesting promotion edge cases.', 'submitted_by': 'tester', 'categories': ['test'], 'tags': ['promotion'], 'examples': ['Example 1'], 'applies_to': ['python'], 'applies_to_rationale': 'For Python code', 'user_story': 'Test user story', 'reason_for_change': 'Testing promotion edge cases.', 'references': 'Test promotion reference.', 'current_rule': 'Current promotion rule text.', 'project': 'test-project'}
WARNING  rule_proposals:rule_proposals.py:250 [SCOPE-DEBUG] ABSOLUTE FIRST: scope_level=None, project=test-project, team=None, scope_id=None
WARNING  rule_proposals:rule_proposals.py:281 [SCOPE-DEBUG] After resolution: scope_id=None, payload['scope_id']=None
ERROR    rule_proposals:rule_proposals.py:290 [422-RAISE] scope_id is not a valid UUID after resolution: None, payload={'rule_type': 'test_promotion', 'description': 'Test rule for promotion', 'diff': '# Rule: Test Promotion\n## Description\nTest rule for promotion edge cases.\n## Enforcement\nTesting promotion edge cases.', 'submitted_by': 'tester', 'categories': ['test'], 'tags': ['promotion'], 'examples': ['Example 1'], 'applies_to': ['python'], 'applies_to_rationale': 'For Python code', 'user_story': 'Test user story', 'reason_for_change': 'Testing promotion edge cases.', 'references': 'Test promotion reference.', 'current_rule': 'Current promotion rule text.', 'project': 'test-project'}
INFO     httpx:_client.py:1025 HTTP Request: POST http://testserver/propose-rule-change "HTTP/1.1 422 Unprocessable Entity"
--------------------------- Captured stderr teardown ---------------------------
INFO:pytest-session:[fixture:clean_db:yielded] rules table columns: ['id', 'rule_type', 'description', 'diff', 'status', 'submitted_by', 'added_by', 'project', 'timestamp', 'version', 'categories', 'tags', 'examples', 'applies_to', 'applies_to_rationale', 'user_story', 'scope_level', 'scope_id', 'parent_rule_id', 'superseded_by']
---------------------------- Captured log teardown -----------------------------
INFO     pytest-session:conftest.py:46 [fixture:clean_db:yielded] rules table columns: ['id', 'rule_type', 'description', 'diff', 'status', 'submitted_by', 'added_by', 'project', 'timestamp', 'version', 'categories', 'tags', 'examples', 'applies_to', 'applies_to_rationale', 'user_story', 'scope_level', 'scope_id', 'parent_rule_id', 'superseded_by']
_______________________ test_rule_versioning_edge_cases ________________________
tests/test_rule_enforcement_edge_cases.py:230: in test_rule_versioning_edge_cases
    assert prop_response.status_code == 200
E   assert 422 == 200
E    +  where 422 = <Response [422 Unprocessable Entity]>.status_code
---------------------------- Captured stdout setup -----------------------------
[DEBUG-get_db] ENVIRONMENT=test, POSTGRES_HOST=test-db
[DEBUG-get_db] ENVIRONMENT=test, POSTGRES_HOST=test-db
[TEST DEBUG] Created test project: project_id=8b8b8fc7-1f97-4f5f-8567-9dcdf4f0f1a0, token=5vGcWLpzszsS3Y5UDjt3TbZ_p8ya_kUe6pu_rwyt9kw
---------------------------- Captured stderr setup -----------------------------
INFO:pytest-session:[test_end: test_rule_promotion_edge_cases] rules table columns: ['id', 'rule_type', 'description', 'diff', 'status', 'submitted_by', 'added_by', 'project', 'timestamp', 'version', 'categories', 'tags', 'examples', 'applies_to', 'applies_to_rationale', 'user_story', 'scope_level', 'scope_id', 'parent_rule_id', 'superseded_by']
INFO:pytest-session:[test_start: test_rule_versioning_edge_cases] rules table columns: ['id', 'rule_type', 'description', 'diff', 'status', 'submitted_by', 'added_by', 'project', 'timestamp', 'version', 'categories', 'tags', 'examples', 'applies_to', 'applies_to_rationale', 'user_story', 'scope_level', 'scope_id', 'parent_rule_id', 'superseded_by']
INFO:pytest-session:[fixture:clean_db:before] rules table columns: ['id', 'rule_type', 'description', 'diff', 'status', 'submitted_by', 'added_by', 'project', 'timestamp', 'version', 'categories', 'tags', 'examples', 'applies_to', 'applies_to_rationale', 'user_story', 'scope_level', 'scope_id', 'parent_rule_id', 'superseded_by']
INFO:pytest-session:[fixture:clean_db:after] rules table columns: ['id', 'rule_type', 'description', 'diff', 'status', 'submitted_by', 'added_by', 'project', 'timestamp', 'version', 'categories', 'tags', 'examples', 'applies_to', 'applies_to_rationale', 'user_story', 'scope_level', 'scope_id', 'parent_rule_id', 'superseded_by']
INFO:pytest-session:[fixture:test_project:before] rules table columns: ['id', 'rule_type', 'description', 'diff', 'status', 'submitted_by', 'added_by', 'project', 'timestamp', 'version', 'categories', 'tags', 'examples', 'applies_to', 'applies_to_rationale', 'user_story', 'scope_level', 'scope_id', 'parent_rule_id', 'superseded_by']
INFO:httpx:HTTP Request: POST http://testserver/onboarding/init "HTTP/1.1 200 OK"
INFO:pytest-session:[fixture:test_project:after] rules table columns: ['id', 'rule_type', 'description', 'diff', 'status', 'submitted_by', 'added_by', 'project', 'timestamp', 'version', 'categories', 'tags', 'examples', 'applies_to', 'applies_to_rationale', 'user_story', 'scope_level', 'scope_id', 'parent_rule_id', 'superseded_by']
------------------------------ Captured log setup ------------------------------
INFO     pytest-session:conftest.py:46 [fixture:clean_db:before] rules table columns: ['id', 'rule_type', 'description', 'diff', 'status', 'submitted_by', 'added_by', 'project', 'timestamp', 'version', 'categories', 'tags', 'examples', 'applies_to', 'applies_to_rationale', 'user_story', 'scope_level', 'scope_id', 'parent_rule_id', 'superseded_by']
INFO     pytest-session:conftest.py:46 [fixture:clean_db:after] rules table columns: ['id', 'rule_type', 'description', 'diff', 'status', 'submitted_by', 'added_by', 'project', 'timestamp', 'version', 'categories', 'tags', 'examples', 'applies_to', 'applies_to_rationale', 'user_story', 'scope_level', 'scope_id', 'parent_rule_id', 'superseded_by']
INFO     pytest-session:conftest.py:46 [fixture:test_project:before] rules table columns: ['id', 'rule_type', 'description', 'diff', 'status', 'submitted_by', 'added_by', 'project', 'timestamp', 'version', 'categories', 'tags', 'examples', 'applies_to', 'applies_to_rationale', 'user_story', 'scope_level', 'scope_id', 'parent_rule_id', 'superseded_by']
INFO     httpx:_client.py:1025 HTTP Request: POST http://testserver/onboarding/init "HTTP/1.1 200 OK"
INFO     pytest-session:conftest.py:46 [fixture:test_project:after] rules table columns: ['id', 'rule_type', 'description', 'diff', 'status', 'submitted_by', 'added_by', 'project', 'timestamp', 'version', 'categories', 'tags', 'examples', 'applies_to', 'applies_to_rationale', 'user_story', 'scope_level', 'scope_id', 'parent_rule_id', 'superseded_by']
----------------------------- Captured stdout call -----------------------------
[DEBUG-get_db] ENVIRONMENT=test, POSTGRES_HOST=test-db
----------------------------- Captured stderr call -----------------------------
WARNING:rule_proposals:[DEBUG] Incoming /propose-rule-change payload: {'rule_type': 'test_versioning', 'description': 'Test rule for versioning', 'diff': '# Rule: Test Versioning\n## Description\nTest rule for versioning edge cases.\n## Enforcement\nTesting versioning edge cases.', 'submitted_by': 'tester', 'categories': ['test'], 'tags': ['versioning'], 'examples': ['Example 1'], 'applies_to': ['python'], 'applies_to_rationale': 'For Python code', 'user_story': 'Test user story', 'reason_for_change': 'Testing versioning edge cases.', 'references': 'Test versioning reference.', 'current_rule': 'Current versioning rule text.', 'project': 'test-project'}
WARNING:rule_proposals:[SCOPE-DEBUG] ABSOLUTE FIRST: Incoming payload type: <class 'dict'>, repr: {'rule_type': 'test_versioning', 'description': 'Test rule for versioning', 'diff': '# Rule: Test Versioning\n## Description\nTest rule for versioning edge cases.\n## Enforcement\nTesting versioning edge cases.', 'submitted_by': 'tester', 'categories': ['test'], 'tags': ['versioning'], 'examples': ['Example 1'], 'applies_to': ['python'], 'applies_to_rationale': 'For Python code', 'user_story': 'Test user story', 'reason_for_change': 'Testing versioning edge cases.', 'references': 'Test versioning reference.', 'current_rule': 'Current versioning rule text.', 'project': 'test-project'}
WARNING:rule_proposals:[SCOPE-DEBUG] ABSOLUTE FIRST: After conversion, payload type: <class 'dict'>, repr: {'rule_type': 'test_versioning', 'description': 'Test rule for versioning', 'diff': '# Rule: Test Versioning\n## Description\nTest rule for versioning edge cases.\n## Enforcement\nTesting versioning edge cases.', 'submitted_by': 'tester', 'categories': ['test'], 'tags': ['versioning'], 'examples': ['Example 1'], 'applies_to': ['python'], 'applies_to_rationale': 'For Python code', 'user_story': 'Test user story', 'reason_for_change': 'Testing versioning edge cases.', 'references': 'Test versioning reference.', 'current_rule': 'Current versioning rule text.', 'project': 'test-project'}
WARNING:rule_proposals:[SCOPE-DEBUG] ABSOLUTE FIRST: payload.get('project'): test-project, payload.get('team'): None
WARNING:rule_proposals:[SCOPE-DEBUG] ABSOLUTE FIRST: Incoming payload: {'rule_type': 'test_versioning', 'description': 'Test rule for versioning', 'diff': '# Rule: Test Versioning\n## Description\nTest rule for versioning edge cases.\n## Enforcement\nTesting versioning edge cases.', 'submitted_by': 'tester', 'categories': ['test'], 'tags': ['versioning'], 'examples': ['Example 1'], 'applies_to': ['python'], 'applies_to_rationale': 'For Python code', 'user_story': 'Test user story', 'reason_for_change': 'Testing versioning edge cases.', 'references': 'Test versioning reference.', 'current_rule': 'Current versioning rule text.', 'project': 'test-project'}
WARNING:rule_proposals:[SCOPE-DEBUG] ABSOLUTE FIRST: scope_level=None, project=test-project, team=None, scope_id=None
WARNING:rule_proposals:[SCOPE-DEBUG] After resolution: scope_id=None, payload['scope_id']=None
ERROR:rule_proposals:[422-RAISE] scope_id is not a valid UUID after resolution: None, payload={'rule_type': 'test_versioning', 'description': 'Test rule for versioning', 'diff': '# Rule: Test Versioning\n## Description\nTest rule for versioning edge cases.\n## Enforcement\nTesting versioning edge cases.', 'submitted_by': 'tester', 'categories': ['test'], 'tags': ['versioning'], 'examples': ['Example 1'], 'applies_to': ['python'], 'applies_to_rationale': 'For Python code', 'user_story': 'Test user story', 'reason_for_change': 'Testing versioning edge cases.', 'references': 'Test versioning reference.', 'current_rule': 'Current versioning rule text.', 'project': 'test-project'}
INFO:httpx:HTTP Request: POST http://testserver/propose-rule-change "HTTP/1.1 422 Unprocessable Entity"
------------------------------ Captured log call -------------------------------
WARNING  rule_proposals:rule_proposals.py:230 [DEBUG] Incoming /propose-rule-change payload: {'rule_type': 'test_versioning', 'description': 'Test rule for versioning', 'diff': '# Rule: Test Versioning\n## Description\nTest rule for versioning edge cases.\n## Enforcement\nTesting versioning edge cases.', 'submitted_by': 'tester', 'categories': ['test'], 'tags': ['versioning'], 'examples': ['Example 1'], 'applies_to': ['python'], 'applies_to_rationale': 'For Python code', 'user_story': 'Test user story', 'reason_for_change': 'Testing versioning edge cases.', 'references': 'Test versioning reference.', 'current_rule': 'Current versioning rule text.', 'project': 'test-project'}
WARNING  rule_proposals:rule_proposals.py:235 [SCOPE-DEBUG] ABSOLUTE FIRST: Incoming payload type: <class 'dict'>, repr: {'rule_type': 'test_versioning', 'description': 'Test rule for versioning', 'diff': '# Rule: Test Versioning\n## Description\nTest rule for versioning edge cases.\n## Enforcement\nTesting versioning edge cases.', 'submitted_by': 'tester', 'categories': ['test'], 'tags': ['versioning'], 'examples': ['Example 1'], 'applies_to': ['python'], 'applies_to_rationale': 'For Python code', 'user_story': 'Test user story', 'reason_for_change': 'Testing versioning edge cases.', 'references': 'Test versioning reference.', 'current_rule': 'Current versioning rule text.', 'project': 'test-project'}
WARNING  rule_proposals:rule_proposals.py:247 [SCOPE-DEBUG] ABSOLUTE FIRST: After conversion, payload type: <class 'dict'>, repr: {'rule_type': 'test_versioning', 'description': 'Test rule for versioning', 'diff': '# Rule: Test Versioning\n## Description\nTest rule for versioning edge cases.\n## Enforcement\nTesting versioning edge cases.', 'submitted_by': 'tester', 'categories': ['test'], 'tags': ['versioning'], 'examples': ['Example 1'], 'applies_to': ['python'], 'applies_to_rationale': 'For Python code', 'user_story': 'Test user story', 'reason_for_change': 'Testing versioning edge cases.', 'references': 'Test versioning reference.', 'current_rule': 'Current versioning rule text.', 'project': 'test-project'}
WARNING  rule_proposals:rule_proposals.py:248 [SCOPE-DEBUG] ABSOLUTE FIRST: payload.get('project'): test-project, payload.get('team'): None
WARNING  rule_proposals:rule_proposals.py:249 [SCOPE-DEBUG] ABSOLUTE FIRST: Incoming payload: {'rule_type': 'test_versioning', 'description': 'Test rule for versioning', 'diff': '# Rule: Test Versioning\n## Description\nTest rule for versioning edge cases.\n## Enforcement\nTesting versioning edge cases.', 'submitted_by': 'tester', 'categories': ['test'], 'tags': ['versioning'], 'examples': ['Example 1'], 'applies_to': ['python'], 'applies_to_rationale': 'For Python code', 'user_story': 'Test user story', 'reason_for_change': 'Testing versioning edge cases.', 'references': 'Test versioning reference.', 'current_rule': 'Current versioning rule text.', 'project': 'test-project'}
WARNING  rule_proposals:rule_proposals.py:250 [SCOPE-DEBUG] ABSOLUTE FIRST: scope_level=None, project=test-project, team=None, scope_id=None
WARNING  rule_proposals:rule_proposals.py:281 [SCOPE-DEBUG] After resolution: scope_id=None, payload['scope_id']=None
ERROR    rule_proposals:rule_proposals.py:290 [422-RAISE] scope_id is not a valid UUID after resolution: None, payload={'rule_type': 'test_versioning', 'description': 'Test rule for versioning', 'diff': '# Rule: Test Versioning\n## Description\nTest rule for versioning edge cases.\n## Enforcement\nTesting versioning edge cases.', 'submitted_by': 'tester', 'categories': ['test'], 'tags': ['versioning'], 'examples': ['Example 1'], 'applies_to': ['python'], 'applies_to_rationale': 'For Python code', 'user_story': 'Test user story', 'reason_for_change': 'Testing versioning edge cases.', 'references': 'Test versioning reference.', 'current_rule': 'Current versioning rule text.', 'project': 'test-project'}
INFO     httpx:_client.py:1025 HTTP Request: POST http://testserver/propose-rule-change "HTTP/1.1 422 Unprocessable Entity"
--------------------------- Captured stderr teardown ---------------------------
INFO:pytest-session:[fixture:clean_db:yielded] rules table columns: ['id', 'rule_type', 'description', 'diff', 'status', 'submitted_by', 'added_by', 'project', 'timestamp', 'version', 'categories', 'tags', 'examples', 'applies_to', 'applies_to_rationale', 'user_story', 'scope_level', 'scope_id', 'parent_rule_id', 'superseded_by']
---------------------------- Captured log teardown -----------------------------
INFO     pytest-session:conftest.py:46 [fixture:clean_db:yielded] rules table columns: ['id', 'rule_type', 'description', 'diff', 'status', 'submitted_by', 'added_by', 'project', 'timestamp', 'version', 'categories', 'tags', 'examples', 'applies_to', 'applies_to_rationale', 'user_story', 'scope_level', 'scope_id', 'parent_rule_id', 'superseded_by']
________________________ test_rule_feedback_edge_cases _________________________
tests/test_rule_enforcement_edge_cases.py:301: in test_rule_feedback_edge_cases
    assert prop_response.status_code == 200
E   assert 422 == 200
E    +  where 422 = <Response [422 Unprocessable Entity]>.status_code
---------------------------- Captured stdout setup -----------------------------
[DEBUG-get_db] ENVIRONMENT=test, POSTGRES_HOST=test-db
[DEBUG-get_db] ENVIRONMENT=test, POSTGRES_HOST=test-db
[TEST DEBUG] Created test project: project_id=5c44a3e4-5288-4364-b84e-a6fe7d5a1bfc, token=qPkx57jzfnJNcf-AMPYuhI3bQ469DYd32-eTXn7YzLQ
---------------------------- Captured stderr setup -----------------------------
INFO:pytest-session:[test_end: test_rule_versioning_edge_cases] rules table columns: ['id', 'rule_type', 'description', 'diff', 'status', 'submitted_by', 'added_by', 'project', 'timestamp', 'version', 'categories', 'tags', 'examples', 'applies_to', 'applies_to_rationale', 'user_story', 'scope_level', 'scope_id', 'parent_rule_id', 'superseded_by']
INFO:pytest-session:[test_start: test_rule_feedback_edge_cases] rules table columns: ['id', 'rule_type', 'description', 'diff', 'status', 'submitted_by', 'added_by', 'project', 'timestamp', 'version', 'categories', 'tags', 'examples', 'applies_to', 'applies_to_rationale', 'user_story', 'scope_level', 'scope_id', 'parent_rule_id', 'superseded_by']
INFO:pytest-session:[fixture:clean_db:before] rules table columns: ['id', 'rule_type', 'description', 'diff', 'status', 'submitted_by', 'added_by', 'project', 'timestamp', 'version', 'categories', 'tags', 'examples', 'applies_to', 'applies_to_rationale', 'user_story', 'scope_level', 'scope_id', 'parent_rule_id', 'superseded_by']
INFO:pytest-session:[fixture:clean_db:after] rules table columns: ['id', 'rule_type', 'description', 'diff', 'status', 'submitted_by', 'added_by', 'project', 'timestamp', 'version', 'categories', 'tags', 'examples', 'applies_to', 'applies_to_rationale', 'user_story', 'scope_level', 'scope_id', 'parent_rule_id', 'superseded_by']
INFO:pytest-session:[fixture:test_project:before] rules table columns: ['id', 'rule_type', 'description', 'diff', 'status', 'submitted_by', 'added_by', 'project', 'timestamp', 'version', 'categories', 'tags', 'examples', 'applies_to', 'applies_to_rationale', 'user_story', 'scope_level', 'scope_id', 'parent_rule_id', 'superseded_by']
INFO:httpx:HTTP Request: POST http://testserver/onboarding/init "HTTP/1.1 200 OK"
INFO:pytest-session:[fixture:test_project:after] rules table columns: ['id', 'rule_type', 'description', 'diff', 'status', 'submitted_by', 'added_by', 'project', 'timestamp', 'version', 'categories', 'tags', 'examples', 'applies_to', 'applies_to_rationale', 'user_story', 'scope_level', 'scope_id', 'parent_rule_id', 'superseded_by']
------------------------------ Captured log setup ------------------------------
INFO     pytest-session:conftest.py:46 [fixture:clean_db:before] rules table columns: ['id', 'rule_type', 'description', 'diff', 'status', 'submitted_by', 'added_by', 'project', 'timestamp', 'version', 'categories', 'tags', 'examples', 'applies_to', 'applies_to_rationale', 'user_story', 'scope_level', 'scope_id', 'parent_rule_id', 'superseded_by']
INFO     pytest-session:conftest.py:46 [fixture:clean_db:after] rules table columns: ['id', 'rule_type', 'description', 'diff', 'status', 'submitted_by', 'added_by', 'project', 'timestamp', 'version', 'categories', 'tags', 'examples', 'applies_to', 'applies_to_rationale', 'user_story', 'scope_level', 'scope_id', 'parent_rule_id', 'superseded_by']
INFO     pytest-session:conftest.py:46 [fixture:test_project:before] rules table columns: ['id', 'rule_type', 'description', 'diff', 'status', 'submitted_by', 'added_by', 'project', 'timestamp', 'version', 'categories', 'tags', 'examples', 'applies_to', 'applies_to_rationale', 'user_story', 'scope_level', 'scope_id', 'parent_rule_id', 'superseded_by']
INFO     httpx:_client.py:1025 HTTP Request: POST http://testserver/onboarding/init "HTTP/1.1 200 OK"
INFO     pytest-session:conftest.py:46 [fixture:test_project:after] rules table columns: ['id', 'rule_type', 'description', 'diff', 'status', 'submitted_by', 'added_by', 'project', 'timestamp', 'version', 'categories', 'tags', 'examples', 'applies_to', 'applies_to_rationale', 'user_story', 'scope_level', 'scope_id', 'parent_rule_id', 'superseded_by']
----------------------------- Captured stdout call -----------------------------
[DEBUG-get_db] ENVIRONMENT=test, POSTGRES_HOST=test-db
----------------------------- Captured stderr call -----------------------------
WARNING:rule_proposals:[DEBUG] Incoming /propose-rule-change payload: {'rule_type': 'test_feedback', 'description': 'Test rule for feedback', 'diff': '# Rule: Test Feedback\n## Description\nTest rule for feedback edge cases.\n## Enforcement\nTesting feedback edge cases.', 'submitted_by': 'tester', 'categories': ['test'], 'tags': ['feedback'], 'applies_to_rationale': 'For Python code', 'user_story': 'Test user story', 'reason_for_change': 'Testing feedback edge cases.', 'references': 'Test feedback reference.', 'current_rule': 'Current feedback rule text.', 'project': 'test-project', 'examples': ['Example 1'], 'applies_to': ['python']}
WARNING:rule_proposals:[SCOPE-DEBUG] ABSOLUTE FIRST: Incoming payload type: <class 'dict'>, repr: {'rule_type': 'test_feedback', 'description': 'Test rule for feedback', 'diff': '# Rule: Test Feedback\n## Description\nTest rule for feedback edge cases.\n## Enforcement\nTesting feedback edge cases.', 'submitted_by': 'tester', 'categories': ['test'], 'tags': ['feedback'], 'applies_to_rationale': 'For Python code', 'user_story': 'Test user story', 'reason_for_change': 'Testing feedback edge cases.', 'references': 'Test feedback reference.', 'current_rule': 'Current feedback rule text.', 'project': 'test-project', 'examples': ['Example 1'], 'applies_to': ['python']}
WARNING:rule_proposals:[SCOPE-DEBUG] ABSOLUTE FIRST: After conversion, payload type: <class 'dict'>, repr: {'rule_type': 'test_feedback', 'description': 'Test rule for feedback', 'diff': '# Rule: Test Feedback\n## Description\nTest rule for feedback edge cases.\n## Enforcement\nTesting feedback edge cases.', 'submitted_by': 'tester', 'categories': ['test'], 'tags': ['feedback'], 'applies_to_rationale': 'For Python code', 'user_story': 'Test user story', 'reason_for_change': 'Testing feedback edge cases.', 'references': 'Test feedback reference.', 'current_rule': 'Current feedback rule text.', 'project': 'test-project', 'examples': ['Example 1'], 'applies_to': ['python']}
WARNING:rule_proposals:[SCOPE-DEBUG] ABSOLUTE FIRST: payload.get('project'): test-project, payload.get('team'): None
WARNING:rule_proposals:[SCOPE-DEBUG] ABSOLUTE FIRST: Incoming payload: {'rule_type': 'test_feedback', 'description': 'Test rule for feedback', 'diff': '# Rule: Test Feedback\n## Description\nTest rule for feedback edge cases.\n## Enforcement\nTesting feedback edge cases.', 'submitted_by': 'tester', 'categories': ['test'], 'tags': ['feedback'], 'applies_to_rationale': 'For Python code', 'user_story': 'Test user story', 'reason_for_change': 'Testing feedback edge cases.', 'references': 'Test feedback reference.', 'current_rule': 'Current feedback rule text.', 'project': 'test-project', 'examples': ['Example 1'], 'applies_to': ['python']}
WARNING:rule_proposals:[SCOPE-DEBUG] ABSOLUTE FIRST: scope_level=None, project=test-project, team=None, scope_id=None
WARNING:rule_proposals:[SCOPE-DEBUG] After resolution: scope_id=None, payload['scope_id']=None
ERROR:rule_proposals:[422-RAISE] scope_id is not a valid UUID after resolution: None, payload={'rule_type': 'test_feedback', 'description': 'Test rule for feedback', 'diff': '# Rule: Test Feedback\n## Description\nTest rule for feedback edge cases.\n## Enforcement\nTesting feedback edge cases.', 'submitted_by': 'tester', 'categories': ['test'], 'tags': ['feedback'], 'applies_to_rationale': 'For Python code', 'user_story': 'Test user story', 'reason_for_change': 'Testing feedback edge cases.', 'references': 'Test feedback reference.', 'current_rule': 'Current feedback rule text.', 'project': 'test-project', 'examples': ['Example 1'], 'applies_to': ['python']}
INFO:httpx:HTTP Request: POST http://testserver/propose-rule-change "HTTP/1.1 422 Unprocessable Entity"
------------------------------ Captured log call -------------------------------
WARNING  rule_proposals:rule_proposals.py:230 [DEBUG] Incoming /propose-rule-change payload: {'rule_type': 'test_feedback', 'description': 'Test rule for feedback', 'diff': '# Rule: Test Feedback\n## Description\nTest rule for feedback edge cases.\n## Enforcement\nTesting feedback edge cases.', 'submitted_by': 'tester', 'categories': ['test'], 'tags': ['feedback'], 'applies_to_rationale': 'For Python code', 'user_story': 'Test user story', 'reason_for_change': 'Testing feedback edge cases.', 'references': 'Test feedback reference.', 'current_rule': 'Current feedback rule text.', 'project': 'test-project', 'examples': ['Example 1'], 'applies_to': ['python']}
WARNING  rule_proposals:rule_proposals.py:235 [SCOPE-DEBUG] ABSOLUTE FIRST: Incoming payload type: <class 'dict'>, repr: {'rule_type': 'test_feedback', 'description': 'Test rule for feedback', 'diff': '# Rule: Test Feedback\n## Description\nTest rule for feedback edge cases.\n## Enforcement\nTesting feedback edge cases.', 'submitted_by': 'tester', 'categories': ['test'], 'tags': ['feedback'], 'applies_to_rationale': 'For Python code', 'user_story': 'Test user story', 'reason_for_change': 'Testing feedback edge cases.', 'references': 'Test feedback reference.', 'current_rule': 'Current feedback rule text.', 'project': 'test-project', 'examples': ['Example 1'], 'applies_to': ['python']}
WARNING  rule_proposals:rule_proposals.py:247 [SCOPE-DEBUG] ABSOLUTE FIRST: After conversion, payload type: <class 'dict'>, repr: {'rule_type': 'test_feedback', 'description': 'Test rule for feedback', 'diff': '# Rule: Test Feedback\n## Description\nTest rule for feedback edge cases.\n## Enforcement\nTesting feedback edge cases.', 'submitted_by': 'tester', 'categories': ['test'], 'tags': ['feedback'], 'applies_to_rationale': 'For Python code', 'user_story': 'Test user story', 'reason_for_change': 'Testing feedback edge cases.', 'references': 'Test feedback reference.', 'current_rule': 'Current feedback rule text.', 'project': 'test-project', 'examples': ['Example 1'], 'applies_to': ['python']}
WARNING  rule_proposals:rule_proposals.py:248 [SCOPE-DEBUG] ABSOLUTE FIRST: payload.get('project'): test-project, payload.get('team'): None
WARNING  rule_proposals:rule_proposals.py:249 [SCOPE-DEBUG] ABSOLUTE FIRST: Incoming payload: {'rule_type': 'test_feedback', 'description': 'Test rule for feedback', 'diff': '# Rule: Test Feedback\n## Description\nTest rule for feedback edge cases.\n## Enforcement\nTesting feedback edge cases.', 'submitted_by': 'tester', 'categories': ['test'], 'tags': ['feedback'], 'applies_to_rationale': 'For Python code', 'user_story': 'Test user story', 'reason_for_change': 'Testing feedback edge cases.', 'references': 'Test feedback reference.', 'current_rule': 'Current feedback rule text.', 'project': 'test-project', 'examples': ['Example 1'], 'applies_to': ['python']}
WARNING  rule_proposals:rule_proposals.py:250 [SCOPE-DEBUG] ABSOLUTE FIRST: scope_level=None, project=test-project, team=None, scope_id=None
WARNING  rule_proposals:rule_proposals.py:281 [SCOPE-DEBUG] After resolution: scope_id=None, payload['scope_id']=None
ERROR    rule_proposals:rule_proposals.py:290 [422-RAISE] scope_id is not a valid UUID after resolution: None, payload={'rule_type': 'test_feedback', 'description': 'Test rule for feedback', 'diff': '# Rule: Test Feedback\n## Description\nTest rule for feedback edge cases.\n## Enforcement\nTesting feedback edge cases.', 'submitted_by': 'tester', 'categories': ['test'], 'tags': ['feedback'], 'applies_to_rationale': 'For Python code', 'user_story': 'Test user story', 'reason_for_change': 'Testing feedback edge cases.', 'references': 'Test feedback reference.', 'current_rule': 'Current feedback rule text.', 'project': 'test-project', 'examples': ['Example 1'], 'applies_to': ['python']}
INFO     httpx:_client.py:1025 HTTP Request: POST http://testserver/propose-rule-change "HTTP/1.1 422 Unprocessable Entity"
--------------------------- Captured stderr teardown ---------------------------
INFO:pytest-session:[fixture:clean_db:yielded] rules table columns: ['id', 'rule_type', 'description', 'diff', 'status', 'submitted_by', 'added_by', 'project', 'timestamp', 'version', 'categories', 'tags', 'examples', 'applies_to', 'applies_to_rationale', 'user_story', 'scope_level', 'scope_id', 'parent_rule_id', 'superseded_by']
---------------------------- Captured log teardown -----------------------------
INFO     pytest-session:conftest.py:46 [fixture:clean_db:yielded] rules table columns: ['id', 'rule_type', 'description', 'diff', 'status', 'submitted_by', 'added_by', 'project', 'timestamp', 'version', 'categories', 'tags', 'examples', 'applies_to', 'applies_to_rationale', 'user_story', 'scope_level', 'scope_id', 'parent_rule_id', 'superseded_by']
_______________________ test_rule_enforcement_edge_cases _______________________
tests/test_rule_enforcement_edge_cases.py:370: in test_rule_enforcement_edge_cases
    assert response.status_code == 200
E   assert 422 == 200
E    +  where 422 = <Response [422 Unprocessable Entity]>.status_code
---------------------------- Captured stdout setup -----------------------------
[DEBUG-get_db] ENVIRONMENT=test, POSTGRES_HOST=test-db
[DEBUG-get_db] ENVIRONMENT=test, POSTGRES_HOST=test-db
[TEST DEBUG] Created test project: project_id=62b7a08d-9c9b-4eb2-a8d8-4a2e4e141f36, token=eprv2oUci1AuELNZKbQfwyuTMZgW4UcpRXn4CEw4Rhc
---------------------------- Captured stderr setup -----------------------------
INFO:pytest-session:[test_end: test_rule_feedback_edge_cases] rules table columns: ['id', 'rule_type', 'description', 'diff', 'status', 'submitted_by', 'added_by', 'project', 'timestamp', 'version', 'categories', 'tags', 'examples', 'applies_to', 'applies_to_rationale', 'user_story', 'scope_level', 'scope_id', 'parent_rule_id', 'superseded_by']
INFO:pytest-session:[test_start: test_rule_enforcement_edge_cases] rules table columns: ['id', 'rule_type', 'description', 'diff', 'status', 'submitted_by', 'added_by', 'project', 'timestamp', 'version', 'categories', 'tags', 'examples', 'applies_to', 'applies_to_rationale', 'user_story', 'scope_level', 'scope_id', 'parent_rule_id', 'superseded_by']
INFO:pytest-session:[fixture:clean_db:before] rules table columns: ['id', 'rule_type', 'description', 'diff', 'status', 'submitted_by', 'added_by', 'project', 'timestamp', 'version', 'categories', 'tags', 'examples', 'applies_to', 'applies_to_rationale', 'user_story', 'scope_level', 'scope_id', 'parent_rule_id', 'superseded_by']
INFO:pytest-session:[fixture:clean_db:after] rules table columns: ['id', 'rule_type', 'description', 'diff', 'status', 'submitted_by', 'added_by', 'project', 'timestamp', 'version', 'categories', 'tags', 'examples', 'applies_to', 'applies_to_rationale', 'user_story', 'scope_level', 'scope_id', 'parent_rule_id', 'superseded_by']
INFO:pytest-session:[fixture:test_project:before] rules table columns: ['id', 'rule_type', 'description', 'diff', 'status', 'submitted_by', 'added_by', 'project', 'timestamp', 'version', 'categories', 'tags', 'examples', 'applies_to', 'applies_to_rationale', 'user_story', 'scope_level', 'scope_id', 'parent_rule_id', 'superseded_by']
INFO:httpx:HTTP Request: POST http://testserver/onboarding/init "HTTP/1.1 200 OK"
INFO:pytest-session:[fixture:test_project:after] rules table columns: ['id', 'rule_type', 'description', 'diff', 'status', 'submitted_by', 'added_by', 'project', 'timestamp', 'version', 'categories', 'tags', 'examples', 'applies_to', 'applies_to_rationale', 'user_story', 'scope_level', 'scope_id', 'parent_rule_id', 'superseded_by']
------------------------------ Captured log setup ------------------------------
INFO     pytest-session:conftest.py:46 [fixture:clean_db:before] rules table columns: ['id', 'rule_type', 'description', 'diff', 'status', 'submitted_by', 'added_by', 'project', 'timestamp', 'version', 'categories', 'tags', 'examples', 'applies_to', 'applies_to_rationale', 'user_story', 'scope_level', 'scope_id', 'parent_rule_id', 'superseded_by']
INFO     pytest-session:conftest.py:46 [fixture:clean_db:after] rules table columns: ['id', 'rule_type', 'description', 'diff', 'status', 'submitted_by', 'added_by', 'project', 'timestamp', 'version', 'categories', 'tags', 'examples', 'applies_to', 'applies_to_rationale', 'user_story', 'scope_level', 'scope_id', 'parent_rule_id', 'superseded_by']
INFO     pytest-session:conftest.py:46 [fixture:test_project:before] rules table columns: ['id', 'rule_type', 'description', 'diff', 'status', 'submitted_by', 'added_by', 'project', 'timestamp', 'version', 'categories', 'tags', 'examples', 'applies_to', 'applies_to_rationale', 'user_story', 'scope_level', 'scope_id', 'parent_rule_id', 'superseded_by']
INFO     httpx:_client.py:1025 HTTP Request: POST http://testserver/onboarding/init "HTTP/1.1 200 OK"
INFO     pytest-session:conftest.py:46 [fixture:test_project:after] rules table columns: ['id', 'rule_type', 'description', 'diff', 'status', 'submitted_by', 'added_by', 'project', 'timestamp', 'version', 'categories', 'tags', 'examples', 'applies_to', 'applies_to_rationale', 'user_story', 'scope_level', 'scope_id', 'parent_rule_id', 'superseded_by']
----------------------------- Captured stdout call -----------------------------
[DEBUG-get_db] ENVIRONMENT=test, POSTGRES_HOST=test-db
----------------------------- Captured stderr call -----------------------------
WARNING:rule_proposals:[DEBUG] Incoming /propose-rule-change payload: {'rule_type': 'edge_case_test', 'description': 'Edge case test rule', 'diff': '# Rule: Edge Case Test\n## Description\nEdge case test rule\n## Enforcement\nTesting edge cases.', 'submitted_by': 'tester', 'categories': ['test'], 'tags': ['edge'], 'examples': ['Example 1'], 'applies_to': ['python'], 'applies_to_rationale': 'For Python code', 'user_story': 'Test user story', 'reason_for_change': 'Testing edge case flow.', 'references': 'Test reference.', 'project': 'test-project'}
WARNING:rule_proposals:[SCOPE-DEBUG] ABSOLUTE FIRST: Incoming payload type: <class 'dict'>, repr: {'rule_type': 'edge_case_test', 'description': 'Edge case test rule', 'diff': '# Rule: Edge Case Test\n## Description\nEdge case test rule\n## Enforcement\nTesting edge cases.', 'submitted_by': 'tester', 'categories': ['test'], 'tags': ['edge'], 'examples': ['Example 1'], 'applies_to': ['python'], 'applies_to_rationale': 'For Python code', 'user_story': 'Test user story', 'reason_for_change': 'Testing edge case flow.', 'references': 'Test reference.', 'project': 'test-project'}
WARNING:rule_proposals:[SCOPE-DEBUG] ABSOLUTE FIRST: After conversion, payload type: <class 'dict'>, repr: {'rule_type': 'edge_case_test', 'description': 'Edge case test rule', 'diff': '# Rule: Edge Case Test\n## Description\nEdge case test rule\n## Enforcement\nTesting edge cases.', 'submitted_by': 'tester', 'categories': ['test'], 'tags': ['edge'], 'examples': ['Example 1'], 'applies_to': ['python'], 'applies_to_rationale': 'For Python code', 'user_story': 'Test user story', 'reason_for_change': 'Testing edge case flow.', 'references': 'Test reference.', 'project': 'test-project'}
WARNING:rule_proposals:[SCOPE-DEBUG] ABSOLUTE FIRST: payload.get('project'): test-project, payload.get('team'): None
WARNING:rule_proposals:[SCOPE-DEBUG] ABSOLUTE FIRST: Incoming payload: {'rule_type': 'edge_case_test', 'description': 'Edge case test rule', 'diff': '# Rule: Edge Case Test\n## Description\nEdge case test rule\n## Enforcement\nTesting edge cases.', 'submitted_by': 'tester', 'categories': ['test'], 'tags': ['edge'], 'examples': ['Example 1'], 'applies_to': ['python'], 'applies_to_rationale': 'For Python code', 'user_story': 'Test user story', 'reason_for_change': 'Testing edge case flow.', 'references': 'Test reference.', 'project': 'test-project'}
WARNING:rule_proposals:[SCOPE-DEBUG] ABSOLUTE FIRST: scope_level=None, project=test-project, team=None, scope_id=None
WARNING:rule_proposals:[SCOPE-DEBUG] After resolution: scope_id=None, payload['scope_id']=None
ERROR:rule_proposals:[422-RAISE] scope_id is not a valid UUID after resolution: None, payload={'rule_type': 'edge_case_test', 'description': 'Edge case test rule', 'diff': '# Rule: Edge Case Test\n## Description\nEdge case test rule\n## Enforcement\nTesting edge cases.', 'submitted_by': 'tester', 'categories': ['test'], 'tags': ['edge'], 'examples': ['Example 1'], 'applies_to': ['python'], 'applies_to_rationale': 'For Python code', 'user_story': 'Test user story', 'reason_for_change': 'Testing edge case flow.', 'references': 'Test reference.', 'project': 'test-project'}
INFO:httpx:HTTP Request: POST http://testserver/propose-rule-change "HTTP/1.1 422 Unprocessable Entity"
------------------------------ Captured log call -------------------------------
WARNING  rule_proposals:rule_proposals.py:230 [DEBUG] Incoming /propose-rule-change payload: {'rule_type': 'edge_case_test', 'description': 'Edge case test rule', 'diff': '# Rule: Edge Case Test\n## Description\nEdge case test rule\n## Enforcement\nTesting edge cases.', 'submitted_by': 'tester', 'categories': ['test'], 'tags': ['edge'], 'examples': ['Example 1'], 'applies_to': ['python'], 'applies_to_rationale': 'For Python code', 'user_story': 'Test user story', 'reason_for_change': 'Testing edge case flow.', 'references': 'Test reference.', 'project': 'test-project'}
WARNING  rule_proposals:rule_proposals.py:235 [SCOPE-DEBUG] ABSOLUTE FIRST: Incoming payload type: <class 'dict'>, repr: {'rule_type': 'edge_case_test', 'description': 'Edge case test rule', 'diff': '# Rule: Edge Case Test\n## Description\nEdge case test rule\n## Enforcement\nTesting edge cases.', 'submitted_by': 'tester', 'categories': ['test'], 'tags': ['edge'], 'examples': ['Example 1'], 'applies_to': ['python'], 'applies_to_rationale': 'For Python code', 'user_story': 'Test user story', 'reason_for_change': 'Testing edge case flow.', 'references': 'Test reference.', 'project': 'test-project'}
WARNING  rule_proposals:rule_proposals.py:247 [SCOPE-DEBUG] ABSOLUTE FIRST: After conversion, payload type: <class 'dict'>, repr: {'rule_type': 'edge_case_test', 'description': 'Edge case test rule', 'diff': '# Rule: Edge Case Test\n## Description\nEdge case test rule\n## Enforcement\nTesting edge cases.', 'submitted_by': 'tester', 'categories': ['test'], 'tags': ['edge'], 'examples': ['Example 1'], 'applies_to': ['python'], 'applies_to_rationale': 'For Python code', 'user_story': 'Test user story', 'reason_for_change': 'Testing edge case flow.', 'references': 'Test reference.', 'project': 'test-project'}
WARNING  rule_proposals:rule_proposals.py:248 [SCOPE-DEBUG] ABSOLUTE FIRST: payload.get('project'): test-project, payload.get('team'): None
WARNING  rule_proposals:rule_proposals.py:249 [SCOPE-DEBUG] ABSOLUTE FIRST: Incoming payload: {'rule_type': 'edge_case_test', 'description': 'Edge case test rule', 'diff': '# Rule: Edge Case Test\n## Description\nEdge case test rule\n## Enforcement\nTesting edge cases.', 'submitted_by': 'tester', 'categories': ['test'], 'tags': ['edge'], 'examples': ['Example 1'], 'applies_to': ['python'], 'applies_to_rationale': 'For Python code', 'user_story': 'Test user story', 'reason_for_change': 'Testing edge case flow.', 'references': 'Test reference.', 'project': 'test-project'}
WARNING  rule_proposals:rule_proposals.py:250 [SCOPE-DEBUG] ABSOLUTE FIRST: scope_level=None, project=test-project, team=None, scope_id=None
WARNING  rule_proposals:rule_proposals.py:281 [SCOPE-DEBUG] After resolution: scope_id=None, payload['scope_id']=None
ERROR    rule_proposals:rule_proposals.py:290 [422-RAISE] scope_id is not a valid UUID after resolution: None, payload={'rule_type': 'edge_case_test', 'description': 'Edge case test rule', 'diff': '# Rule: Edge Case Test\n## Description\nEdge case test rule\n## Enforcement\nTesting edge cases.', 'submitted_by': 'tester', 'categories': ['test'], 'tags': ['edge'], 'examples': ['Example 1'], 'applies_to': ['python'], 'applies_to_rationale': 'For Python code', 'user_story': 'Test user story', 'reason_for_change': 'Testing edge case flow.', 'references': 'Test reference.', 'project': 'test-project'}
INFO     httpx:_client.py:1025 HTTP Request: POST http://testserver/propose-rule-change "HTTP/1.1 422 Unprocessable Entity"
--------------------------- Captured stderr teardown ---------------------------
INFO:pytest-session:[fixture:clean_db:yielded] rules table columns: ['id', 'rule_type', 'description', 'diff', 'status', 'submitted_by', 'added_by', 'project', 'timestamp', 'version', 'categories', 'tags', 'examples', 'applies_to', 'applies_to_rationale', 'user_story', 'scope_level', 'scope_id', 'parent_rule_id', 'superseded_by']
---------------------------- Captured log teardown -----------------------------
INFO     pytest-session:conftest.py:46 [fixture:clean_db:yielded] rules table columns: ['id', 'rule_type', 'description', 'diff', 'status', 'submitted_by', 'added_by', 'project', 'timestamp', 'version', 'categories', 'tags', 'examples', 'applies_to', 'applies_to_rationale', 'user_story', 'scope_level', 'scope_id', 'parent_rule_id', 'superseded_by']
_______________________ test_rule_filtering_by_category ________________________
tests/test_rule_filtering.py:93: in test_rule_filtering_by_category
    assert prop_response.status_code == 200
E   assert 422 == 200
E    +  where 422 = <Response [422 Unprocessable Entity]>.status_code
---------------------------- Captured stdout setup -----------------------------
[DEBUG-get_db] ENVIRONMENT=test, POSTGRES_HOST=test-db
[DEBUG-get_db] ENVIRONMENT=test, POSTGRES_HOST=test-db
[TEST DEBUG] Created test project: project_id=cbf7ffcf-4341-4b38-8795-5c6b194a553c, token=rbpDtAa0CSFrkCwrGy3EW7M9IvCWhXVmriRy1AW3vRk
---------------------------- Captured stderr setup -----------------------------
INFO:pytest-session:[test_end: test_rule_enforcement_edge_cases] rules table columns: ['id', 'rule_type', 'description', 'diff', 'status', 'submitted_by', 'added_by', 'project', 'timestamp', 'version', 'categories', 'tags', 'examples', 'applies_to', 'applies_to_rationale', 'user_story', 'scope_level', 'scope_id', 'parent_rule_id', 'superseded_by']
INFO:pytest-session:[test_start: test_rule_filtering_by_category] rules table columns: ['id', 'rule_type', 'description', 'diff', 'status', 'submitted_by', 'added_by', 'project', 'timestamp', 'version', 'categories', 'tags', 'examples', 'applies_to', 'applies_to_rationale', 'user_story', 'scope_level', 'scope_id', 'parent_rule_id', 'superseded_by']
INFO:pytest-session:[fixture:clean_db:before] rules table columns: ['id', 'rule_type', 'description', 'diff', 'status', 'submitted_by', 'added_by', 'project', 'timestamp', 'version', 'categories', 'tags', 'examples', 'applies_to', 'applies_to_rationale', 'user_story', 'scope_level', 'scope_id', 'parent_rule_id', 'superseded_by']
INFO:pytest-session:[fixture:clean_db:after] rules table columns: ['id', 'rule_type', 'description', 'diff', 'status', 'submitted_by', 'added_by', 'project', 'timestamp', 'version', 'categories', 'tags', 'examples', 'applies_to', 'applies_to_rationale', 'user_story', 'scope_level', 'scope_id', 'parent_rule_id', 'superseded_by']
INFO:pytest-session:[fixture:test_project:before] rules table columns: ['id', 'rule_type', 'description', 'diff', 'status', 'submitted_by', 'added_by', 'project', 'timestamp', 'version', 'categories', 'tags', 'examples', 'applies_to', 'applies_to_rationale', 'user_story', 'scope_level', 'scope_id', 'parent_rule_id', 'superseded_by']
INFO:httpx:HTTP Request: POST http://testserver/onboarding/init "HTTP/1.1 200 OK"
INFO:pytest-session:[fixture:test_project:after] rules table columns: ['id', 'rule_type', 'description', 'diff', 'status', 'submitted_by', 'added_by', 'project', 'timestamp', 'version', 'categories', 'tags', 'examples', 'applies_to', 'applies_to_rationale', 'user_story', 'scope_level', 'scope_id', 'parent_rule_id', 'superseded_by']
------------------------------ Captured log setup ------------------------------
INFO     pytest-session:conftest.py:46 [fixture:clean_db:before] rules table columns: ['id', 'rule_type', 'description', 'diff', 'status', 'submitted_by', 'added_by', 'project', 'timestamp', 'version', 'categories', 'tags', 'examples', 'applies_to', 'applies_to_rationale', 'user_story', 'scope_level', 'scope_id', 'parent_rule_id', 'superseded_by']
INFO     pytest-session:conftest.py:46 [fixture:clean_db:after] rules table columns: ['id', 'rule_type', 'description', 'diff', 'status', 'submitted_by', 'added_by', 'project', 'timestamp', 'version', 'categories', 'tags', 'examples', 'applies_to', 'applies_to_rationale', 'user_story', 'scope_level', 'scope_id', 'parent_rule_id', 'superseded_by']
INFO     pytest-session:conftest.py:46 [fixture:test_project:before] rules table columns: ['id', 'rule_type', 'description', 'diff', 'status', 'submitted_by', 'added_by', 'project', 'timestamp', 'version', 'categories', 'tags', 'examples', 'applies_to', 'applies_to_rationale', 'user_story', 'scope_level', 'scope_id', 'parent_rule_id', 'superseded_by']
INFO     httpx:_client.py:1025 HTTP Request: POST http://testserver/onboarding/init "HTTP/1.1 200 OK"
INFO     pytest-session:conftest.py:46 [fixture:test_project:after] rules table columns: ['id', 'rule_type', 'description', 'diff', 'status', 'submitted_by', 'added_by', 'project', 'timestamp', 'version', 'categories', 'tags', 'examples', 'applies_to', 'applies_to_rationale', 'user_story', 'scope_level', 'scope_id', 'parent_rule_id', 'superseded_by']
----------------------------- Captured stdout call -----------------------------
[DEBUG-get_db] ENVIRONMENT=test, POSTGRES_HOST=test-db
----------------------------- Captured stderr call -----------------------------
WARNING:rule_proposals:[DEBUG] Incoming /propose-rule-change payload: {'rule_type': 'test_category_1', 'description': 'Rule for category 1', 'diff': 'Test diff 1', 'submitted_by': 'tester', 'categories': ['category1'], 'tags': ['test'], 'examples': ['Example 1'], 'applies_to': ['python'], 'applies_to_rationale': 'For Python code', 'user_story': 'Test user story', 'reason_for_change': 'Testing filtering flow.', 'references': 'Test reference.', 'project': 'test-project-1', 'scope_level': 'project'}
WARNING:rule_proposals:[SCOPE-DEBUG] ABSOLUTE FIRST: Incoming payload type: <class 'dict'>, repr: {'rule_type': 'test_category_1', 'description': 'Rule for category 1', 'diff': 'Test diff 1', 'submitted_by': 'tester', 'categories': ['category1'], 'tags': ['test'], 'examples': ['Example 1'], 'applies_to': ['python'], 'applies_to_rationale': 'For Python code', 'user_story': 'Test user story', 'reason_for_change': 'Testing filtering flow.', 'references': 'Test reference.', 'project': 'test-project-1', 'scope_level': 'project'}
WARNING:rule_proposals:[SCOPE-DEBUG] ABSOLUTE FIRST: After conversion, payload type: <class 'dict'>, repr: {'rule_type': 'test_category_1', 'description': 'Rule for category 1', 'diff': 'Test diff 1', 'submitted_by': 'tester', 'categories': ['category1'], 'tags': ['test'], 'examples': ['Example 1'], 'applies_to': ['python'], 'applies_to_rationale': 'For Python code', 'user_story': 'Test user story', 'reason_for_change': 'Testing filtering flow.', 'references': 'Test reference.', 'project': 'test-project-1', 'scope_level': 'project'}
WARNING:rule_proposals:[SCOPE-DEBUG] ABSOLUTE FIRST: payload.get('project'): test-project-1, payload.get('team'): None
WARNING:rule_proposals:[SCOPE-DEBUG] ABSOLUTE FIRST: Incoming payload: {'rule_type': 'test_category_1', 'description': 'Rule for category 1', 'diff': 'Test diff 1', 'submitted_by': 'tester', 'categories': ['category1'], 'tags': ['test'], 'examples': ['Example 1'], 'applies_to': ['python'], 'applies_to_rationale': 'For Python code', 'user_story': 'Test user story', 'reason_for_change': 'Testing filtering flow.', 'references': 'Test reference.', 'project': 'test-project-1', 'scope_level': 'project'}
WARNING:rule_proposals:[SCOPE-DEBUG] ABSOLUTE FIRST: scope_level=project, project=test-project-1, team=None, scope_id=None
WARNING:rule_proposals:[SCOPE-DEBUG] Attempting to resolve project name 'test-project-1' to UUID...
WARNING:rule_proposals:[SCOPE-RESOLVE] Project 'test-project-1' resolved to UUID: 235772bd-b999-48b6-944b-3998668dc87f
WARNING:rule_proposals:[SCOPE-DEBUG] After resolution: scope_id=235772bd-b999-48b6-944b-3998668dc87f, payload['scope_id']=235772bd-b999-48b6-944b-3998668dc87f
WARNING:rule_proposals:[CONFLICT-DEBUG] Checking for conflicts: rule_type=test_category_1, diff=Test diff 1, scope_level=project, scope_id=235772bd-b999-48b6-944b-3998668dc87f
WARNING:rule_proposals:[MDC-VALIDATION] is_valid=False, error_msg='diff' should start with '# Rule:' (MDC format)., diff=Test diff 1
ERROR:rule_proposals:[422-RAISE] MDC diff format invalid: 'diff' should start with '# Rule:' (MDC format)., payload={'rule_type': 'test_category_1', 'description': 'Rule for category 1', 'diff': 'Test diff 1', 'submitted_by': 'tester', 'categories': ['category1'], 'tags': ['test'], 'examples': ['Example 1'], 'applies_to': ['python'], 'applies_to_rationale': 'For Python code', 'user_story': 'Test user story', 'reason_for_change': 'Testing filtering flow.', 'references': 'Test reference.', 'project': 'test-project-1', 'scope_level': 'project', 'scope_id': '235772bd-b999-48b6-944b-3998668dc87f'}
INFO:httpx:HTTP Request: POST http://testserver/propose-rule-change "HTTP/1.1 422 Unprocessable Entity"
------------------------------ Captured log call -------------------------------
WARNING  rule_proposals:rule_proposals.py:230 [DEBUG] Incoming /propose-rule-change payload: {'rule_type': 'test_category_1', 'description': 'Rule for category 1', 'diff': 'Test diff 1', 'submitted_by': 'tester', 'categories': ['category1'], 'tags': ['test'], 'examples': ['Example 1'], 'applies_to': ['python'], 'applies_to_rationale': 'For Python code', 'user_story': 'Test user story', 'reason_for_change': 'Testing filtering flow.', 'references': 'Test reference.', 'project': 'test-project-1', 'scope_level': 'project'}
WARNING  rule_proposals:rule_proposals.py:235 [SCOPE-DEBUG] ABSOLUTE FIRST: Incoming payload type: <class 'dict'>, repr: {'rule_type': 'test_category_1', 'description': 'Rule for category 1', 'diff': 'Test diff 1', 'submitted_by': 'tester', 'categories': ['category1'], 'tags': ['test'], 'examples': ['Example 1'], 'applies_to': ['python'], 'applies_to_rationale': 'For Python code', 'user_story': 'Test user story', 'reason_for_change': 'Testing filtering flow.', 'references': 'Test reference.', 'project': 'test-project-1', 'scope_level': 'project'}
WARNING  rule_proposals:rule_proposals.py:247 [SCOPE-DEBUG] ABSOLUTE FIRST: After conversion, payload type: <class 'dict'>, repr: {'rule_type': 'test_category_1', 'description': 'Rule for category 1', 'diff': 'Test diff 1', 'submitted_by': 'tester', 'categories': ['category1'], 'tags': ['test'], 'examples': ['Example 1'], 'applies_to': ['python'], 'applies_to_rationale': 'For Python code', 'user_story': 'Test user story', 'reason_for_change': 'Testing filtering flow.', 'references': 'Test reference.', 'project': 'test-project-1', 'scope_level': 'project'}
WARNING  rule_proposals:rule_proposals.py:248 [SCOPE-DEBUG] ABSOLUTE FIRST: payload.get('project'): test-project-1, payload.get('team'): None
WARNING  rule_proposals:rule_proposals.py:249 [SCOPE-DEBUG] ABSOLUTE FIRST: Incoming payload: {'rule_type': 'test_category_1', 'description': 'Rule for category 1', 'diff': 'Test diff 1', 'submitted_by': 'tester', 'categories': ['category1'], 'tags': ['test'], 'examples': ['Example 1'], 'applies_to': ['python'], 'applies_to_rationale': 'For Python code', 'user_story': 'Test user story', 'reason_for_change': 'Testing filtering flow.', 'references': 'Test reference.', 'project': 'test-project-1', 'scope_level': 'project'}
WARNING  rule_proposals:rule_proposals.py:250 [SCOPE-DEBUG] ABSOLUTE FIRST: scope_level=project, project=test-project-1, team=None, scope_id=None
WARNING  rule_proposals:rule_proposals.py:254 [SCOPE-DEBUG] Attempting to resolve project name 'test-project-1' to UUID...
WARNING  rule_proposals:rule_proposals.py:257 [SCOPE-RESOLVE] Project 'test-project-1' resolved to UUID: 235772bd-b999-48b6-944b-3998668dc87f
WARNING  rule_proposals:rule_proposals.py:281 [SCOPE-DEBUG] After resolution: scope_id=235772bd-b999-48b6-944b-3998668dc87f, payload['scope_id']=235772bd-b999-48b6-944b-3998668dc87f
WARNING  rule_proposals:rule_proposals.py:293 [CONFLICT-DEBUG] Checking for conflicts: rule_type=test_category_1, diff=Test diff 1, scope_level=project, scope_id=235772bd-b999-48b6-944b-3998668dc87f
WARNING  rule_proposals:rule_proposals.py:333 [MDC-VALIDATION] is_valid=False, error_msg='diff' should start with '# Rule:' (MDC format)., diff=Test diff 1
ERROR    rule_proposals:rule_proposals.py:335 [422-RAISE] MDC diff format invalid: 'diff' should start with '# Rule:' (MDC format)., payload={'rule_type': 'test_category_1', 'description': 'Rule for category 1', 'diff': 'Test diff 1', 'submitted_by': 'tester', 'categories': ['category1'], 'tags': ['test'], 'examples': ['Example 1'], 'applies_to': ['python'], 'applies_to_rationale': 'For Python code', 'user_story': 'Test user story', 'reason_for_change': 'Testing filtering flow.', 'references': 'Test reference.', 'project': 'test-project-1', 'scope_level': 'project', 'scope_id': '235772bd-b999-48b6-944b-3998668dc87f'}
INFO     httpx:_client.py:1025 HTTP Request: POST http://testserver/propose-rule-change "HTTP/1.1 422 Unprocessable Entity"
--------------------------- Captured stderr teardown ---------------------------
INFO:pytest-session:[fixture:clean_db:yielded] rules table columns: ['id', 'rule_type', 'description', 'diff', 'status', 'submitted_by', 'added_by', 'project', 'timestamp', 'version', 'categories', 'tags', 'examples', 'applies_to', 'applies_to_rationale', 'user_story', 'scope_level', 'scope_id', 'parent_rule_id', 'superseded_by']
---------------------------- Captured log teardown -----------------------------
INFO     pytest-session:conftest.py:46 [fixture:clean_db:yielded] rules table columns: ['id', 'rule_type', 'description', 'diff', 'status', 'submitted_by', 'added_by', 'project', 'timestamp', 'version', 'categories', 'tags', 'examples', 'applies_to', 'applies_to_rationale', 'user_story', 'scope_level', 'scope_id', 'parent_rule_id', 'superseded_by']
__________________________ test_rule_filtering_by_tag __________________________
tests/test_rule_filtering.py:181: in test_rule_filtering_by_tag
    assert prop_response.status_code == 200
E   assert 422 == 200
E    +  where 422 = <Response [422 Unprocessable Entity]>.status_code
---------------------------- Captured stdout setup -----------------------------
[DEBUG-get_db] ENVIRONMENT=test, POSTGRES_HOST=test-db
[DEBUG-get_db] ENVIRONMENT=test, POSTGRES_HOST=test-db
[TEST DEBUG] Created test project: project_id=0fbc5711-e7b1-44dc-ac13-48f3932fcd97, token=d8BGA3uT2cjPEchxKQlRAT5D8QG_JpxEauHYmQRxqA4
---------------------------- Captured stderr setup -----------------------------
INFO:pytest-session:[test_end: test_rule_filtering_by_category] rules table columns: ['id', 'rule_type', 'description', 'diff', 'status', 'submitted_by', 'added_by', 'project', 'timestamp', 'version', 'categories', 'tags', 'examples', 'applies_to', 'applies_to_rationale', 'user_story', 'scope_level', 'scope_id', 'parent_rule_id', 'superseded_by']
INFO:pytest-session:[test_start: test_rule_filtering_by_tag] rules table columns: ['id', 'rule_type', 'description', 'diff', 'status', 'submitted_by', 'added_by', 'project', 'timestamp', 'version', 'categories', 'tags', 'examples', 'applies_to', 'applies_to_rationale', 'user_story', 'scope_level', 'scope_id', 'parent_rule_id', 'superseded_by']
INFO:pytest-session:[fixture:clean_db:before] rules table columns: ['id', 'rule_type', 'description', 'diff', 'status', 'submitted_by', 'added_by', 'project', 'timestamp', 'version', 'categories', 'tags', 'examples', 'applies_to', 'applies_to_rationale', 'user_story', 'scope_level', 'scope_id', 'parent_rule_id', 'superseded_by']
INFO:pytest-session:[fixture:clean_db:after] rules table columns: ['id', 'rule_type', 'description', 'diff', 'status', 'submitted_by', 'added_by', 'project', 'timestamp', 'version', 'categories', 'tags', 'examples', 'applies_to', 'applies_to_rationale', 'user_story', 'scope_level', 'scope_id', 'parent_rule_id', 'superseded_by']
INFO:pytest-session:[fixture:test_project:before] rules table columns: ['id', 'rule_type', 'description', 'diff', 'status', 'submitted_by', 'added_by', 'project', 'timestamp', 'version', 'categories', 'tags', 'examples', 'applies_to', 'applies_to_rationale', 'user_story', 'scope_level', 'scope_id', 'parent_rule_id', 'superseded_by']
INFO:httpx:HTTP Request: POST http://testserver/onboarding/init "HTTP/1.1 200 OK"
INFO:pytest-session:[fixture:test_project:after] rules table columns: ['id', 'rule_type', 'description', 'diff', 'status', 'submitted_by', 'added_by', 'project', 'timestamp', 'version', 'categories', 'tags', 'examples', 'applies_to', 'applies_to_rationale', 'user_story', 'scope_level', 'scope_id', 'parent_rule_id', 'superseded_by']
------------------------------ Captured log setup ------------------------------
INFO     pytest-session:conftest.py:46 [fixture:clean_db:before] rules table columns: ['id', 'rule_type', 'description', 'diff', 'status', 'submitted_by', 'added_by', 'project', 'timestamp', 'version', 'categories', 'tags', 'examples', 'applies_to', 'applies_to_rationale', 'user_story', 'scope_level', 'scope_id', 'parent_rule_id', 'superseded_by']
INFO     pytest-session:conftest.py:46 [fixture:clean_db:after] rules table columns: ['id', 'rule_type', 'description', 'diff', 'status', 'submitted_by', 'added_by', 'project', 'timestamp', 'version', 'categories', 'tags', 'examples', 'applies_to', 'applies_to_rationale', 'user_story', 'scope_level', 'scope_id', 'parent_rule_id', 'superseded_by']
INFO     pytest-session:conftest.py:46 [fixture:test_project:before] rules table columns: ['id', 'rule_type', 'description', 'diff', 'status', 'submitted_by', 'added_by', 'project', 'timestamp', 'version', 'categories', 'tags', 'examples', 'applies_to', 'applies_to_rationale', 'user_story', 'scope_level', 'scope_id', 'parent_rule_id', 'superseded_by']
INFO     httpx:_client.py:1025 HTTP Request: POST http://testserver/onboarding/init "HTTP/1.1 200 OK"
INFO     pytest-session:conftest.py:46 [fixture:test_project:after] rules table columns: ['id', 'rule_type', 'description', 'diff', 'status', 'submitted_by', 'added_by', 'project', 'timestamp', 'version', 'categories', 'tags', 'examples', 'applies_to', 'applies_to_rationale', 'user_story', 'scope_level', 'scope_id', 'parent_rule_id', 'superseded_by']
----------------------------- Captured stdout call -----------------------------
[DEBUG-get_db] ENVIRONMENT=test, POSTGRES_HOST=test-db
----------------------------- Captured stderr call -----------------------------
WARNING:rule_proposals:[DEBUG] Incoming /propose-rule-change payload: {'rule_type': 'test_tag_1', 'description': 'Rule with tag 1', 'diff': 'Test diff 1', 'submitted_by': 'tester', 'categories': ['test'], 'tags': ['tag1'], 'examples': ['Example 4'], 'applies_to': ['python'], 'applies_to_rationale': 'For Python code', 'user_story': 'Test user story 4', 'reason_for_change': 'Testing filtering flow 4.', 'references': 'Test reference 4.', 'project': 'test-project-4', 'scope_level': 'project'}
WARNING:rule_proposals:[SCOPE-DEBUG] ABSOLUTE FIRST: Incoming payload type: <class 'dict'>, repr: {'rule_type': 'test_tag_1', 'description': 'Rule with tag 1', 'diff': 'Test diff 1', 'submitted_by': 'tester', 'categories': ['test'], 'tags': ['tag1'], 'examples': ['Example 4'], 'applies_to': ['python'], 'applies_to_rationale': 'For Python code', 'user_story': 'Test user story 4', 'reason_for_change': 'Testing filtering flow 4.', 'references': 'Test reference 4.', 'project': 'test-project-4', 'scope_level': 'project'}
WARNING:rule_proposals:[SCOPE-DEBUG] ABSOLUTE FIRST: After conversion, payload type: <class 'dict'>, repr: {'rule_type': 'test_tag_1', 'description': 'Rule with tag 1', 'diff': 'Test diff 1', 'submitted_by': 'tester', 'categories': ['test'], 'tags': ['tag1'], 'examples': ['Example 4'], 'applies_to': ['python'], 'applies_to_rationale': 'For Python code', 'user_story': 'Test user story 4', 'reason_for_change': 'Testing filtering flow 4.', 'references': 'Test reference 4.', 'project': 'test-project-4', 'scope_level': 'project'}
WARNING:rule_proposals:[SCOPE-DEBUG] ABSOLUTE FIRST: payload.get('project'): test-project-4, payload.get('team'): None
WARNING:rule_proposals:[SCOPE-DEBUG] ABSOLUTE FIRST: Incoming payload: {'rule_type': 'test_tag_1', 'description': 'Rule with tag 1', 'diff': 'Test diff 1', 'submitted_by': 'tester', 'categories': ['test'], 'tags': ['tag1'], 'examples': ['Example 4'], 'applies_to': ['python'], 'applies_to_rationale': 'For Python code', 'user_story': 'Test user story 4', 'reason_for_change': 'Testing filtering flow 4.', 'references': 'Test reference 4.', 'project': 'test-project-4', 'scope_level': 'project'}
WARNING:rule_proposals:[SCOPE-DEBUG] ABSOLUTE FIRST: scope_level=project, project=test-project-4, team=None, scope_id=None
WARNING:rule_proposals:[SCOPE-DEBUG] Attempting to resolve project name 'test-project-4' to UUID...
WARNING:rule_proposals:[SCOPE-RESOLVE] Project 'test-project-4' resolved to UUID: d7e106f0-5ec9-4ec5-9c5c-d25383ade8fa
WARNING:rule_proposals:[SCOPE-DEBUG] After resolution: scope_id=d7e106f0-5ec9-4ec5-9c5c-d25383ade8fa, payload['scope_id']=d7e106f0-5ec9-4ec5-9c5c-d25383ade8fa
WARNING:rule_proposals:[CONFLICT-DEBUG] Checking for conflicts: rule_type=test_tag_1, diff=Test diff 1, scope_level=project, scope_id=d7e106f0-5ec9-4ec5-9c5c-d25383ade8fa
WARNING:rule_proposals:[MDC-VALIDATION] is_valid=False, error_msg='diff' should start with '# Rule:' (MDC format)., diff=Test diff 1
ERROR:rule_proposals:[422-RAISE] MDC diff format invalid: 'diff' should start with '# Rule:' (MDC format)., payload={'rule_type': 'test_tag_1', 'description': 'Rule with tag 1', 'diff': 'Test diff 1', 'submitted_by': 'tester', 'categories': ['test'], 'tags': ['tag1'], 'examples': ['Example 4'], 'applies_to': ['python'], 'applies_to_rationale': 'For Python code', 'user_story': 'Test user story 4', 'reason_for_change': 'Testing filtering flow 4.', 'references': 'Test reference 4.', 'project': 'test-project-4', 'scope_level': 'project', 'scope_id': 'd7e106f0-5ec9-4ec5-9c5c-d25383ade8fa'}
INFO:httpx:HTTP Request: POST http://testserver/propose-rule-change "HTTP/1.1 422 Unprocessable Entity"
------------------------------ Captured log call -------------------------------
WARNING  rule_proposals:rule_proposals.py:230 [DEBUG] Incoming /propose-rule-change payload: {'rule_type': 'test_tag_1', 'description': 'Rule with tag 1', 'diff': 'Test diff 1', 'submitted_by': 'tester', 'categories': ['test'], 'tags': ['tag1'], 'examples': ['Example 4'], 'applies_to': ['python'], 'applies_to_rationale': 'For Python code', 'user_story': 'Test user story 4', 'reason_for_change': 'Testing filtering flow 4.', 'references': 'Test reference 4.', 'project': 'test-project-4', 'scope_level': 'project'}
WARNING  rule_proposals:rule_proposals.py:235 [SCOPE-DEBUG] ABSOLUTE FIRST: Incoming payload type: <class 'dict'>, repr: {'rule_type': 'test_tag_1', 'description': 'Rule with tag 1', 'diff': 'Test diff 1', 'submitted_by': 'tester', 'categories': ['test'], 'tags': ['tag1'], 'examples': ['Example 4'], 'applies_to': ['python'], 'applies_to_rationale': 'For Python code', 'user_story': 'Test user story 4', 'reason_for_change': 'Testing filtering flow 4.', 'references': 'Test reference 4.', 'project': 'test-project-4', 'scope_level': 'project'}
WARNING  rule_proposals:rule_proposals.py:247 [SCOPE-DEBUG] ABSOLUTE FIRST: After conversion, payload type: <class 'dict'>, repr: {'rule_type': 'test_tag_1', 'description': 'Rule with tag 1', 'diff': 'Test diff 1', 'submitted_by': 'tester', 'categories': ['test'], 'tags': ['tag1'], 'examples': ['Example 4'], 'applies_to': ['python'], 'applies_to_rationale': 'For Python code', 'user_story': 'Test user story 4', 'reason_for_change': 'Testing filtering flow 4.', 'references': 'Test reference 4.', 'project': 'test-project-4', 'scope_level': 'project'}
WARNING  rule_proposals:rule_proposals.py:248 [SCOPE-DEBUG] ABSOLUTE FIRST: payload.get('project'): test-project-4, payload.get('team'): None
WARNING  rule_proposals:rule_proposals.py:249 [SCOPE-DEBUG] ABSOLUTE FIRST: Incoming payload: {'rule_type': 'test_tag_1', 'description': 'Rule with tag 1', 'diff': 'Test diff 1', 'submitted_by': 'tester', 'categories': ['test'], 'tags': ['tag1'], 'examples': ['Example 4'], 'applies_to': ['python'], 'applies_to_rationale': 'For Python code', 'user_story': 'Test user story 4', 'reason_for_change': 'Testing filtering flow 4.', 'references': 'Test reference 4.', 'project': 'test-project-4', 'scope_level': 'project'}
WARNING  rule_proposals:rule_proposals.py:250 [SCOPE-DEBUG] ABSOLUTE FIRST: scope_level=project, project=test-project-4, team=None, scope_id=None
WARNING  rule_proposals:rule_proposals.py:254 [SCOPE-DEBUG] Attempting to resolve project name 'test-project-4' to UUID...
WARNING  rule_proposals:rule_proposals.py:257 [SCOPE-RESOLVE] Project 'test-project-4' resolved to UUID: d7e106f0-5ec9-4ec5-9c5c-d25383ade8fa
WARNING  rule_proposals:rule_proposals.py:281 [SCOPE-DEBUG] After resolution: scope_id=d7e106f0-5ec9-4ec5-9c5c-d25383ade8fa, payload['scope_id']=d7e106f0-5ec9-4ec5-9c5c-d25383ade8fa
WARNING  rule_proposals:rule_proposals.py:293 [CONFLICT-DEBUG] Checking for conflicts: rule_type=test_tag_1, diff=Test diff 1, scope_level=project, scope_id=d7e106f0-5ec9-4ec5-9c5c-d25383ade8fa
WARNING  rule_proposals:rule_proposals.py:333 [MDC-VALIDATION] is_valid=False, error_msg='diff' should start with '# Rule:' (MDC format)., diff=Test diff 1
ERROR    rule_proposals:rule_proposals.py:335 [422-RAISE] MDC diff format invalid: 'diff' should start with '# Rule:' (MDC format)., payload={'rule_type': 'test_tag_1', 'description': 'Rule with tag 1', 'diff': 'Test diff 1', 'submitted_by': 'tester', 'categories': ['test'], 'tags': ['tag1'], 'examples': ['Example 4'], 'applies_to': ['python'], 'applies_to_rationale': 'For Python code', 'user_story': 'Test user story 4', 'reason_for_change': 'Testing filtering flow 4.', 'references': 'Test reference 4.', 'project': 'test-project-4', 'scope_level': 'project', 'scope_id': 'd7e106f0-5ec9-4ec5-9c5c-d25383ade8fa'}
INFO     httpx:_client.py:1025 HTTP Request: POST http://testserver/propose-rule-change "HTTP/1.1 422 Unprocessable Entity"
--------------------------- Captured stderr teardown ---------------------------
INFO:pytest-session:[fixture:clean_db:yielded] rules table columns: ['id', 'rule_type', 'description', 'diff', 'status', 'submitted_by', 'added_by', 'project', 'timestamp', 'version', 'categories', 'tags', 'examples', 'applies_to', 'applies_to_rationale', 'user_story', 'scope_level', 'scope_id', 'parent_rule_id', 'superseded_by']
---------------------------- Captured log teardown -----------------------------
INFO     pytest-session:conftest.py:46 [fixture:clean_db:yielded] rules table columns: ['id', 'rule_type', 'description', 'diff', 'status', 'submitted_by', 'added_by', 'project', 'timestamp', 'version', 'categories', 'tags', 'examples', 'applies_to', 'applies_to_rationale', 'user_story', 'scope_level', 'scope_id', 'parent_rule_id', 'superseded_by']
_________________________ test_rule_filtering_by_scope _________________________
tests/test_rule_filtering.py:259: in test_rule_filtering_by_scope
    assert prop_response.status_code == 200
E   assert 422 == 200
E    +  where 422 = <Response [422 Unprocessable Entity]>.status_code
---------------------------- Captured stdout setup -----------------------------
[DEBUG-get_db] ENVIRONMENT=test, POSTGRES_HOST=test-db
[DEBUG-get_db] ENVIRONMENT=test, POSTGRES_HOST=test-db
[TEST DEBUG] Created test project: project_id=ed896623-daf9-4bc3-9d7f-406a2533d4d2, token=wGhGVFc6GmdhVKchIxI0XsNqgnzUA8JF-sCSrncgLlo
[DEBUG-get_db] ENVIRONMENT=test, POSTGRES_HOST=test-db
---------------------------- Captured stderr setup -----------------------------
INFO:pytest-session:[test_end: test_rule_filtering_by_tag] rules table columns: ['id', 'rule_type', 'description', 'diff', 'status', 'submitted_by', 'added_by', 'project', 'timestamp', 'version', 'categories', 'tags', 'examples', 'applies_to', 'applies_to_rationale', 'user_story', 'scope_level', 'scope_id', 'parent_rule_id', 'superseded_by']
INFO:pytest-session:[test_start: test_rule_filtering_by_scope] rules table columns: ['id', 'rule_type', 'description', 'diff', 'status', 'submitted_by', 'added_by', 'project', 'timestamp', 'version', 'categories', 'tags', 'examples', 'applies_to', 'applies_to_rationale', 'user_story', 'scope_level', 'scope_id', 'parent_rule_id', 'superseded_by']
INFO:pytest-session:[fixture:clean_db:before] rules table columns: ['id', 'rule_type', 'description', 'diff', 'status', 'submitted_by', 'added_by', 'project', 'timestamp', 'version', 'categories', 'tags', 'examples', 'applies_to', 'applies_to_rationale', 'user_story', 'scope_level', 'scope_id', 'parent_rule_id', 'superseded_by']
INFO:pytest-session:[fixture:clean_db:after] rules table columns: ['id', 'rule_type', 'description', 'diff', 'status', 'submitted_by', 'added_by', 'project', 'timestamp', 'version', 'categories', 'tags', 'examples', 'applies_to', 'applies_to_rationale', 'user_story', 'scope_level', 'scope_id', 'parent_rule_id', 'superseded_by']
INFO:pytest-session:[fixture:test_project:before] rules table columns: ['id', 'rule_type', 'description', 'diff', 'status', 'submitted_by', 'added_by', 'project', 'timestamp', 'version', 'categories', 'tags', 'examples', 'applies_to', 'applies_to_rationale', 'user_story', 'scope_level', 'scope_id', 'parent_rule_id', 'superseded_by']
INFO:httpx:HTTP Request: POST http://testserver/onboarding/init "HTTP/1.1 200 OK"
INFO:pytest-session:[fixture:test_project:after] rules table columns: ['id', 'rule_type', 'description', 'diff', 'status', 'submitted_by', 'added_by', 'project', 'timestamp', 'version', 'categories', 'tags', 'examples', 'applies_to', 'applies_to_rationale', 'user_story', 'scope_level', 'scope_id', 'parent_rule_id', 'superseded_by']
------------------------------ Captured log setup ------------------------------
INFO     pytest-session:conftest.py:46 [fixture:clean_db:before] rules table columns: ['id', 'rule_type', 'description', 'diff', 'status', 'submitted_by', 'added_by', 'project', 'timestamp', 'version', 'categories', 'tags', 'examples', 'applies_to', 'applies_to_rationale', 'user_story', 'scope_level', 'scope_id', 'parent_rule_id', 'superseded_by']
INFO     pytest-session:conftest.py:46 [fixture:clean_db:after] rules table columns: ['id', 'rule_type', 'description', 'diff', 'status', 'submitted_by', 'added_by', 'project', 'timestamp', 'version', 'categories', 'tags', 'examples', 'applies_to', 'applies_to_rationale', 'user_story', 'scope_level', 'scope_id', 'parent_rule_id', 'superseded_by']
INFO     pytest-session:conftest.py:46 [fixture:test_project:before] rules table columns: ['id', 'rule_type', 'description', 'diff', 'status', 'submitted_by', 'added_by', 'project', 'timestamp', 'version', 'categories', 'tags', 'examples', 'applies_to', 'applies_to_rationale', 'user_story', 'scope_level', 'scope_id', 'parent_rule_id', 'superseded_by']
INFO     httpx:_client.py:1025 HTTP Request: POST http://testserver/onboarding/init "HTTP/1.1 200 OK"
INFO     pytest-session:conftest.py:46 [fixture:test_project:after] rules table columns: ['id', 'rule_type', 'description', 'diff', 'status', 'submitted_by', 'added_by', 'project', 'timestamp', 'version', 'categories', 'tags', 'examples', 'applies_to', 'applies_to_rationale', 'user_story', 'scope_level', 'scope_id', 'parent_rule_id', 'superseded_by']
----------------------------- Captured stdout call -----------------------------
[DEBUG-get_db] ENVIRONMENT=test, POSTGRES_HOST=test-db
----------------------------- Captured stderr call -----------------------------
WARNING:rule_proposals:[DEBUG] Incoming /propose-rule-change payload: {'rule_type': 'test_scope_1', 'description': 'Project scope rule', 'diff': 'Test diff 1', 'submitted_by': 'tester', 'categories': ['test'], 'tags': ['test'], 'scope_level': 'project', 'project': 'test-project', 'examples': ['Example 7'], 'applies_to': ['python'], 'applies_to_rationale': 'For Python code', 'user_story': 'Test user story 7', 'reason_for_change': 'Testing filtering flow 7.', 'references': 'Test reference 7.'}
WARNING:rule_proposals:[SCOPE-DEBUG] ABSOLUTE FIRST: Incoming payload type: <class 'dict'>, repr: {'rule_type': 'test_scope_1', 'description': 'Project scope rule', 'diff': 'Test diff 1', 'submitted_by': 'tester', 'categories': ['test'], 'tags': ['test'], 'scope_level': 'project', 'project': 'test-project', 'examples': ['Example 7'], 'applies_to': ['python'], 'applies_to_rationale': 'For Python code', 'user_story': 'Test user story 7', 'reason_for_change': 'Testing filtering flow 7.', 'references': 'Test reference 7.'}
WARNING:rule_proposals:[SCOPE-DEBUG] ABSOLUTE FIRST: After conversion, payload type: <class 'dict'>, repr: {'rule_type': 'test_scope_1', 'description': 'Project scope rule', 'diff': 'Test diff 1', 'submitted_by': 'tester', 'categories': ['test'], 'tags': ['test'], 'scope_level': 'project', 'project': 'test-project', 'examples': ['Example 7'], 'applies_to': ['python'], 'applies_to_rationale': 'For Python code', 'user_story': 'Test user story 7', 'reason_for_change': 'Testing filtering flow 7.', 'references': 'Test reference 7.'}
WARNING:rule_proposals:[SCOPE-DEBUG] ABSOLUTE FIRST: payload.get('project'): test-project, payload.get('team'): None
WARNING:rule_proposals:[SCOPE-DEBUG] ABSOLUTE FIRST: Incoming payload: {'rule_type': 'test_scope_1', 'description': 'Project scope rule', 'diff': 'Test diff 1', 'submitted_by': 'tester', 'categories': ['test'], 'tags': ['test'], 'scope_level': 'project', 'project': 'test-project', 'examples': ['Example 7'], 'applies_to': ['python'], 'applies_to_rationale': 'For Python code', 'user_story': 'Test user story 7', 'reason_for_change': 'Testing filtering flow 7.', 'references': 'Test reference 7.'}
WARNING:rule_proposals:[SCOPE-DEBUG] ABSOLUTE FIRST: scope_level=project, project=test-project, team=None, scope_id=None
WARNING:rule_proposals:[SCOPE-DEBUG] Attempting to resolve project name 'test-project' to UUID...
WARNING:rule_proposals:[SCOPE-RESOLVE] Project 'test-project' resolved to UUID: 694a711c-cadb-4829-94c3-22f42cbfc8a7
WARNING:rule_proposals:[SCOPE-DEBUG] After resolution: scope_id=694a711c-cadb-4829-94c3-22f42cbfc8a7, payload['scope_id']=694a711c-cadb-4829-94c3-22f42cbfc8a7
WARNING:rule_proposals:[CONFLICT-DEBUG] Checking for conflicts: rule_type=test_scope_1, diff=Test diff 1, scope_level=project, scope_id=694a711c-cadb-4829-94c3-22f42cbfc8a7
WARNING:rule_proposals:[MDC-VALIDATION] is_valid=False, error_msg='diff' should start with '# Rule:' (MDC format)., diff=Test diff 1
ERROR:rule_proposals:[422-RAISE] MDC diff format invalid: 'diff' should start with '# Rule:' (MDC format)., payload={'rule_type': 'test_scope_1', 'description': 'Project scope rule', 'diff': 'Test diff 1', 'submitted_by': 'tester', 'categories': ['test'], 'tags': ['test'], 'scope_level': 'project', 'project': 'test-project', 'examples': ['Example 7'], 'applies_to': ['python'], 'applies_to_rationale': 'For Python code', 'user_story': 'Test user story 7', 'reason_for_change': 'Testing filtering flow 7.', 'references': 'Test reference 7.', 'scope_id': '694a711c-cadb-4829-94c3-22f42cbfc8a7'}
INFO:httpx:HTTP Request: POST http://testserver/propose-rule-change "HTTP/1.1 422 Unprocessable Entity"
------------------------------ Captured log call -------------------------------
WARNING  rule_proposals:rule_proposals.py:230 [DEBUG] Incoming /propose-rule-change payload: {'rule_type': 'test_scope_1', 'description': 'Project scope rule', 'diff': 'Test diff 1', 'submitted_by': 'tester', 'categories': ['test'], 'tags': ['test'], 'scope_level': 'project', 'project': 'test-project', 'examples': ['Example 7'], 'applies_to': ['python'], 'applies_to_rationale': 'For Python code', 'user_story': 'Test user story 7', 'reason_for_change': 'Testing filtering flow 7.', 'references': 'Test reference 7.'}
WARNING  rule_proposals:rule_proposals.py:235 [SCOPE-DEBUG] ABSOLUTE FIRST: Incoming payload type: <class 'dict'>, repr: {'rule_type': 'test_scope_1', 'description': 'Project scope rule', 'diff': 'Test diff 1', 'submitted_by': 'tester', 'categories': ['test'], 'tags': ['test'], 'scope_level': 'project', 'project': 'test-project', 'examples': ['Example 7'], 'applies_to': ['python'], 'applies_to_rationale': 'For Python code', 'user_story': 'Test user story 7', 'reason_for_change': 'Testing filtering flow 7.', 'references': 'Test reference 7.'}
WARNING  rule_proposals:rule_proposals.py:247 [SCOPE-DEBUG] ABSOLUTE FIRST: After conversion, payload type: <class 'dict'>, repr: {'rule_type': 'test_scope_1', 'description': 'Project scope rule', 'diff': 'Test diff 1', 'submitted_by': 'tester', 'categories': ['test'], 'tags': ['test'], 'scope_level': 'project', 'project': 'test-project', 'examples': ['Example 7'], 'applies_to': ['python'], 'applies_to_rationale': 'For Python code', 'user_story': 'Test user story 7', 'reason_for_change': 'Testing filtering flow 7.', 'references': 'Test reference 7.'}
WARNING  rule_proposals:rule_proposals.py:248 [SCOPE-DEBUG] ABSOLUTE FIRST: payload.get('project'): test-project, payload.get('team'): None
WARNING  rule_proposals:rule_proposals.py:249 [SCOPE-DEBUG] ABSOLUTE FIRST: Incoming payload: {'rule_type': 'test_scope_1', 'description': 'Project scope rule', 'diff': 'Test diff 1', 'submitted_by': 'tester', 'categories': ['test'], 'tags': ['test'], 'scope_level': 'project', 'project': 'test-project', 'examples': ['Example 7'], 'applies_to': ['python'], 'applies_to_rationale': 'For Python code', 'user_story': 'Test user story 7', 'reason_for_change': 'Testing filtering flow 7.', 'references': 'Test reference 7.'}
WARNING  rule_proposals:rule_proposals.py:250 [SCOPE-DEBUG] ABSOLUTE FIRST: scope_level=project, project=test-project, team=None, scope_id=None
WARNING  rule_proposals:rule_proposals.py:254 [SCOPE-DEBUG] Attempting to resolve project name 'test-project' to UUID...
WARNING  rule_proposals:rule_proposals.py:257 [SCOPE-RESOLVE] Project 'test-project' resolved to UUID: 694a711c-cadb-4829-94c3-22f42cbfc8a7
WARNING  rule_proposals:rule_proposals.py:281 [SCOPE-DEBUG] After resolution: scope_id=694a711c-cadb-4829-94c3-22f42cbfc8a7, payload['scope_id']=694a711c-cadb-4829-94c3-22f42cbfc8a7
WARNING  rule_proposals:rule_proposals.py:293 [CONFLICT-DEBUG] Checking for conflicts: rule_type=test_scope_1, diff=Test diff 1, scope_level=project, scope_id=694a711c-cadb-4829-94c3-22f42cbfc8a7
WARNING  rule_proposals:rule_proposals.py:333 [MDC-VALIDATION] is_valid=False, error_msg='diff' should start with '# Rule:' (MDC format)., diff=Test diff 1
ERROR    rule_proposals:rule_proposals.py:335 [422-RAISE] MDC diff format invalid: 'diff' should start with '# Rule:' (MDC format)., payload={'rule_type': 'test_scope_1', 'description': 'Project scope rule', 'diff': 'Test diff 1', 'submitted_by': 'tester', 'categories': ['test'], 'tags': ['test'], 'scope_level': 'project', 'project': 'test-project', 'examples': ['Example 7'], 'applies_to': ['python'], 'applies_to_rationale': 'For Python code', 'user_story': 'Test user story 7', 'reason_for_change': 'Testing filtering flow 7.', 'references': 'Test reference 7.', 'scope_id': '694a711c-cadb-4829-94c3-22f42cbfc8a7'}
INFO     httpx:_client.py:1025 HTTP Request: POST http://testserver/propose-rule-change "HTTP/1.1 422 Unprocessable Entity"
--------------------------- Captured stderr teardown ---------------------------
INFO:pytest-session:[fixture:clean_db:yielded] rules table columns: ['id', 'rule_type', 'description', 'diff', 'status', 'submitted_by', 'added_by', 'project', 'timestamp', 'version', 'categories', 'tags', 'examples', 'applies_to', 'applies_to_rationale', 'user_story', 'scope_level', 'scope_id', 'parent_rule_id', 'superseded_by']
---------------------------- Captured log teardown -----------------------------
INFO     pytest-session:conftest.py:46 [fixture:clean_db:yielded] rules table columns: ['id', 'rule_type', 'description', 'diff', 'status', 'submitted_by', 'added_by', 'project', 'timestamp', 'version', 'categories', 'tags', 'examples', 'applies_to', 'applies_to_rationale', 'user_story', 'scope_level', 'scope_id', 'parent_rule_id', 'superseded_by']
_______________________ test_rule_filtering_combinations _______________________
tests/test_rule_filtering.py:346: in test_rule_filtering_combinations
    assert prop_response.status_code == 200
E   assert 422 == 200
E    +  where 422 = <Response [422 Unprocessable Entity]>.status_code
---------------------------- Captured stdout setup -----------------------------
[DEBUG-get_db] ENVIRONMENT=test, POSTGRES_HOST=test-db
[DEBUG-get_db] ENVIRONMENT=test, POSTGRES_HOST=test-db
[TEST DEBUG] Created test project: project_id=b8913de8-a1b9-470c-8b90-99c0ab60e1ac, token=kOuVtXK9IevnilIOMb7kgQFjICatB7uYTbdIeblJNFA
[DEBUG-get_db] ENVIRONMENT=test, POSTGRES_HOST=test-db
---------------------------- Captured stderr setup -----------------------------
INFO:pytest-session:[test_end: test_rule_filtering_by_scope] rules table columns: ['id', 'rule_type', 'description', 'diff', 'status', 'submitted_by', 'added_by', 'project', 'timestamp', 'version', 'categories', 'tags', 'examples', 'applies_to', 'applies_to_rationale', 'user_story', 'scope_level', 'scope_id', 'parent_rule_id', 'superseded_by']
INFO:pytest-session:[test_start: test_rule_filtering_combinations] rules table columns: ['id', 'rule_type', 'description', 'diff', 'status', 'submitted_by', 'added_by', 'project', 'timestamp', 'version', 'categories', 'tags', 'examples', 'applies_to', 'applies_to_rationale', 'user_story', 'scope_level', 'scope_id', 'parent_rule_id', 'superseded_by']
INFO:pytest-session:[fixture:clean_db:before] rules table columns: ['id', 'rule_type', 'description', 'diff', 'status', 'submitted_by', 'added_by', 'project', 'timestamp', 'version', 'categories', 'tags', 'examples', 'applies_to', 'applies_to_rationale', 'user_story', 'scope_level', 'scope_id', 'parent_rule_id', 'superseded_by']
INFO:pytest-session:[fixture:clean_db:after] rules table columns: ['id', 'rule_type', 'description', 'diff', 'status', 'submitted_by', 'added_by', 'project', 'timestamp', 'version', 'categories', 'tags', 'examples', 'applies_to', 'applies_to_rationale', 'user_story', 'scope_level', 'scope_id', 'parent_rule_id', 'superseded_by']
INFO:pytest-session:[fixture:test_project:before] rules table columns: ['id', 'rule_type', 'description', 'diff', 'status', 'submitted_by', 'added_by', 'project', 'timestamp', 'version', 'categories', 'tags', 'examples', 'applies_to', 'applies_to_rationale', 'user_story', 'scope_level', 'scope_id', 'parent_rule_id', 'superseded_by']
INFO:httpx:HTTP Request: POST http://testserver/onboarding/init "HTTP/1.1 200 OK"
INFO:pytest-session:[fixture:test_project:after] rules table columns: ['id', 'rule_type', 'description', 'diff', 'status', 'submitted_by', 'added_by', 'project', 'timestamp', 'version', 'categories', 'tags', 'examples', 'applies_to', 'applies_to_rationale', 'user_story', 'scope_level', 'scope_id', 'parent_rule_id', 'superseded_by']
------------------------------ Captured log setup ------------------------------
INFO     pytest-session:conftest.py:46 [fixture:clean_db:before] rules table columns: ['id', 'rule_type', 'description', 'diff', 'status', 'submitted_by', 'added_by', 'project', 'timestamp', 'version', 'categories', 'tags', 'examples', 'applies_to', 'applies_to_rationale', 'user_story', 'scope_level', 'scope_id', 'parent_rule_id', 'superseded_by']
INFO     pytest-session:conftest.py:46 [fixture:clean_db:after] rules table columns: ['id', 'rule_type', 'description', 'diff', 'status', 'submitted_by', 'added_by', 'project', 'timestamp', 'version', 'categories', 'tags', 'examples', 'applies_to', 'applies_to_rationale', 'user_story', 'scope_level', 'scope_id', 'parent_rule_id', 'superseded_by']
INFO     pytest-session:conftest.py:46 [fixture:test_project:before] rules table columns: ['id', 'rule_type', 'description', 'diff', 'status', 'submitted_by', 'added_by', 'project', 'timestamp', 'version', 'categories', 'tags', 'examples', 'applies_to', 'applies_to_rationale', 'user_story', 'scope_level', 'scope_id', 'parent_rule_id', 'superseded_by']
INFO     httpx:_client.py:1025 HTTP Request: POST http://testserver/onboarding/init "HTTP/1.1 200 OK"
INFO     pytest-session:conftest.py:46 [fixture:test_project:after] rules table columns: ['id', 'rule_type', 'description', 'diff', 'status', 'submitted_by', 'added_by', 'project', 'timestamp', 'version', 'categories', 'tags', 'examples', 'applies_to', 'applies_to_rationale', 'user_story', 'scope_level', 'scope_id', 'parent_rule_id', 'superseded_by']
----------------------------- Captured stdout call -----------------------------
[DEBUG-get_db] ENVIRONMENT=test, POSTGRES_HOST=test-db
----------------------------- Captured stderr call -----------------------------
WARNING:rule_proposals:[DEBUG] Incoming /propose-rule-change payload: {'rule_type': 'test_comb_1', 'description': 'Rule 1', 'diff': 'Test diff 1', 'submitted_by': 'tester', 'categories': ['cat1'], 'tags': ['tag1'], 'scope_level': 'project', 'project': 'test-project', 'examples': ['Example 10'], 'applies_to': ['python'], 'applies_to_rationale': 'For Python code', 'user_story': 'Test user story 10', 'reason_for_change': 'Testing filtering flow 10.', 'references': 'Test reference 10.'}
WARNING:rule_proposals:[SCOPE-DEBUG] ABSOLUTE FIRST: Incoming payload type: <class 'dict'>, repr: {'rule_type': 'test_comb_1', 'description': 'Rule 1', 'diff': 'Test diff 1', 'submitted_by': 'tester', 'categories': ['cat1'], 'tags': ['tag1'], 'scope_level': 'project', 'project': 'test-project', 'examples': ['Example 10'], 'applies_to': ['python'], 'applies_to_rationale': 'For Python code', 'user_story': 'Test user story 10', 'reason_for_change': 'Testing filtering flow 10.', 'references': 'Test reference 10.'}
WARNING:rule_proposals:[SCOPE-DEBUG] ABSOLUTE FIRST: After conversion, payload type: <class 'dict'>, repr: {'rule_type': 'test_comb_1', 'description': 'Rule 1', 'diff': 'Test diff 1', 'submitted_by': 'tester', 'categories': ['cat1'], 'tags': ['tag1'], 'scope_level': 'project', 'project': 'test-project', 'examples': ['Example 10'], 'applies_to': ['python'], 'applies_to_rationale': 'For Python code', 'user_story': 'Test user story 10', 'reason_for_change': 'Testing filtering flow 10.', 'references': 'Test reference 10.'}
WARNING:rule_proposals:[SCOPE-DEBUG] ABSOLUTE FIRST: payload.get('project'): test-project, payload.get('team'): None
WARNING:rule_proposals:[SCOPE-DEBUG] ABSOLUTE FIRST: Incoming payload: {'rule_type': 'test_comb_1', 'description': 'Rule 1', 'diff': 'Test diff 1', 'submitted_by': 'tester', 'categories': ['cat1'], 'tags': ['tag1'], 'scope_level': 'project', 'project': 'test-project', 'examples': ['Example 10'], 'applies_to': ['python'], 'applies_to_rationale': 'For Python code', 'user_story': 'Test user story 10', 'reason_for_change': 'Testing filtering flow 10.', 'references': 'Test reference 10.'}
WARNING:rule_proposals:[SCOPE-DEBUG] ABSOLUTE FIRST: scope_level=project, project=test-project, team=None, scope_id=None
WARNING:rule_proposals:[SCOPE-DEBUG] Attempting to resolve project name 'test-project' to UUID...
WARNING:rule_proposals:[SCOPE-RESOLVE] Project 'test-project' resolved to UUID: 12541056-3757-4200-9797-0f6c3a09e3f0
WARNING:rule_proposals:[SCOPE-DEBUG] After resolution: scope_id=12541056-3757-4200-9797-0f6c3a09e3f0, payload['scope_id']=12541056-3757-4200-9797-0f6c3a09e3f0
WARNING:rule_proposals:[CONFLICT-DEBUG] Checking for conflicts: rule_type=test_comb_1, diff=Test diff 1, scope_level=project, scope_id=12541056-3757-4200-9797-0f6c3a09e3f0
WARNING:rule_proposals:[MDC-VALIDATION] is_valid=False, error_msg='diff' should start with '# Rule:' (MDC format)., diff=Test diff 1
ERROR:rule_proposals:[422-RAISE] MDC diff format invalid: 'diff' should start with '# Rule:' (MDC format)., payload={'rule_type': 'test_comb_1', 'description': 'Rule 1', 'diff': 'Test diff 1', 'submitted_by': 'tester', 'categories': ['cat1'], 'tags': ['tag1'], 'scope_level': 'project', 'project': 'test-project', 'examples': ['Example 10'], 'applies_to': ['python'], 'applies_to_rationale': 'For Python code', 'user_story': 'Test user story 10', 'reason_for_change': 'Testing filtering flow 10.', 'references': 'Test reference 10.', 'scope_id': '12541056-3757-4200-9797-0f6c3a09e3f0'}
INFO:httpx:HTTP Request: POST http://testserver/propose-rule-change "HTTP/1.1 422 Unprocessable Entity"
------------------------------ Captured log call -------------------------------
WARNING  rule_proposals:rule_proposals.py:230 [DEBUG] Incoming /propose-rule-change payload: {'rule_type': 'test_comb_1', 'description': 'Rule 1', 'diff': 'Test diff 1', 'submitted_by': 'tester', 'categories': ['cat1'], 'tags': ['tag1'], 'scope_level': 'project', 'project': 'test-project', 'examples': ['Example 10'], 'applies_to': ['python'], 'applies_to_rationale': 'For Python code', 'user_story': 'Test user story 10', 'reason_for_change': 'Testing filtering flow 10.', 'references': 'Test reference 10.'}
WARNING  rule_proposals:rule_proposals.py:235 [SCOPE-DEBUG] ABSOLUTE FIRST: Incoming payload type: <class 'dict'>, repr: {'rule_type': 'test_comb_1', 'description': 'Rule 1', 'diff': 'Test diff 1', 'submitted_by': 'tester', 'categories': ['cat1'], 'tags': ['tag1'], 'scope_level': 'project', 'project': 'test-project', 'examples': ['Example 10'], 'applies_to': ['python'], 'applies_to_rationale': 'For Python code', 'user_story': 'Test user story 10', 'reason_for_change': 'Testing filtering flow 10.', 'references': 'Test reference 10.'}
WARNING  rule_proposals:rule_proposals.py:247 [SCOPE-DEBUG] ABSOLUTE FIRST: After conversion, payload type: <class 'dict'>, repr: {'rule_type': 'test_comb_1', 'description': 'Rule 1', 'diff': 'Test diff 1', 'submitted_by': 'tester', 'categories': ['cat1'], 'tags': ['tag1'], 'scope_level': 'project', 'project': 'test-project', 'examples': ['Example 10'], 'applies_to': ['python'], 'applies_to_rationale': 'For Python code', 'user_story': 'Test user story 10', 'reason_for_change': 'Testing filtering flow 10.', 'references': 'Test reference 10.'}
WARNING  rule_proposals:rule_proposals.py:248 [SCOPE-DEBUG] ABSOLUTE FIRST: payload.get('project'): test-project, payload.get('team'): None
WARNING  rule_proposals:rule_proposals.py:249 [SCOPE-DEBUG] ABSOLUTE FIRST: Incoming payload: {'rule_type': 'test_comb_1', 'description': 'Rule 1', 'diff': 'Test diff 1', 'submitted_by': 'tester', 'categories': ['cat1'], 'tags': ['tag1'], 'scope_level': 'project', 'project': 'test-project', 'examples': ['Example 10'], 'applies_to': ['python'], 'applies_to_rationale': 'For Python code', 'user_story': 'Test user story 10', 'reason_for_change': 'Testing filtering flow 10.', 'references': 'Test reference 10.'}
WARNING  rule_proposals:rule_proposals.py:250 [SCOPE-DEBUG] ABSOLUTE FIRST: scope_level=project, project=test-project, team=None, scope_id=None
WARNING  rule_proposals:rule_proposals.py:254 [SCOPE-DEBUG] Attempting to resolve project name 'test-project' to UUID...
WARNING  rule_proposals:rule_proposals.py:257 [SCOPE-RESOLVE] Project 'test-project' resolved to UUID: 12541056-3757-4200-9797-0f6c3a09e3f0
WARNING  rule_proposals:rule_proposals.py:281 [SCOPE-DEBUG] After resolution: scope_id=12541056-3757-4200-9797-0f6c3a09e3f0, payload['scope_id']=12541056-3757-4200-9797-0f6c3a09e3f0
WARNING  rule_proposals:rule_proposals.py:293 [CONFLICT-DEBUG] Checking for conflicts: rule_type=test_comb_1, diff=Test diff 1, scope_level=project, scope_id=12541056-3757-4200-9797-0f6c3a09e3f0
WARNING  rule_proposals:rule_proposals.py:333 [MDC-VALIDATION] is_valid=False, error_msg='diff' should start with '# Rule:' (MDC format)., diff=Test diff 1
ERROR    rule_proposals:rule_proposals.py:335 [422-RAISE] MDC diff format invalid: 'diff' should start with '# Rule:' (MDC format)., payload={'rule_type': 'test_comb_1', 'description': 'Rule 1', 'diff': 'Test diff 1', 'submitted_by': 'tester', 'categories': ['cat1'], 'tags': ['tag1'], 'scope_level': 'project', 'project': 'test-project', 'examples': ['Example 10'], 'applies_to': ['python'], 'applies_to_rationale': 'For Python code', 'user_story': 'Test user story 10', 'reason_for_change': 'Testing filtering flow 10.', 'references': 'Test reference 10.', 'scope_id': '12541056-3757-4200-9797-0f6c3a09e3f0'}
INFO     httpx:_client.py:1025 HTTP Request: POST http://testserver/propose-rule-change "HTTP/1.1 422 Unprocessable Entity"
--------------------------- Captured stderr teardown ---------------------------
INFO:pytest-session:[fixture:clean_db:yielded] rules table columns: ['id', 'rule_type', 'description', 'diff', 'status', 'submitted_by', 'added_by', 'project', 'timestamp', 'version', 'categories', 'tags', 'examples', 'applies_to', 'applies_to_rationale', 'user_story', 'scope_level', 'scope_id', 'parent_rule_id', 'superseded_by']
---------------------------- Captured log teardown -----------------------------
INFO     pytest-session:conftest.py:46 [fixture:clean_db:yielded] rules table columns: ['id', 'rule_type', 'description', 'diff', 'status', 'submitted_by', 'added_by', 'project', 'timestamp', 'version', 'categories', 'tags', 'examples', 'applies_to', 'applies_to_rationale', 'user_story', 'scope_level', 'scope_id', 'parent_rule_id', 'superseded_by']
_______________________________ test_rule_search _______________________________
tests/test_rule_filtering.py:424: in test_rule_search
    assert prop_response.status_code == 200
E   assert 422 == 200
E    +  where 422 = <Response [422 Unprocessable Entity]>.status_code
---------------------------- Captured stdout setup -----------------------------
[DEBUG-get_db] ENVIRONMENT=test, POSTGRES_HOST=test-db
[DEBUG-get_db] ENVIRONMENT=test, POSTGRES_HOST=test-db
[TEST DEBUG] Created test project: project_id=63889ff8-d408-447f-a268-e43ee1bda745, token=dAqW0bx6Yg3mOFC4VbvQEuzj5t-SSHy704LEVm2gn34
---------------------------- Captured stderr setup -----------------------------
INFO:pytest-session:[test_end: test_rule_filtering_combinations] rules table columns: ['id', 'rule_type', 'description', 'diff', 'status', 'submitted_by', 'added_by', 'project', 'timestamp', 'version', 'categories', 'tags', 'examples', 'applies_to', 'applies_to_rationale', 'user_story', 'scope_level', 'scope_id', 'parent_rule_id', 'superseded_by']
INFO:pytest-session:[test_start: test_rule_search] rules table columns: ['id', 'rule_type', 'description', 'diff', 'status', 'submitted_by', 'added_by', 'project', 'timestamp', 'version', 'categories', 'tags', 'examples', 'applies_to', 'applies_to_rationale', 'user_story', 'scope_level', 'scope_id', 'parent_rule_id', 'superseded_by']
INFO:pytest-session:[fixture:clean_db:before] rules table columns: ['id', 'rule_type', 'description', 'diff', 'status', 'submitted_by', 'added_by', 'project', 'timestamp', 'version', 'categories', 'tags', 'examples', 'applies_to', 'applies_to_rationale', 'user_story', 'scope_level', 'scope_id', 'parent_rule_id', 'superseded_by']
INFO:pytest-session:[fixture:clean_db:after] rules table columns: ['id', 'rule_type', 'description', 'diff', 'status', 'submitted_by', 'added_by', 'project', 'timestamp', 'version', 'categories', 'tags', 'examples', 'applies_to', 'applies_to_rationale', 'user_story', 'scope_level', 'scope_id', 'parent_rule_id', 'superseded_by']
INFO:pytest-session:[fixture:test_project:before] rules table columns: ['id', 'rule_type', 'description', 'diff', 'status', 'submitted_by', 'added_by', 'project', 'timestamp', 'version', 'categories', 'tags', 'examples', 'applies_to', 'applies_to_rationale', 'user_story', 'scope_level', 'scope_id', 'parent_rule_id', 'superseded_by']
INFO:httpx:HTTP Request: POST http://testserver/onboarding/init "HTTP/1.1 200 OK"
INFO:pytest-session:[fixture:test_project:after] rules table columns: ['id', 'rule_type', 'description', 'diff', 'status', 'submitted_by', 'added_by', 'project', 'timestamp', 'version', 'categories', 'tags', 'examples', 'applies_to', 'applies_to_rationale', 'user_story', 'scope_level', 'scope_id', 'parent_rule_id', 'superseded_by']
------------------------------ Captured log setup ------------------------------
INFO     pytest-session:conftest.py:46 [fixture:clean_db:before] rules table columns: ['id', 'rule_type', 'description', 'diff', 'status', 'submitted_by', 'added_by', 'project', 'timestamp', 'version', 'categories', 'tags', 'examples', 'applies_to', 'applies_to_rationale', 'user_story', 'scope_level', 'scope_id', 'parent_rule_id', 'superseded_by']
INFO     pytest-session:conftest.py:46 [fixture:clean_db:after] rules table columns: ['id', 'rule_type', 'description', 'diff', 'status', 'submitted_by', 'added_by', 'project', 'timestamp', 'version', 'categories', 'tags', 'examples', 'applies_to', 'applies_to_rationale', 'user_story', 'scope_level', 'scope_id', 'parent_rule_id', 'superseded_by']
INFO     pytest-session:conftest.py:46 [fixture:test_project:before] rules table columns: ['id', 'rule_type', 'description', 'diff', 'status', 'submitted_by', 'added_by', 'project', 'timestamp', 'version', 'categories', 'tags', 'examples', 'applies_to', 'applies_to_rationale', 'user_story', 'scope_level', 'scope_id', 'parent_rule_id', 'superseded_by']
INFO     httpx:_client.py:1025 HTTP Request: POST http://testserver/onboarding/init "HTTP/1.1 200 OK"
INFO     pytest-session:conftest.py:46 [fixture:test_project:after] rules table columns: ['id', 'rule_type', 'description', 'diff', 'status', 'submitted_by', 'added_by', 'project', 'timestamp', 'version', 'categories', 'tags', 'examples', 'applies_to', 'applies_to_rationale', 'user_story', 'scope_level', 'scope_id', 'parent_rule_id', 'superseded_by']
----------------------------- Captured stdout call -----------------------------
[DEBUG-get_db] ENVIRONMENT=test, POSTGRES_HOST=test-db
----------------------------- Captured stderr call -----------------------------
WARNING:rule_proposals:[DEBUG] Incoming /propose-rule-change payload: {'rule_type': 'test_search_1', 'description': 'Python code style rule', 'diff': 'Enforce PEP 8 style guide', 'submitted_by': 'tester', 'categories': ['style'], 'tags': ['python'], 'examples': ['Example 13'], 'applies_to': ['python'], 'applies_to_rationale': 'For Python code', 'user_story': 'Test user story 13', 'reason_for_change': 'Testing filtering flow 13.', 'references': 'Test reference 13.', 'scope_level': 'project', 'project': 'test-project'}
WARNING:rule_proposals:[SCOPE-DEBUG] ABSOLUTE FIRST: Incoming payload type: <class 'dict'>, repr: {'rule_type': 'test_search_1', 'description': 'Python code style rule', 'diff': 'Enforce PEP 8 style guide', 'submitted_by': 'tester', 'categories': ['style'], 'tags': ['python'], 'examples': ['Example 13'], 'applies_to': ['python'], 'applies_to_rationale': 'For Python code', 'user_story': 'Test user story 13', 'reason_for_change': 'Testing filtering flow 13.', 'references': 'Test reference 13.', 'scope_level': 'project', 'project': 'test-project'}
WARNING:rule_proposals:[SCOPE-DEBUG] ABSOLUTE FIRST: After conversion, payload type: <class 'dict'>, repr: {'rule_type': 'test_search_1', 'description': 'Python code style rule', 'diff': 'Enforce PEP 8 style guide', 'submitted_by': 'tester', 'categories': ['style'], 'tags': ['python'], 'examples': ['Example 13'], 'applies_to': ['python'], 'applies_to_rationale': 'For Python code', 'user_story': 'Test user story 13', 'reason_for_change': 'Testing filtering flow 13.', 'references': 'Test reference 13.', 'scope_level': 'project', 'project': 'test-project'}
WARNING:rule_proposals:[SCOPE-DEBUG] ABSOLUTE FIRST: payload.get('project'): test-project, payload.get('team'): None
WARNING:rule_proposals:[SCOPE-DEBUG] ABSOLUTE FIRST: Incoming payload: {'rule_type': 'test_search_1', 'description': 'Python code style rule', 'diff': 'Enforce PEP 8 style guide', 'submitted_by': 'tester', 'categories': ['style'], 'tags': ['python'], 'examples': ['Example 13'], 'applies_to': ['python'], 'applies_to_rationale': 'For Python code', 'user_story': 'Test user story 13', 'reason_for_change': 'Testing filtering flow 13.', 'references': 'Test reference 13.', 'scope_level': 'project', 'project': 'test-project'}
WARNING:rule_proposals:[SCOPE-DEBUG] ABSOLUTE FIRST: scope_level=project, project=test-project, team=None, scope_id=None
WARNING:rule_proposals:[SCOPE-DEBUG] Attempting to resolve project name 'test-project' to UUID...
WARNING:rule_proposals:[SCOPE-RESOLVE] Project 'test-project' resolved to UUID: 155868b5-1a43-4c86-b987-fd53f3fbee91
WARNING:rule_proposals:[SCOPE-DEBUG] After resolution: scope_id=155868b5-1a43-4c86-b987-fd53f3fbee91, payload['scope_id']=155868b5-1a43-4c86-b987-fd53f3fbee91
WARNING:rule_proposals:[CONFLICT-DEBUG] Checking for conflicts: rule_type=test_search_1, diff=Enforce PEP 8 style guide, scope_level=project, scope_id=155868b5-1a43-4c86-b987-fd53f3fbee91
WARNING:rule_proposals:[MDC-VALIDATION] is_valid=False, error_msg='diff' should start with '# Rule:' (MDC format)., diff=Enforce PEP 8 style guide
ERROR:rule_proposals:[422-RAISE] MDC diff format invalid: 'diff' should start with '# Rule:' (MDC format)., payload={'rule_type': 'test_search_1', 'description': 'Python code style rule', 'diff': 'Enforce PEP 8 style guide', 'submitted_by': 'tester', 'categories': ['style'], 'tags': ['python'], 'examples': ['Example 13'], 'applies_to': ['python'], 'applies_to_rationale': 'For Python code', 'user_story': 'Test user story 13', 'reason_for_change': 'Testing filtering flow 13.', 'references': 'Test reference 13.', 'scope_level': 'project', 'project': 'test-project', 'scope_id': '155868b5-1a43-4c86-b987-fd53f3fbee91'}
INFO:httpx:HTTP Request: POST http://testserver/propose-rule-change "HTTP/1.1 422 Unprocessable Entity"
------------------------------ Captured log call -------------------------------
WARNING  rule_proposals:rule_proposals.py:230 [DEBUG] Incoming /propose-rule-change payload: {'rule_type': 'test_search_1', 'description': 'Python code style rule', 'diff': 'Enforce PEP 8 style guide', 'submitted_by': 'tester', 'categories': ['style'], 'tags': ['python'], 'examples': ['Example 13'], 'applies_to': ['python'], 'applies_to_rationale': 'For Python code', 'user_story': 'Test user story 13', 'reason_for_change': 'Testing filtering flow 13.', 'references': 'Test reference 13.', 'scope_level': 'project', 'project': 'test-project'}
WARNING  rule_proposals:rule_proposals.py:235 [SCOPE-DEBUG] ABSOLUTE FIRST: Incoming payload type: <class 'dict'>, repr: {'rule_type': 'test_search_1', 'description': 'Python code style rule', 'diff': 'Enforce PEP 8 style guide', 'submitted_by': 'tester', 'categories': ['style'], 'tags': ['python'], 'examples': ['Example 13'], 'applies_to': ['python'], 'applies_to_rationale': 'For Python code', 'user_story': 'Test user story 13', 'reason_for_change': 'Testing filtering flow 13.', 'references': 'Test reference 13.', 'scope_level': 'project', 'project': 'test-project'}
WARNING  rule_proposals:rule_proposals.py:247 [SCOPE-DEBUG] ABSOLUTE FIRST: After conversion, payload type: <class 'dict'>, repr: {'rule_type': 'test_search_1', 'description': 'Python code style rule', 'diff': 'Enforce PEP 8 style guide', 'submitted_by': 'tester', 'categories': ['style'], 'tags': ['python'], 'examples': ['Example 13'], 'applies_to': ['python'], 'applies_to_rationale': 'For Python code', 'user_story': 'Test user story 13', 'reason_for_change': 'Testing filtering flow 13.', 'references': 'Test reference 13.', 'scope_level': 'project', 'project': 'test-project'}
WARNING  rule_proposals:rule_proposals.py:248 [SCOPE-DEBUG] ABSOLUTE FIRST: payload.get('project'): test-project, payload.get('team'): None
WARNING  rule_proposals:rule_proposals.py:249 [SCOPE-DEBUG] ABSOLUTE FIRST: Incoming payload: {'rule_type': 'test_search_1', 'description': 'Python code style rule', 'diff': 'Enforce PEP 8 style guide', 'submitted_by': 'tester', 'categories': ['style'], 'tags': ['python'], 'examples': ['Example 13'], 'applies_to': ['python'], 'applies_to_rationale': 'For Python code', 'user_story': 'Test user story 13', 'reason_for_change': 'Testing filtering flow 13.', 'references': 'Test reference 13.', 'scope_level': 'project', 'project': 'test-project'}
WARNING  rule_proposals:rule_proposals.py:250 [SCOPE-DEBUG] ABSOLUTE FIRST: scope_level=project, project=test-project, team=None, scope_id=None
WARNING  rule_proposals:rule_proposals.py:254 [SCOPE-DEBUG] Attempting to resolve project name 'test-project' to UUID...
WARNING  rule_proposals:rule_proposals.py:257 [SCOPE-RESOLVE] Project 'test-project' resolved to UUID: 155868b5-1a43-4c86-b987-fd53f3fbee91
WARNING  rule_proposals:rule_proposals.py:281 [SCOPE-DEBUG] After resolution: scope_id=155868b5-1a43-4c86-b987-fd53f3fbee91, payload['scope_id']=155868b5-1a43-4c86-b987-fd53f3fbee91
WARNING  rule_proposals:rule_proposals.py:293 [CONFLICT-DEBUG] Checking for conflicts: rule_type=test_search_1, diff=Enforce PEP 8 style guide, scope_level=project, scope_id=155868b5-1a43-4c86-b987-fd53f3fbee91
WARNING  rule_proposals:rule_proposals.py:333 [MDC-VALIDATION] is_valid=False, error_msg='diff' should start with '# Rule:' (MDC format)., diff=Enforce PEP 8 style guide
ERROR    rule_proposals:rule_proposals.py:335 [422-RAISE] MDC diff format invalid: 'diff' should start with '# Rule:' (MDC format)., payload={'rule_type': 'test_search_1', 'description': 'Python code style rule', 'diff': 'Enforce PEP 8 style guide', 'submitted_by': 'tester', 'categories': ['style'], 'tags': ['python'], 'examples': ['Example 13'], 'applies_to': ['python'], 'applies_to_rationale': 'For Python code', 'user_story': 'Test user story 13', 'reason_for_change': 'Testing filtering flow 13.', 'references': 'Test reference 13.', 'scope_level': 'project', 'project': 'test-project', 'scope_id': '155868b5-1a43-4c86-b987-fd53f3fbee91'}
INFO     httpx:_client.py:1025 HTTP Request: POST http://testserver/propose-rule-change "HTTP/1.1 422 Unprocessable Entity"
--------------------------- Captured stderr teardown ---------------------------
INFO:pytest-session:[fixture:clean_db:yielded] rules table columns: ['id', 'rule_type', 'description', 'diff', 'status', 'submitted_by', 'added_by', 'project', 'timestamp', 'version', 'categories', 'tags', 'examples', 'applies_to', 'applies_to_rationale', 'user_story', 'scope_level', 'scope_id', 'parent_rule_id', 'superseded_by']
---------------------------- Captured log teardown -----------------------------
INFO     pytest-session:conftest.py:46 [fixture:clean_db:yielded] rules table columns: ['id', 'rule_type', 'description', 'diff', 'status', 'submitted_by', 'added_by', 'project', 'timestamp', 'version', 'categories', 'tags', 'examples', 'applies_to', 'applies_to_rationale', 'user_story', 'scope_level', 'scope_id', 'parent_rule_id', 'superseded_by']
___________________________ test_rule_promotion_flow ___________________________
tests/test_rule_promotion.py:52: in test_rule_promotion_flow
    assert promote_response.status_code == 200
E   assert 422 == 200
E    +  where 422 = <Response [422 Unprocessable Entity]>.status_code
---------------------------- Captured stdout setup -----------------------------
[DEBUG-get_db] ENVIRONMENT=test, POSTGRES_HOST=test-db
[DEBUG-get_db] ENVIRONMENT=test, POSTGRES_HOST=test-db
[TEST DEBUG] Created test project: project_id=d0365efb-bb73-4261-9a32-ed464d3c39fa, token=cAb02Iqb9Is_qOkHNCCsNnDD8ST1dRgBvO4lRV5fKnU
---------------------------- Captured stderr setup -----------------------------
INFO:pytest-session:[test_end: test_rule_search] rules table columns: ['id', 'rule_type', 'description', 'diff', 'status', 'submitted_by', 'added_by', 'project', 'timestamp', 'version', 'categories', 'tags', 'examples', 'applies_to', 'applies_to_rationale', 'user_story', 'scope_level', 'scope_id', 'parent_rule_id', 'superseded_by']
INFO:pytest-session:[test_start: test_rule_promotion_flow] rules table columns: ['id', 'rule_type', 'description', 'diff', 'status', 'submitted_by', 'added_by', 'project', 'timestamp', 'version', 'categories', 'tags', 'examples', 'applies_to', 'applies_to_rationale', 'user_story', 'scope_level', 'scope_id', 'parent_rule_id', 'superseded_by']
INFO:pytest-session:[fixture:clean_db:before] rules table columns: ['id', 'rule_type', 'description', 'diff', 'status', 'submitted_by', 'added_by', 'project', 'timestamp', 'version', 'categories', 'tags', 'examples', 'applies_to', 'applies_to_rationale', 'user_story', 'scope_level', 'scope_id', 'parent_rule_id', 'superseded_by']
INFO:pytest-session:[fixture:clean_db:after] rules table columns: ['id', 'rule_type', 'description', 'diff', 'status', 'submitted_by', 'added_by', 'project', 'timestamp', 'version', 'categories', 'tags', 'examples', 'applies_to', 'applies_to_rationale', 'user_story', 'scope_level', 'scope_id', 'parent_rule_id', 'superseded_by']
INFO:pytest-session:[fixture:test_project:before] rules table columns: ['id', 'rule_type', 'description', 'diff', 'status', 'submitted_by', 'added_by', 'project', 'timestamp', 'version', 'categories', 'tags', 'examples', 'applies_to', 'applies_to_rationale', 'user_story', 'scope_level', 'scope_id', 'parent_rule_id', 'superseded_by']
INFO:httpx:HTTP Request: POST http://testserver/onboarding/init "HTTP/1.1 200 OK"
INFO:pytest-session:[fixture:test_project:after] rules table columns: ['id', 'rule_type', 'description', 'diff', 'status', 'submitted_by', 'added_by', 'project', 'timestamp', 'version', 'categories', 'tags', 'examples', 'applies_to', 'applies_to_rationale', 'user_story', 'scope_level', 'scope_id', 'parent_rule_id', 'superseded_by']
------------------------------ Captured log setup ------------------------------
INFO     pytest-session:conftest.py:46 [fixture:clean_db:before] rules table columns: ['id', 'rule_type', 'description', 'diff', 'status', 'submitted_by', 'added_by', 'project', 'timestamp', 'version', 'categories', 'tags', 'examples', 'applies_to', 'applies_to_rationale', 'user_story', 'scope_level', 'scope_id', 'parent_rule_id', 'superseded_by']
INFO     pytest-session:conftest.py:46 [fixture:clean_db:after] rules table columns: ['id', 'rule_type', 'description', 'diff', 'status', 'submitted_by', 'added_by', 'project', 'timestamp', 'version', 'categories', 'tags', 'examples', 'applies_to', 'applies_to_rationale', 'user_story', 'scope_level', 'scope_id', 'parent_rule_id', 'superseded_by']
INFO     pytest-session:conftest.py:46 [fixture:test_project:before] rules table columns: ['id', 'rule_type', 'description', 'diff', 'status', 'submitted_by', 'added_by', 'project', 'timestamp', 'version', 'categories', 'tags', 'examples', 'applies_to', 'applies_to_rationale', 'user_story', 'scope_level', 'scope_id', 'parent_rule_id', 'superseded_by']
INFO     httpx:_client.py:1025 HTTP Request: POST http://testserver/onboarding/init "HTTP/1.1 200 OK"
INFO     pytest-session:conftest.py:46 [fixture:test_project:after] rules table columns: ['id', 'rule_type', 'description', 'diff', 'status', 'submitted_by', 'added_by', 'project', 'timestamp', 'version', 'categories', 'tags', 'examples', 'applies_to', 'applies_to_rationale', 'user_story', 'scope_level', 'scope_id', 'parent_rule_id', 'superseded_by']
----------------------------- Captured stdout call -----------------------------
[DEBUG-get_db] ENVIRONMENT=test, POSTGRES_HOST=test-db
[DEBUG-get_db] ENVIRONMENT=test, POSTGRES_HOST=test-db
[DEBUG-get_db] ENVIRONMENT=test, POSTGRES_HOST=test-db
[DEBUG-get_db] ENVIRONMENT=test, POSTGRES_HOST=test-db
----------------------------- Captured stderr call -----------------------------
WARNING:rule_proposals:[DEBUG] Incoming /propose-rule-change payload: {'rule_type': 'promotion_test', 'description': 'Promotion test rule', 'diff': '# Rule: Test diff\n## Description\nPromotion test rule\n## Enforcement\nTesting promotion.', 'submitted_by': 'tester', 'scope_level': 'project', 'project': 'test-project', 'categories': ['test'], 'tags': ['promotion'], 'examples': ['Example 1'], 'applies_to': ['python'], 'applies_to_rationale': 'For Python code', 'user_story': 'Test user story', 'reason_for_change': 'Testing promotion flow.', 'references': 'Test reference.'}
WARNING:rule_proposals:[SCOPE-DEBUG] ABSOLUTE FIRST: Incoming payload type: <class 'dict'>, repr: {'rule_type': 'promotion_test', 'description': 'Promotion test rule', 'diff': '# Rule: Test diff\n## Description\nPromotion test rule\n## Enforcement\nTesting promotion.', 'submitted_by': 'tester', 'scope_level': 'project', 'project': 'test-project', 'categories': ['test'], 'tags': ['promotion'], 'examples': ['Example 1'], 'applies_to': ['python'], 'applies_to_rationale': 'For Python code', 'user_story': 'Test user story', 'reason_for_change': 'Testing promotion flow.', 'references': 'Test reference.'}
WARNING:rule_proposals:[SCOPE-DEBUG] ABSOLUTE FIRST: After conversion, payload type: <class 'dict'>, repr: {'rule_type': 'promotion_test', 'description': 'Promotion test rule', 'diff': '# Rule: Test diff\n## Description\nPromotion test rule\n## Enforcement\nTesting promotion.', 'submitted_by': 'tester', 'scope_level': 'project', 'project': 'test-project', 'categories': ['test'], 'tags': ['promotion'], 'examples': ['Example 1'], 'applies_to': ['python'], 'applies_to_rationale': 'For Python code', 'user_story': 'Test user story', 'reason_for_change': 'Testing promotion flow.', 'references': 'Test reference.'}
WARNING:rule_proposals:[SCOPE-DEBUG] ABSOLUTE FIRST: payload.get('project'): test-project, payload.get('team'): None
WARNING:rule_proposals:[SCOPE-DEBUG] ABSOLUTE FIRST: Incoming payload: {'rule_type': 'promotion_test', 'description': 'Promotion test rule', 'diff': '# Rule: Test diff\n## Description\nPromotion test rule\n## Enforcement\nTesting promotion.', 'submitted_by': 'tester', 'scope_level': 'project', 'project': 'test-project', 'categories': ['test'], 'tags': ['promotion'], 'examples': ['Example 1'], 'applies_to': ['python'], 'applies_to_rationale': 'For Python code', 'user_story': 'Test user story', 'reason_for_change': 'Testing promotion flow.', 'references': 'Test reference.'}
WARNING:rule_proposals:[SCOPE-DEBUG] ABSOLUTE FIRST: scope_level=project, project=test-project, team=None, scope_id=None
WARNING:rule_proposals:[SCOPE-DEBUG] Attempting to resolve project name 'test-project' to UUID...
WARNING:rule_proposals:[SCOPE-RESOLVE] Project 'test-project' resolved to UUID: eee70811-fb88-4679-89c3-6ae9018f4ba0
WARNING:rule_proposals:[SCOPE-DEBUG] After resolution: scope_id=eee70811-fb88-4679-89c3-6ae9018f4ba0, payload['scope_id']=eee70811-fb88-4679-89c3-6ae9018f4ba0
WARNING:rule_proposals:[CONFLICT-DEBUG] Checking for conflicts: rule_type=promotion_test, diff=# Rule: Test diff
## Description
Promotion test rule
## Enforcement
Testing promotion., scope_level=project, scope_id=eee70811-fb88-4679-89c3-6ae9018f4ba0
WARNING:rule_proposals:[MDC-VALIDATION] is_valid=True, error_msg=None, diff=# Rule: Test diff
## Description
Promotion test rule
## Enforcement
Testing promotion.
DEBUG:examples_normalization:clean_examples_field input: ['Example 1']
DEBUG:examples_normalization:clean_examples_field output: ['Example 1'] (flattened list)
DEBUG:examples_normalization:[normalize_rule_dict] output: {'id': 'cd1e0ce1-16ab-4b50-9889-441c0ec8de75', 'rule_type': 'promotion_test', 'description': 'Promotion test rule', 'diff': '# Rule: Test diff\n## Description\nPromotion test rule\n## Enforcement\nTesting promotion.', 'submitted_by': 'tester', 'categories': ['test'], 'tags': ['promotion'], 'examples': ['Example 1'], 'applies_to': ['python'], 'applies_to_rationale': 'For Python code', 'user_story': 'Test user story', 'scope_level': 'project', 'scope_id': 'eee70811-fb88-4679-89c3-6ae9018f4ba0', 'parent_rule_id': None, 'reason_for_change': 'Testing promotion flow.', 'references': 'Test reference.', 'status': 'pending', 'version': 1, 'timestamp': '2025-06-13T18:02:06.398746', 'added_by': '', 'project': ''}
INFO:httpx:HTTP Request: POST http://testserver/propose-rule-change "HTTP/1.1 200 OK"
INFO:auth.require_api_token:[require_api_token] Valid token: cAb02Iqb9Is_qOkHNCCsNnDD8ST1dRgBvO4lRV5fKnU, role: admin, active: True
WARNING:rule_proposals:[DEBUG] approve_rule_change raw proposal object: <db.Proposal object at 0xffff82d1d450>
DEBUG:examples_normalization:clean_examples_field input: ['Example 1']
DEBUG:examples_normalization:clean_examples_field output: ['Example 1'] (flattened list)
DEBUG:examples_normalization:[normalize_rule_dict] output: {'id': 'cd1e0ce1-16ab-4b50-9889-441c0ec8de75', 'rule_type': 'promotion_test', 'description': 'Promotion test rule', 'diff': '# Rule: Test diff\n## Description\nPromotion test rule\n## Enforcement\nTesting promotion.', 'submitted_by': 'tester', 'categories': ['test'], 'tags': ['promotion'], 'examples': ['Example 1'], 'applies_to': ['python'], 'applies_to_rationale': 'For Python code', 'user_story': 'Test user story', 'scope_level': 'project', 'scope_id': 'eee70811-fb88-4679-89c3-6ae9018f4ba0', 'parent_rule_id': 'cd1e0ce1-16ab-4b50-9889-441c0ec8de75', 'reason_for_change': 'Testing promotion flow.', 'references': 'Test reference.', 'status': 'approved', 'version': 1, 'timestamp': '2025-06-13T18:02:06.398746', 'added_by': '', 'project': ''}
INFO:httpx:HTTP Request: PUT http://testserver/rule-changes/cd1e0ce1-16ab-4b50-9889-441c0ec8de75/approve "HTTP/1.1 200 OK"
INFO:httpx:HTTP Request: GET http://testserver/rules?scope_level=project&scope_id=test-project "HTTP/1.1 200 OK"
INFO:auth.require_api_token:[require_api_token] Valid token: cAb02Iqb9Is_qOkHNCCsNnDD8ST1dRgBvO4lRV5fKnU, role: admin, active: True
ERROR:rules:[PROMOTE-DEBUG] scope_id missing for team scope promotion
INFO:httpx:HTTP Request: POST http://testserver/rules/cd1e0ce1-16ab-4b50-9889-441c0ec8de75/promote "HTTP/1.1 422 Unprocessable Entity"
------------------------------ Captured log call -------------------------------
WARNING  rule_proposals:rule_proposals.py:230 [DEBUG] Incoming /propose-rule-change payload: {'rule_type': 'promotion_test', 'description': 'Promotion test rule', 'diff': '# Rule: Test diff\n## Description\nPromotion test rule\n## Enforcement\nTesting promotion.', 'submitted_by': 'tester', 'scope_level': 'project', 'project': 'test-project', 'categories': ['test'], 'tags': ['promotion'], 'examples': ['Example 1'], 'applies_to': ['python'], 'applies_to_rationale': 'For Python code', 'user_story': 'Test user story', 'reason_for_change': 'Testing promotion flow.', 'references': 'Test reference.'}
WARNING  rule_proposals:rule_proposals.py:235 [SCOPE-DEBUG] ABSOLUTE FIRST: Incoming payload type: <class 'dict'>, repr: {'rule_type': 'promotion_test', 'description': 'Promotion test rule', 'diff': '# Rule: Test diff\n## Description\nPromotion test rule\n## Enforcement\nTesting promotion.', 'submitted_by': 'tester', 'scope_level': 'project', 'project': 'test-project', 'categories': ['test'], 'tags': ['promotion'], 'examples': ['Example 1'], 'applies_to': ['python'], 'applies_to_rationale': 'For Python code', 'user_story': 'Test user story', 'reason_for_change': 'Testing promotion flow.', 'references': 'Test reference.'}
WARNING  rule_proposals:rule_proposals.py:247 [SCOPE-DEBUG] ABSOLUTE FIRST: After conversion, payload type: <class 'dict'>, repr: {'rule_type': 'promotion_test', 'description': 'Promotion test rule', 'diff': '# Rule: Test diff\n## Description\nPromotion test rule\n## Enforcement\nTesting promotion.', 'submitted_by': 'tester', 'scope_level': 'project', 'project': 'test-project', 'categories': ['test'], 'tags': ['promotion'], 'examples': ['Example 1'], 'applies_to': ['python'], 'applies_to_rationale': 'For Python code', 'user_story': 'Test user story', 'reason_for_change': 'Testing promotion flow.', 'references': 'Test reference.'}
WARNING  rule_proposals:rule_proposals.py:248 [SCOPE-DEBUG] ABSOLUTE FIRST: payload.get('project'): test-project, payload.get('team'): None
WARNING  rule_proposals:rule_proposals.py:249 [SCOPE-DEBUG] ABSOLUTE FIRST: Incoming payload: {'rule_type': 'promotion_test', 'description': 'Promotion test rule', 'diff': '# Rule: Test diff\n## Description\nPromotion test rule\n## Enforcement\nTesting promotion.', 'submitted_by': 'tester', 'scope_level': 'project', 'project': 'test-project', 'categories': ['test'], 'tags': ['promotion'], 'examples': ['Example 1'], 'applies_to': ['python'], 'applies_to_rationale': 'For Python code', 'user_story': 'Test user story', 'reason_for_change': 'Testing promotion flow.', 'references': 'Test reference.'}
WARNING  rule_proposals:rule_proposals.py:250 [SCOPE-DEBUG] ABSOLUTE FIRST: scope_level=project, project=test-project, team=None, scope_id=None
WARNING  rule_proposals:rule_proposals.py:254 [SCOPE-DEBUG] Attempting to resolve project name 'test-project' to UUID...
WARNING  rule_proposals:rule_proposals.py:257 [SCOPE-RESOLVE] Project 'test-project' resolved to UUID: eee70811-fb88-4679-89c3-6ae9018f4ba0
WARNING  rule_proposals:rule_proposals.py:281 [SCOPE-DEBUG] After resolution: scope_id=eee70811-fb88-4679-89c3-6ae9018f4ba0, payload['scope_id']=eee70811-fb88-4679-89c3-6ae9018f4ba0
WARNING  rule_proposals:rule_proposals.py:293 [CONFLICT-DEBUG] Checking for conflicts: rule_type=promotion_test, diff=# Rule: Test diff
## Description
Promotion test rule
## Enforcement
Testing promotion., scope_level=project, scope_id=eee70811-fb88-4679-89c3-6ae9018f4ba0
WARNING  rule_proposals:rule_proposals.py:333 [MDC-VALIDATION] is_valid=True, error_msg=None, diff=# Rule: Test diff
## Description
Promotion test rule
## Enforcement
Testing promotion.
DEBUG    examples_normalization:normalization.py:50 clean_examples_field input: ['Example 1']
DEBUG    examples_normalization:normalization.py:111 clean_examples_field output: ['Example 1'] (flattened list)
DEBUG    examples_normalization:normalization.py:165 [normalize_rule_dict] output: {'id': 'cd1e0ce1-16ab-4b50-9889-441c0ec8de75', 'rule_type': 'promotion_test', 'description': 'Promotion test rule', 'diff': '# Rule: Test diff\n## Description\nPromotion test rule\n## Enforcement\nTesting promotion.', 'submitted_by': 'tester', 'categories': ['test'], 'tags': ['promotion'], 'examples': ['Example 1'], 'applies_to': ['python'], 'applies_to_rationale': 'For Python code', 'user_story': 'Test user story', 'scope_level': 'project', 'scope_id': 'eee70811-fb88-4679-89c3-6ae9018f4ba0', 'parent_rule_id': None, 'reason_for_change': 'Testing promotion flow.', 'references': 'Test reference.', 'status': 'pending', 'version': 1, 'timestamp': '2025-06-13T18:02:06.398746', 'added_by': '', 'project': ''}
INFO     httpx:_client.py:1025 HTTP Request: POST http://testserver/propose-rule-change "HTTP/1.1 200 OK"
INFO     auth.require_api_token:auth.py:35 [require_api_token] Valid token: cAb02Iqb9Is_qOkHNCCsNnDD8ST1dRgBvO4lRV5fKnU, role: admin, active: True
WARNING  rule_proposals:rule_proposals.py:461 [DEBUG] approve_rule_change raw proposal object: <db.Proposal object at 0xffff82d1d450>
DEBUG    examples_normalization:normalization.py:50 clean_examples_field input: ['Example 1']
DEBUG    examples_normalization:normalization.py:111 clean_examples_field output: ['Example 1'] (flattened list)
DEBUG    examples_normalization:normalization.py:165 [normalize_rule_dict] output: {'id': 'cd1e0ce1-16ab-4b50-9889-441c0ec8de75', 'rule_type': 'promotion_test', 'description': 'Promotion test rule', 'diff': '# Rule: Test diff\n## Description\nPromotion test rule\n## Enforcement\nTesting promotion.', 'submitted_by': 'tester', 'categories': ['test'], 'tags': ['promotion'], 'examples': ['Example 1'], 'applies_to': ['python'], 'applies_to_rationale': 'For Python code', 'user_story': 'Test user story', 'scope_level': 'project', 'scope_id': 'eee70811-fb88-4679-89c3-6ae9018f4ba0', 'parent_rule_id': 'cd1e0ce1-16ab-4b50-9889-441c0ec8de75', 'reason_for_change': 'Testing promotion flow.', 'references': 'Test reference.', 'status': 'approved', 'version': 1, 'timestamp': '2025-06-13T18:02:06.398746', 'added_by': '', 'project': ''}
INFO     httpx:_client.py:1025 HTTP Request: PUT http://testserver/rule-changes/cd1e0ce1-16ab-4b50-9889-441c0ec8de75/approve "HTTP/1.1 200 OK"
INFO     httpx:_client.py:1025 HTTP Request: GET http://testserver/rules?scope_level=project&scope_id=test-project "HTTP/1.1 200 OK"
INFO     auth.require_api_token:auth.py:35 [require_api_token] Valid token: cAb02Iqb9Is_qOkHNCCsNnDD8ST1dRgBvO4lRV5fKnU, role: admin, active: True
ERROR    rules:rules.py:414 [PROMOTE-DEBUG] scope_id missing for team scope promotion
INFO     httpx:_client.py:1025 HTTP Request: POST http://testserver/rules/cd1e0ce1-16ab-4b50-9889-441c0ec8de75/promote "HTTP/1.1 422 Unprocessable Entity"
--------------------------- Captured stderr teardown ---------------------------
INFO:pytest-session:[fixture:clean_db:yielded] rules table columns: ['id', 'rule_type', 'description', 'diff', 'status', 'submitted_by', 'added_by', 'project', 'timestamp', 'version', 'categories', 'tags', 'examples', 'applies_to', 'applies_to_rationale', 'user_story', 'scope_level', 'scope_id', 'parent_rule_id', 'superseded_by']
---------------------------- Captured log teardown -----------------------------
INFO     pytest-session:conftest.py:46 [fixture:clean_db:yielded] rules table columns: ['id', 'rule_type', 'description', 'diff', 'status', 'submitted_by', 'added_by', 'project', 'timestamp', 'version', 'categories', 'tags', 'examples', 'applies_to', 'applies_to_rationale', 'user_story', 'scope_level', 'scope_id', 'parent_rule_id', 'superseded_by']
__________________________ test_invalid_feedback_type __________________________
tests/test_rule_proposal_feedback.py:175: in test_invalid_feedback_type
    assert prop_response.status_code == 200
E   assert 422 == 200
E    +  where 422 = <Response [422 Unprocessable Entity]>.status_code
---------------------------- Captured stdout setup -----------------------------
[DEBUG-get_db] ENVIRONMENT=test, POSTGRES_HOST=test-db
[DEBUG-get_db] ENVIRONMENT=test, POSTGRES_HOST=test-db
[TEST DEBUG] Created test project: project_id=cc9f8b24-bdf6-42f6-ae06-98dc0bbd8645, token=bxT9XO2b7WPXURDfTfuSfxMPEU7MDtLur9caaKgsfto
---------------------------- Captured stderr setup -----------------------------
INFO:pytest-session:[test_end: test_feedback_on_nonexistent_proposal] rules table columns: ['id', 'rule_type', 'description', 'diff', 'status', 'submitted_by', 'added_by', 'project', 'timestamp', 'version', 'categories', 'tags', 'examples', 'applies_to', 'applies_to_rationale', 'user_story', 'scope_level', 'scope_id', 'parent_rule_id', 'superseded_by']
INFO:pytest-session:[test_start: test_invalid_feedback_type] rules table columns: ['id', 'rule_type', 'description', 'diff', 'status', 'submitted_by', 'added_by', 'project', 'timestamp', 'version', 'categories', 'tags', 'examples', 'applies_to', 'applies_to_rationale', 'user_story', 'scope_level', 'scope_id', 'parent_rule_id', 'superseded_by']
INFO:pytest-session:[fixture:clean_db:before] rules table columns: ['id', 'rule_type', 'description', 'diff', 'status', 'submitted_by', 'added_by', 'project', 'timestamp', 'version', 'categories', 'tags', 'examples', 'applies_to', 'applies_to_rationale', 'user_story', 'scope_level', 'scope_id', 'parent_rule_id', 'superseded_by']
INFO:pytest-session:[fixture:clean_db:after] rules table columns: ['id', 'rule_type', 'description', 'diff', 'status', 'submitted_by', 'added_by', 'project', 'timestamp', 'version', 'categories', 'tags', 'examples', 'applies_to', 'applies_to_rationale', 'user_story', 'scope_level', 'scope_id', 'parent_rule_id', 'superseded_by']
INFO:pytest-session:[fixture:test_project:before] rules table columns: ['id', 'rule_type', 'description', 'diff', 'status', 'submitted_by', 'added_by', 'project', 'timestamp', 'version', 'categories', 'tags', 'examples', 'applies_to', 'applies_to_rationale', 'user_story', 'scope_level', 'scope_id', 'parent_rule_id', 'superseded_by']
INFO:httpx:HTTP Request: POST http://testserver/onboarding/init "HTTP/1.1 200 OK"
INFO:pytest-session:[fixture:test_project:after] rules table columns: ['id', 'rule_type', 'description', 'diff', 'status', 'submitted_by', 'added_by', 'project', 'timestamp', 'version', 'categories', 'tags', 'examples', 'applies_to', 'applies_to_rationale', 'user_story', 'scope_level', 'scope_id', 'parent_rule_id', 'superseded_by']
------------------------------ Captured log setup ------------------------------
INFO     pytest-session:conftest.py:46 [fixture:clean_db:before] rules table columns: ['id', 'rule_type', 'description', 'diff', 'status', 'submitted_by', 'added_by', 'project', 'timestamp', 'version', 'categories', 'tags', 'examples', 'applies_to', 'applies_to_rationale', 'user_story', 'scope_level', 'scope_id', 'parent_rule_id', 'superseded_by']
INFO     pytest-session:conftest.py:46 [fixture:clean_db:after] rules table columns: ['id', 'rule_type', 'description', 'diff', 'status', 'submitted_by', 'added_by', 'project', 'timestamp', 'version', 'categories', 'tags', 'examples', 'applies_to', 'applies_to_rationale', 'user_story', 'scope_level', 'scope_id', 'parent_rule_id', 'superseded_by']
INFO     pytest-session:conftest.py:46 [fixture:test_project:before] rules table columns: ['id', 'rule_type', 'description', 'diff', 'status', 'submitted_by', 'added_by', 'project', 'timestamp', 'version', 'categories', 'tags', 'examples', 'applies_to', 'applies_to_rationale', 'user_story', 'scope_level', 'scope_id', 'parent_rule_id', 'superseded_by']
INFO     httpx:_client.py:1025 HTTP Request: POST http://testserver/onboarding/init "HTTP/1.1 200 OK"
INFO     pytest-session:conftest.py:46 [fixture:test_project:after] rules table columns: ['id', 'rule_type', 'description', 'diff', 'status', 'submitted_by', 'added_by', 'project', 'timestamp', 'version', 'categories', 'tags', 'examples', 'applies_to', 'applies_to_rationale', 'user_story', 'scope_level', 'scope_id', 'parent_rule_id', 'superseded_by']
----------------------------- Captured stdout call -----------------------------
[DEBUG-get_db] ENVIRONMENT=test, POSTGRES_HOST=test-db
[DEBUG-get_db] ENVIRONMENT=test, POSTGRES_HOST=test-db
[DEBUG-get_db] ENVIRONMENT=test, POSTGRES_HOST=test-db
----------------------------- Captured stderr call -----------------------------
WARNING:rule_proposals:[DEBUG] Incoming /propose-rule-change payload: {'rule_type': 'test_invalid_feedback', 'description': 'Test invalid feedback type', 'diff': '# Rule: Test diff\n## Description\nThis is a test rule.\n## Enforcement\nThis rule is enforced for testing.', 'submitted_by': 'tester', 'categories': ['test'], 'tags': ['feedback'], 'scope_level': 'project', 'project': 'test-project', 'examples': ['Example 1'], 'applies_to': ['python'], 'applies_to_rationale': 'For Python code', 'user_story': 'Test user story', 'reason_for_change': 'Testing feedback flow.', 'references': 'Test reference.'}
WARNING:rule_proposals:[SCOPE-DEBUG] ABSOLUTE FIRST: Incoming payload type: <class 'dict'>, repr: {'rule_type': 'test_invalid_feedback', 'description': 'Test invalid feedback type', 'diff': '# Rule: Test diff\n## Description\nThis is a test rule.\n## Enforcement\nThis rule is enforced for testing.', 'submitted_by': 'tester', 'categories': ['test'], 'tags': ['feedback'], 'scope_level': 'project', 'project': 'test-project', 'examples': ['Example 1'], 'applies_to': ['python'], 'applies_to_rationale': 'For Python code', 'user_story': 'Test user story', 'reason_for_change': 'Testing feedback flow.', 'references': 'Test reference.'}
WARNING:rule_proposals:[SCOPE-DEBUG] ABSOLUTE FIRST: After conversion, payload type: <class 'dict'>, repr: {'rule_type': 'test_invalid_feedback', 'description': 'Test invalid feedback type', 'diff': '# Rule: Test diff\n## Description\nThis is a test rule.\n## Enforcement\nThis rule is enforced for testing.', 'submitted_by': 'tester', 'categories': ['test'], 'tags': ['feedback'], 'scope_level': 'project', 'project': 'test-project', 'examples': ['Example 1'], 'applies_to': ['python'], 'applies_to_rationale': 'For Python code', 'user_story': 'Test user story', 'reason_for_change': 'Testing feedback flow.', 'references': 'Test reference.'}
WARNING:rule_proposals:[SCOPE-DEBUG] ABSOLUTE FIRST: payload.get('project'): test-project, payload.get('team'): None
WARNING:rule_proposals:[SCOPE-DEBUG] ABSOLUTE FIRST: Incoming payload: {'rule_type': 'test_invalid_feedback', 'description': 'Test invalid feedback type', 'diff': '# Rule: Test diff\n## Description\nThis is a test rule.\n## Enforcement\nThis rule is enforced for testing.', 'submitted_by': 'tester', 'categories': ['test'], 'tags': ['feedback'], 'scope_level': 'project', 'project': 'test-project', 'examples': ['Example 1'], 'applies_to': ['python'], 'applies_to_rationale': 'For Python code', 'user_story': 'Test user story', 'reason_for_change': 'Testing feedback flow.', 'references': 'Test reference.'}
WARNING:rule_proposals:[SCOPE-DEBUG] ABSOLUTE FIRST: scope_level=project, project=test-project, team=None, scope_id=None
WARNING:rule_proposals:[SCOPE-DEBUG] Attempting to resolve project name 'test-project' to UUID...
WARNING:rule_proposals:[SCOPE-RESOLVE] Project 'test-project' resolved to UUID: a320a833-99bb-454f-9b98-502a46a6143c
WARNING:rule_proposals:[SCOPE-DEBUG] After resolution: scope_id=a320a833-99bb-454f-9b98-502a46a6143c, payload['scope_id']=a320a833-99bb-454f-9b98-502a46a6143c
WARNING:rule_proposals:[CONFLICT-DEBUG] Checking for conflicts: rule_type=test_invalid_feedback, diff=# Rule: Test diff
## Description
This is a test rule.
## Enforcement
This rule is enforced for testing., scope_level=project, scope_id=a320a833-99bb-454f-9b98-502a46a6143c
WARNING:rule_proposals:[MDC-VALIDATION] is_valid=True, error_msg=None, diff=# Rule: Test diff
## Description
This is a test rule.
## Enforcement
This rule is enforced for testing.
DEBUG:examples_normalization:clean_examples_field input: ['Example 1']
DEBUG:examples_normalization:clean_examples_field output: ['Example 1'] (flattened list)
DEBUG:examples_normalization:[normalize_rule_dict] output: {'id': '33800c86-f2b8-466a-ad05-1b3128ceef66', 'rule_type': 'test_invalid_feedback', 'description': 'Test invalid feedback type', 'diff': '# Rule: Test diff\n## Description\nThis is a test rule.\n## Enforcement\nThis rule is enforced for testing.', 'submitted_by': 'tester', 'categories': ['test'], 'tags': ['feedback'], 'examples': ['Example 1'], 'applies_to': ['python'], 'applies_to_rationale': 'For Python code', 'user_story': 'Test user story', 'scope_level': 'project', 'scope_id': 'a320a833-99bb-454f-9b98-502a46a6143c', 'parent_rule_id': None, 'reason_for_change': 'Testing feedback flow.', 'references': 'Test reference.', 'status': 'pending', 'version': 1, 'timestamp': '2025-06-13T18:02:06.543549', 'added_by': '', 'project': ''}
INFO:httpx:HTTP Request: POST http://testserver/propose-rule-change "HTTP/1.1 200 OK"
INFO:auth.require_api_token:[require_api_token] Valid token: bxT9XO2b7WPXURDfTfuSfxMPEU7MDtLur9caaKgsfto, role: admin, active: True
ERROR:rule_proposals:[PIRATE-DEBUG] Feedback validation error: [{'type': 'value_error', 'loc': ('body', 'feedback_type'), 'msg': "Value error, Invalid feedback_type: invalid_type. Allowed: ['concern', 'question', 'suggestion']", 'input': 'invalid_type', 'ctx': {'error': "Invalid feedback_type: invalid_type. Allowed: ['concern', 'question', 'suggestion']"}}] | body: {'feedback_type': 'invalid_type', 'comments': 'Test feedback', 'scope_level': 'project', 'project': 'test-project'}
INFO:httpx:HTTP Request: POST http://testserver/api/rule_proposals/33800c86-f2b8-466a-ad05-1b3128ceef66/feedback "HTTP/1.1 422 Unprocessable Entity"
WARNING:rule_proposals:[DEBUG] Incoming /propose-rule-change payload: {'rule_type': 'test_invalid_feedback', 'description': 'Test invalid feedback type', 'diff': '# Rule: Test diff\n## Description\nThis is a test rule.\n## Enforcement\nThis rule is enforced for testing.', 'submitted_by': 'tester', 'categories': ['test'], 'tags': ['feedback'], 'scope_level': 'project', 'project': 'test-project', 'examples': ['Example 1'], 'applies_to': ['python'], 'applies_to_rationale': 'For Python code', 'user_story': 'Test user story', 'reason_for_change': 'Testing feedback flow.', 'references': 'Test reference.'}
WARNING:rule_proposals:[SCOPE-DEBUG] ABSOLUTE FIRST: Incoming payload type: <class 'dict'>, repr: {'rule_type': 'test_invalid_feedback', 'description': 'Test invalid feedback type', 'diff': '# Rule: Test diff\n## Description\nThis is a test rule.\n## Enforcement\nThis rule is enforced for testing.', 'submitted_by': 'tester', 'categories': ['test'], 'tags': ['feedback'], 'scope_level': 'project', 'project': 'test-project', 'examples': ['Example 1'], 'applies_to': ['python'], 'applies_to_rationale': 'For Python code', 'user_story': 'Test user story', 'reason_for_change': 'Testing feedback flow.', 'references': 'Test reference.'}
WARNING:rule_proposals:[SCOPE-DEBUG] ABSOLUTE FIRST: After conversion, payload type: <class 'dict'>, repr: {'rule_type': 'test_invalid_feedback', 'description': 'Test invalid feedback type', 'diff': '# Rule: Test diff\n## Description\nThis is a test rule.\n## Enforcement\nThis rule is enforced for testing.', 'submitted_by': 'tester', 'categories': ['test'], 'tags': ['feedback'], 'scope_level': 'project', 'project': 'test-project', 'examples': ['Example 1'], 'applies_to': ['python'], 'applies_to_rationale': 'For Python code', 'user_story': 'Test user story', 'reason_for_change': 'Testing feedback flow.', 'references': 'Test reference.'}
WARNING:rule_proposals:[SCOPE-DEBUG] ABSOLUTE FIRST: payload.get('project'): test-project, payload.get('team'): None
WARNING:rule_proposals:[SCOPE-DEBUG] ABSOLUTE FIRST: Incoming payload: {'rule_type': 'test_invalid_feedback', 'description': 'Test invalid feedback type', 'diff': '# Rule: Test diff\n## Description\nThis is a test rule.\n## Enforcement\nThis rule is enforced for testing.', 'submitted_by': 'tester', 'categories': ['test'], 'tags': ['feedback'], 'scope_level': 'project', 'project': 'test-project', 'examples': ['Example 1'], 'applies_to': ['python'], 'applies_to_rationale': 'For Python code', 'user_story': 'Test user story', 'reason_for_change': 'Testing feedback flow.', 'references': 'Test reference.'}
WARNING:rule_proposals:[SCOPE-DEBUG] ABSOLUTE FIRST: scope_level=project, project=test-project, team=None, scope_id=None
WARNING:rule_proposals:[SCOPE-DEBUG] Attempting to resolve project name 'test-project' to UUID...
WARNING:rule_proposals:[SCOPE-RESOLVE] Project 'test-project' resolved to UUID: a320a833-99bb-454f-9b98-502a46a6143c
WARNING:rule_proposals:[SCOPE-DEBUG] After resolution: scope_id=a320a833-99bb-454f-9b98-502a46a6143c, payload['scope_id']=a320a833-99bb-454f-9b98-502a46a6143c
WARNING:rule_proposals:[CONFLICT-DEBUG] Checking for conflicts: rule_type=test_invalid_feedback, diff=# Rule: Test diff
## Description
This is a test rule.
## Enforcement
This rule is enforced for testing., scope_level=project, scope_id=a320a833-99bb-454f-9b98-502a46a6143c
ERROR:rule_proposals:[422-RAISE] Pending proposal conflict: id=33800c86-f2b8-466a-ad05-1b3128ceef66, scope_id=a320a833-99bb-454f-9b98-502a46a6143c, payload={'rule_type': 'test_invalid_feedback', 'description': 'Test invalid feedback type', 'diff': '# Rule: Test diff\n## Description\nThis is a test rule.\n## Enforcement\nThis rule is enforced for testing.', 'submitted_by': 'tester', 'categories': ['test'], 'tags': ['feedback'], 'scope_level': 'project', 'project': 'test-project', 'examples': ['Example 1'], 'applies_to': ['python'], 'applies_to_rationale': 'For Python code', 'user_story': 'Test user story', 'reason_for_change': 'Testing feedback flow.', 'references': 'Test reference.', 'scope_id': 'a320a833-99bb-454f-9b98-502a46a6143c'}
INFO:httpx:HTTP Request: POST http://testserver/propose-rule-change "HTTP/1.1 422 Unprocessable Entity"
------------------------------ Captured log call -------------------------------
WARNING  rule_proposals:rule_proposals.py:230 [DEBUG] Incoming /propose-rule-change payload: {'rule_type': 'test_invalid_feedback', 'description': 'Test invalid feedback type', 'diff': '# Rule: Test diff\n## Description\nThis is a test rule.\n## Enforcement\nThis rule is enforced for testing.', 'submitted_by': 'tester', 'categories': ['test'], 'tags': ['feedback'], 'scope_level': 'project', 'project': 'test-project', 'examples': ['Example 1'], 'applies_to': ['python'], 'applies_to_rationale': 'For Python code', 'user_story': 'Test user story', 'reason_for_change': 'Testing feedback flow.', 'references': 'Test reference.'}
WARNING  rule_proposals:rule_proposals.py:235 [SCOPE-DEBUG] ABSOLUTE FIRST: Incoming payload type: <class 'dict'>, repr: {'rule_type': 'test_invalid_feedback', 'description': 'Test invalid feedback type', 'diff': '# Rule: Test diff\n## Description\nThis is a test rule.\n## Enforcement\nThis rule is enforced for testing.', 'submitted_by': 'tester', 'categories': ['test'], 'tags': ['feedback'], 'scope_level': 'project', 'project': 'test-project', 'examples': ['Example 1'], 'applies_to': ['python'], 'applies_to_rationale': 'For Python code', 'user_story': 'Test user story', 'reason_for_change': 'Testing feedback flow.', 'references': 'Test reference.'}
WARNING  rule_proposals:rule_proposals.py:247 [SCOPE-DEBUG] ABSOLUTE FIRST: After conversion, payload type: <class 'dict'>, repr: {'rule_type': 'test_invalid_feedback', 'description': 'Test invalid feedback type', 'diff': '# Rule: Test diff\n## Description\nThis is a test rule.\n## Enforcement\nThis rule is enforced for testing.', 'submitted_by': 'tester', 'categories': ['test'], 'tags': ['feedback'], 'scope_level': 'project', 'project': 'test-project', 'examples': ['Example 1'], 'applies_to': ['python'], 'applies_to_rationale': 'For Python code', 'user_story': 'Test user story', 'reason_for_change': 'Testing feedback flow.', 'references': 'Test reference.'}
WARNING  rule_proposals:rule_proposals.py:248 [SCOPE-DEBUG] ABSOLUTE FIRST: payload.get('project'): test-project, payload.get('team'): None
WARNING  rule_proposals:rule_proposals.py:249 [SCOPE-DEBUG] ABSOLUTE FIRST: Incoming payload: {'rule_type': 'test_invalid_feedback', 'description': 'Test invalid feedback type', 'diff': '# Rule: Test diff\n## Description\nThis is a test rule.\n## Enforcement\nThis rule is enforced for testing.', 'submitted_by': 'tester', 'categories': ['test'], 'tags': ['feedback'], 'scope_level': 'project', 'project': 'test-project', 'examples': ['Example 1'], 'applies_to': ['python'], 'applies_to_rationale': 'For Python code', 'user_story': 'Test user story', 'reason_for_change': 'Testing feedback flow.', 'references': 'Test reference.'}
WARNING  rule_proposals:rule_proposals.py:250 [SCOPE-DEBUG] ABSOLUTE FIRST: scope_level=project, project=test-project, team=None, scope_id=None
WARNING  rule_proposals:rule_proposals.py:254 [SCOPE-DEBUG] Attempting to resolve project name 'test-project' to UUID...
WARNING  rule_proposals:rule_proposals.py:257 [SCOPE-RESOLVE] Project 'test-project' resolved to UUID: a320a833-99bb-454f-9b98-502a46a6143c
WARNING  rule_proposals:rule_proposals.py:281 [SCOPE-DEBUG] After resolution: scope_id=a320a833-99bb-454f-9b98-502a46a6143c, payload['scope_id']=a320a833-99bb-454f-9b98-502a46a6143c
WARNING  rule_proposals:rule_proposals.py:293 [CONFLICT-DEBUG] Checking for conflicts: rule_type=test_invalid_feedback, diff=# Rule: Test diff
## Description
This is a test rule.
## Enforcement
This rule is enforced for testing., scope_level=project, scope_id=a320a833-99bb-454f-9b98-502a46a6143c
WARNING  rule_proposals:rule_proposals.py:333 [MDC-VALIDATION] is_valid=True, error_msg=None, diff=# Rule: Test diff
## Description
This is a test rule.
## Enforcement
This rule is enforced for testing.
DEBUG    examples_normalization:normalization.py:50 clean_examples_field input: ['Example 1']
DEBUG    examples_normalization:normalization.py:111 clean_examples_field output: ['Example 1'] (flattened list)
DEBUG    examples_normalization:normalization.py:165 [normalize_rule_dict] output: {'id': '33800c86-f2b8-466a-ad05-1b3128ceef66', 'rule_type': 'test_invalid_feedback', 'description': 'Test invalid feedback type', 'diff': '# Rule: Test diff\n## Description\nThis is a test rule.\n## Enforcement\nThis rule is enforced for testing.', 'submitted_by': 'tester', 'categories': ['test'], 'tags': ['feedback'], 'examples': ['Example 1'], 'applies_to': ['python'], 'applies_to_rationale': 'For Python code', 'user_story': 'Test user story', 'scope_level': 'project', 'scope_id': 'a320a833-99bb-454f-9b98-502a46a6143c', 'parent_rule_id': None, 'reason_for_change': 'Testing feedback flow.', 'references': 'Test reference.', 'status': 'pending', 'version': 1, 'timestamp': '2025-06-13T18:02:06.543549', 'added_by': '', 'project': ''}
INFO     httpx:_client.py:1025 HTTP Request: POST http://testserver/propose-rule-change "HTTP/1.1 200 OK"
INFO     auth.require_api_token:auth.py:35 [require_api_token] Valid token: bxT9XO2b7WPXURDfTfuSfxMPEU7MDtLur9caaKgsfto, role: admin, active: True
ERROR    rule_proposals:rule_proposals.py:709 [PIRATE-DEBUG] Feedback validation error: [{'type': 'value_error', 'loc': ('body', 'feedback_type'), 'msg': "Value error, Invalid feedback_type: invalid_type. Allowed: ['concern', 'question', 'suggestion']", 'input': 'invalid_type', 'ctx': {'error': "Invalid feedback_type: invalid_type. Allowed: ['concern', 'question', 'suggestion']"}}] | body: {'feedback_type': 'invalid_type', 'comments': 'Test feedback', 'scope_level': 'project', 'project': 'test-project'}
INFO     httpx:_client.py:1025 HTTP Request: POST http://testserver/api/rule_proposals/33800c86-f2b8-466a-ad05-1b3128ceef66/feedback "HTTP/1.1 422 Unprocessable Entity"
WARNING  rule_proposals:rule_proposals.py:230 [DEBUG] Incoming /propose-rule-change payload: {'rule_type': 'test_invalid_feedback', 'description': 'Test invalid feedback type', 'diff': '# Rule: Test diff\n## Description\nThis is a test rule.\n## Enforcement\nThis rule is enforced for testing.', 'submitted_by': 'tester', 'categories': ['test'], 'tags': ['feedback'], 'scope_level': 'project', 'project': 'test-project', 'examples': ['Example 1'], 'applies_to': ['python'], 'applies_to_rationale': 'For Python code', 'user_story': 'Test user story', 'reason_for_change': 'Testing feedback flow.', 'references': 'Test reference.'}
WARNING  rule_proposals:rule_proposals.py:235 [SCOPE-DEBUG] ABSOLUTE FIRST: Incoming payload type: <class 'dict'>, repr: {'rule_type': 'test_invalid_feedback', 'description': 'Test invalid feedback type', 'diff': '# Rule: Test diff\n## Description\nThis is a test rule.\n## Enforcement\nThis rule is enforced for testing.', 'submitted_by': 'tester', 'categories': ['test'], 'tags': ['feedback'], 'scope_level': 'project', 'project': 'test-project', 'examples': ['Example 1'], 'applies_to': ['python'], 'applies_to_rationale': 'For Python code', 'user_story': 'Test user story', 'reason_for_change': 'Testing feedback flow.', 'references': 'Test reference.'}
WARNING  rule_proposals:rule_proposals.py:247 [SCOPE-DEBUG] ABSOLUTE FIRST: After conversion, payload type: <class 'dict'>, repr: {'rule_type': 'test_invalid_feedback', 'description': 'Test invalid feedback type', 'diff': '# Rule: Test diff\n## Description\nThis is a test rule.\n## Enforcement\nThis rule is enforced for testing.', 'submitted_by': 'tester', 'categories': ['test'], 'tags': ['feedback'], 'scope_level': 'project', 'project': 'test-project', 'examples': ['Example 1'], 'applies_to': ['python'], 'applies_to_rationale': 'For Python code', 'user_story': 'Test user story', 'reason_for_change': 'Testing feedback flow.', 'references': 'Test reference.'}
WARNING  rule_proposals:rule_proposals.py:248 [SCOPE-DEBUG] ABSOLUTE FIRST: payload.get('project'): test-project, payload.get('team'): None
WARNING  rule_proposals:rule_proposals.py:249 [SCOPE-DEBUG] ABSOLUTE FIRST: Incoming payload: {'rule_type': 'test_invalid_feedback', 'description': 'Test invalid feedback type', 'diff': '# Rule: Test diff\n## Description\nThis is a test rule.\n## Enforcement\nThis rule is enforced for testing.', 'submitted_by': 'tester', 'categories': ['test'], 'tags': ['feedback'], 'scope_level': 'project', 'project': 'test-project', 'examples': ['Example 1'], 'applies_to': ['python'], 'applies_to_rationale': 'For Python code', 'user_story': 'Test user story', 'reason_for_change': 'Testing feedback flow.', 'references': 'Test reference.'}
WARNING  rule_proposals:rule_proposals.py:250 [SCOPE-DEBUG] ABSOLUTE FIRST: scope_level=project, project=test-project, team=None, scope_id=None
WARNING  rule_proposals:rule_proposals.py:254 [SCOPE-DEBUG] Attempting to resolve project name 'test-project' to UUID...
WARNING  rule_proposals:rule_proposals.py:257 [SCOPE-RESOLVE] Project 'test-project' resolved to UUID: a320a833-99bb-454f-9b98-502a46a6143c
WARNING  rule_proposals:rule_proposals.py:281 [SCOPE-DEBUG] After resolution: scope_id=a320a833-99bb-454f-9b98-502a46a6143c, payload['scope_id']=a320a833-99bb-454f-9b98-502a46a6143c
WARNING  rule_proposals:rule_proposals.py:293 [CONFLICT-DEBUG] Checking for conflicts: rule_type=test_invalid_feedback, diff=# Rule: Test diff
## Description
This is a test rule.
## Enforcement
This rule is enforced for testing., scope_level=project, scope_id=a320a833-99bb-454f-9b98-502a46a6143c
ERROR    rule_proposals:rule_proposals.py:325 [422-RAISE] Pending proposal conflict: id=33800c86-f2b8-466a-ad05-1b3128ceef66, scope_id=a320a833-99bb-454f-9b98-502a46a6143c, payload={'rule_type': 'test_invalid_feedback', 'description': 'Test invalid feedback type', 'diff': '# Rule: Test diff\n## Description\nThis is a test rule.\n## Enforcement\nThis rule is enforced for testing.', 'submitted_by': 'tester', 'categories': ['test'], 'tags': ['feedback'], 'scope_level': 'project', 'project': 'test-project', 'examples': ['Example 1'], 'applies_to': ['python'], 'applies_to_rationale': 'For Python code', 'user_story': 'Test user story', 'reason_for_change': 'Testing feedback flow.', 'references': 'Test reference.', 'scope_id': 'a320a833-99bb-454f-9b98-502a46a6143c'}
INFO     httpx:_client.py:1025 HTTP Request: POST http://testserver/propose-rule-change "HTTP/1.1 422 Unprocessable Entity"
--------------------------- Captured stderr teardown ---------------------------
INFO:pytest-session:[fixture:clean_db:yielded] rules table columns: ['id', 'rule_type', 'description', 'diff', 'status', 'submitted_by', 'added_by', 'project', 'timestamp', 'version', 'categories', 'tags', 'examples', 'applies_to', 'applies_to_rationale', 'user_story', 'scope_level', 'scope_id', 'parent_rule_id', 'superseded_by']
---------------------------- Captured log teardown -----------------------------
INFO     pytest-session:conftest.py:46 [fixture:clean_db:yielded] rules table columns: ['id', 'rule_type', 'description', 'diff', 'status', 'submitted_by', 'added_by', 'project', 'timestamp', 'version', 'categories', 'tags', 'examples', 'applies_to', 'applies_to_rationale', 'user_story', 'scope_level', 'scope_id', 'parent_rule_id', 'superseded_by']
__________________________ test_multiple_rule_updates __________________________
tests/test_rule_versioning.py:175: in test_multiple_rule_updates
    assert prop_response.status_code == 200
E   assert 422 == 200
E    +  where 422 = <Response [422 Unprocessable Entity]>.status_code
---------------------------- Captured stdout setup -----------------------------
[DEBUG-get_db] ENVIRONMENT=test, POSTGRES_HOST=test-db
[DEBUG-get_db] ENVIRONMENT=test, POSTGRES_HOST=test-db
[TEST DEBUG] Created test project: project_id=55e546a3-116e-4b72-99a0-5ebf75edc2cc, token=3yyDNyc1DZ-HdtNEjWnml5Tfr1IlFaLA-VB-YQvdHbI
---------------------------- Captured stderr setup -----------------------------
INFO:pytest-session:[test_end: test_rule_history_nonexistent] rules table columns: ['id', 'rule_type', 'description', 'diff', 'status', 'submitted_by', 'added_by', 'project', 'timestamp', 'version', 'categories', 'tags', 'examples', 'applies_to', 'applies_to_rationale', 'user_story', 'scope_level', 'scope_id', 'parent_rule_id', 'superseded_by']
INFO:pytest-session:[test_start: test_multiple_rule_updates] rules table columns: ['id', 'rule_type', 'description', 'diff', 'status', 'submitted_by', 'added_by', 'project', 'timestamp', 'version', 'categories', 'tags', 'examples', 'applies_to', 'applies_to_rationale', 'user_story', 'scope_level', 'scope_id', 'parent_rule_id', 'superseded_by']
INFO:pytest-session:[fixture:clean_db:before] rules table columns: ['id', 'rule_type', 'description', 'diff', 'status', 'submitted_by', 'added_by', 'project', 'timestamp', 'version', 'categories', 'tags', 'examples', 'applies_to', 'applies_to_rationale', 'user_story', 'scope_level', 'scope_id', 'parent_rule_id', 'superseded_by']
INFO:pytest-session:[fixture:clean_db:after] rules table columns: ['id', 'rule_type', 'description', 'diff', 'status', 'submitted_by', 'added_by', 'project', 'timestamp', 'version', 'categories', 'tags', 'examples', 'applies_to', 'applies_to_rationale', 'user_story', 'scope_level', 'scope_id', 'parent_rule_id', 'superseded_by']
INFO:pytest-session:[fixture:test_project:before] rules table columns: ['id', 'rule_type', 'description', 'diff', 'status', 'submitted_by', 'added_by', 'project', 'timestamp', 'version', 'categories', 'tags', 'examples', 'applies_to', 'applies_to_rationale', 'user_story', 'scope_level', 'scope_id', 'parent_rule_id', 'superseded_by']
INFO:httpx:HTTP Request: POST http://testserver/onboarding/init "HTTP/1.1 200 OK"
INFO:pytest-session:[fixture:test_project:after] rules table columns: ['id', 'rule_type', 'description', 'diff', 'status', 'submitted_by', 'added_by', 'project', 'timestamp', 'version', 'categories', 'tags', 'examples', 'applies_to', 'applies_to_rationale', 'user_story', 'scope_level', 'scope_id', 'parent_rule_id', 'superseded_by']
------------------------------ Captured log setup ------------------------------
INFO     pytest-session:conftest.py:46 [fixture:clean_db:before] rules table columns: ['id', 'rule_type', 'description', 'diff', 'status', 'submitted_by', 'added_by', 'project', 'timestamp', 'version', 'categories', 'tags', 'examples', 'applies_to', 'applies_to_rationale', 'user_story', 'scope_level', 'scope_id', 'parent_rule_id', 'superseded_by']
INFO     pytest-session:conftest.py:46 [fixture:clean_db:after] rules table columns: ['id', 'rule_type', 'description', 'diff', 'status', 'submitted_by', 'added_by', 'project', 'timestamp', 'version', 'categories', 'tags', 'examples', 'applies_to', 'applies_to_rationale', 'user_story', 'scope_level', 'scope_id', 'parent_rule_id', 'superseded_by']
INFO     pytest-session:conftest.py:46 [fixture:test_project:before] rules table columns: ['id', 'rule_type', 'description', 'diff', 'status', 'submitted_by', 'added_by', 'project', 'timestamp', 'version', 'categories', 'tags', 'examples', 'applies_to', 'applies_to_rationale', 'user_story', 'scope_level', 'scope_id', 'parent_rule_id', 'superseded_by']
INFO     httpx:_client.py:1025 HTTP Request: POST http://testserver/onboarding/init "HTTP/1.1 200 OK"
INFO     pytest-session:conftest.py:46 [fixture:test_project:after] rules table columns: ['id', 'rule_type', 'description', 'diff', 'status', 'submitted_by', 'added_by', 'project', 'timestamp', 'version', 'categories', 'tags', 'examples', 'applies_to', 'applies_to_rationale', 'user_story', 'scope_level', 'scope_id', 'parent_rule_id', 'superseded_by']
----------------------------- Captured stdout call -----------------------------
[DEBUG-get_db] ENVIRONMENT=test, POSTGRES_HOST=test-db
[DEBUG-get_db] ENVIRONMENT=test, POSTGRES_HOST=test-db
[DEBUG-get_db] ENVIRONMENT=test, POSTGRES_HOST=test-db
[DEBUG-get_db] ENVIRONMENT=test, POSTGRES_HOST=test-db
----------------------------- Captured stderr call -----------------------------
WARNING:rule_proposals:[DEBUG] Incoming /propose-rule-change payload: {'rule_type': 'test_multiple_updates', 'description': 'Version 1', 'diff': '# Rule: Diff 1\n## Description\nThis is a test rule.\n## Enforcement\nThis rule is enforced for testing.', 'submitted_by': 'tester', 'categories': ['test'], 'tags': ['versioning'], 'scope_level': 'project', 'project': 'test-project', 'examples': ['Example 1'], 'applies_to': ['python'], 'user_story': 'Test user story', 'reason_for_change': 'Testing multiple updates.', 'references': 'Test reference.'}
WARNING:rule_proposals:[SCOPE-DEBUG] ABSOLUTE FIRST: Incoming payload type: <class 'dict'>, repr: {'rule_type': 'test_multiple_updates', 'description': 'Version 1', 'diff': '# Rule: Diff 1\n## Description\nThis is a test rule.\n## Enforcement\nThis rule is enforced for testing.', 'submitted_by': 'tester', 'categories': ['test'], 'tags': ['versioning'], 'scope_level': 'project', 'project': 'test-project', 'examples': ['Example 1'], 'applies_to': ['python'], 'user_story': 'Test user story', 'reason_for_change': 'Testing multiple updates.', 'references': 'Test reference.'}
WARNING:rule_proposals:[SCOPE-DEBUG] ABSOLUTE FIRST: After conversion, payload type: <class 'dict'>, repr: {'rule_type': 'test_multiple_updates', 'description': 'Version 1', 'diff': '# Rule: Diff 1\n## Description\nThis is a test rule.\n## Enforcement\nThis rule is enforced for testing.', 'submitted_by': 'tester', 'categories': ['test'], 'tags': ['versioning'], 'scope_level': 'project', 'project': 'test-project', 'examples': ['Example 1'], 'applies_to': ['python'], 'user_story': 'Test user story', 'reason_for_change': 'Testing multiple updates.', 'references': 'Test reference.'}
WARNING:rule_proposals:[SCOPE-DEBUG] ABSOLUTE FIRST: payload.get('project'): test-project, payload.get('team'): None
WARNING:rule_proposals:[SCOPE-DEBUG] ABSOLUTE FIRST: Incoming payload: {'rule_type': 'test_multiple_updates', 'description': 'Version 1', 'diff': '# Rule: Diff 1\n## Description\nThis is a test rule.\n## Enforcement\nThis rule is enforced for testing.', 'submitted_by': 'tester', 'categories': ['test'], 'tags': ['versioning'], 'scope_level': 'project', 'project': 'test-project', 'examples': ['Example 1'], 'applies_to': ['python'], 'user_story': 'Test user story', 'reason_for_change': 'Testing multiple updates.', 'references': 'Test reference.'}
WARNING:rule_proposals:[SCOPE-DEBUG] ABSOLUTE FIRST: scope_level=project, project=test-project, team=None, scope_id=None
WARNING:rule_proposals:[SCOPE-DEBUG] Attempting to resolve project name 'test-project' to UUID...
WARNING:rule_proposals:[SCOPE-RESOLVE] Project 'test-project' resolved to UUID: 00d5282e-3d4e-4a2f-9dfe-037d5b7284ad
WARNING:rule_proposals:[SCOPE-DEBUG] After resolution: scope_id=00d5282e-3d4e-4a2f-9dfe-037d5b7284ad, payload['scope_id']=00d5282e-3d4e-4a2f-9dfe-037d5b7284ad
WARNING:rule_proposals:[CONFLICT-DEBUG] Checking for conflicts: rule_type=test_multiple_updates, diff=# Rule: Diff 1
## Description
This is a test rule.
## Enforcement
This rule is enforced for testing., scope_level=project, scope_id=00d5282e-3d4e-4a2f-9dfe-037d5b7284ad
WARNING:rule_proposals:[MDC-VALIDATION] is_valid=True, error_msg=None, diff=# Rule: Diff 1
## Description
This is a test rule.
## Enforcement
This rule is enforced for testing.
DEBUG:examples_normalization:clean_examples_field input: ['Example 1']
DEBUG:examples_normalization:clean_examples_field output: ['Example 1'] (flattened list)
DEBUG:examples_normalization:[normalize_rule_dict] output: {'id': 'cd99d077-04ae-47a6-be86-8f8e492cd752', 'rule_type': 'test_multiple_updates', 'description': 'Version 1', 'diff': '# Rule: Diff 1\n## Description\nThis is a test rule.\n## Enforcement\nThis rule is enforced for testing.', 'submitted_by': 'tester', 'categories': ['test'], 'tags': ['versioning'], 'examples': ['Example 1'], 'applies_to': ['python'], 'applies_to_rationale': '', 'user_story': 'Test user story', 'scope_level': 'project', 'scope_id': '00d5282e-3d4e-4a2f-9dfe-037d5b7284ad', 'parent_rule_id': None, 'reason_for_change': 'Testing multiple updates.', 'references': 'Test reference.', 'status': 'pending', 'version': 1, 'timestamp': '2025-06-13T18:02:07.088165', 'added_by': '', 'project': ''}
INFO:httpx:HTTP Request: POST http://testserver/propose-rule-change "HTTP/1.1 200 OK"
INFO:auth.require_api_token:[require_api_token] Valid token: 3yyDNyc1DZ-HdtNEjWnml5Tfr1IlFaLA-VB-YQvdHbI, role: admin, active: True
WARNING:rule_proposals:[DEBUG] approve_rule_change raw proposal object: <db.Proposal object at 0xffff82d5ce50>
DEBUG:examples_normalization:clean_examples_field input: ['Example 1']
DEBUG:examples_normalization:clean_examples_field output: ['Example 1'] (flattened list)
DEBUG:examples_normalization:[normalize_rule_dict] output: {'id': 'cd99d077-04ae-47a6-be86-8f8e492cd752', 'rule_type': 'test_multiple_updates', 'description': 'Version 1', 'diff': '# Rule: Diff 1\n## Description\nThis is a test rule.\n## Enforcement\nThis rule is enforced for testing.', 'submitted_by': 'tester', 'categories': ['test'], 'tags': ['versioning'], 'examples': ['Example 1'], 'applies_to': ['python'], 'applies_to_rationale': '', 'user_story': 'Test user story', 'scope_level': 'project', 'scope_id': '00d5282e-3d4e-4a2f-9dfe-037d5b7284ad', 'parent_rule_id': 'cd99d077-04ae-47a6-be86-8f8e492cd752', 'reason_for_change': 'Testing multiple updates.', 'references': 'Test reference.', 'status': 'approved', 'version': 1, 'timestamp': '2025-06-13T18:02:07.088165', 'added_by': '', 'project': ''}
INFO:httpx:HTTP Request: PUT http://testserver/rule-changes/cd99d077-04ae-47a6-be86-8f8e492cd752/approve "HTTP/1.1 200 OK"
INFO:httpx:HTTP Request: GET http://testserver/rules "HTTP/1.1 200 OK"
WARNING:rule_proposals:[DEBUG] Incoming /propose-rule-change payload: {'rule_type': 'test_multiple_updates', 'description': 'Version 2', 'diff': 'Diff 2\n## Description\nThis is a test rule.\n## Enforcement\nThis rule is enforced for testing.', 'submitted_by': 'tester', 'categories': ['test'], 'tags': ['versioning', 'v2'], 'parent_rule_id': 'cd99d077-04ae-47a6-be86-8f8e492cd752', 'examples': ['Example 1'], 'applies_to': ['python'], 'user_story': 'Test user story', 'reason_for_change': 'Testing multiple updates. Reason for change: v2', 'references': 'Test reference.', 'scope_level': 'project', 'project': 'test-project'}
WARNING:rule_proposals:[SCOPE-DEBUG] ABSOLUTE FIRST: Incoming payload type: <class 'dict'>, repr: {'rule_type': 'test_multiple_updates', 'description': 'Version 2', 'diff': 'Diff 2\n## Description\nThis is a test rule.\n## Enforcement\nThis rule is enforced for testing.', 'submitted_by': 'tester', 'categories': ['test'], 'tags': ['versioning', 'v2'], 'parent_rule_id': 'cd99d077-04ae-47a6-be86-8f8e492cd752', 'examples': ['Example 1'], 'applies_to': ['python'], 'user_story': 'Test user story', 'reason_for_change': 'Testing multiple updates. Reason for change: v2', 'references': 'Test reference.', 'scope_level': 'project', 'project': 'test-project'}
WARNING:rule_proposals:[SCOPE-DEBUG] ABSOLUTE FIRST: After conversion, payload type: <class 'dict'>, repr: {'rule_type': 'test_multiple_updates', 'description': 'Version 2', 'diff': 'Diff 2\n## Description\nThis is a test rule.\n## Enforcement\nThis rule is enforced for testing.', 'submitted_by': 'tester', 'categories': ['test'], 'tags': ['versioning', 'v2'], 'parent_rule_id': 'cd99d077-04ae-47a6-be86-8f8e492cd752', 'examples': ['Example 1'], 'applies_to': ['python'], 'user_story': 'Test user story', 'reason_for_change': 'Testing multiple updates. Reason for change: v2', 'references': 'Test reference.', 'scope_level': 'project', 'project': 'test-project'}
WARNING:rule_proposals:[SCOPE-DEBUG] ABSOLUTE FIRST: payload.get('project'): test-project, payload.get('team'): None
WARNING:rule_proposals:[SCOPE-DEBUG] ABSOLUTE FIRST: Incoming payload: {'rule_type': 'test_multiple_updates', 'description': 'Version 2', 'diff': 'Diff 2\n## Description\nThis is a test rule.\n## Enforcement\nThis rule is enforced for testing.', 'submitted_by': 'tester', 'categories': ['test'], 'tags': ['versioning', 'v2'], 'parent_rule_id': 'cd99d077-04ae-47a6-be86-8f8e492cd752', 'examples': ['Example 1'], 'applies_to': ['python'], 'user_story': 'Test user story', 'reason_for_change': 'Testing multiple updates. Reason for change: v2', 'references': 'Test reference.', 'scope_level': 'project', 'project': 'test-project'}
WARNING:rule_proposals:[SCOPE-DEBUG] ABSOLUTE FIRST: scope_level=project, project=test-project, team=None, scope_id=None
WARNING:rule_proposals:[SCOPE-DEBUG] Attempting to resolve project name 'test-project' to UUID...
WARNING:rule_proposals:[SCOPE-RESOLVE] Project 'test-project' resolved to UUID: 00d5282e-3d4e-4a2f-9dfe-037d5b7284ad
WARNING:rule_proposals:[SCOPE-DEBUG] After resolution: scope_id=00d5282e-3d4e-4a2f-9dfe-037d5b7284ad, payload['scope_id']=00d5282e-3d4e-4a2f-9dfe-037d5b7284ad
WARNING:rule_proposals:[CONFLICT-DEBUG] Checking for conflicts: rule_type=test_multiple_updates, diff=Diff 2
## Description
This is a test rule.
## Enforcement
This rule is enforced for testing., scope_level=project, scope_id=00d5282e-3d4e-4a2f-9dfe-037d5b7284ad
WARNING:rule_proposals:[MDC-VALIDATION] is_valid=False, error_msg='diff' should start with '# Rule:' (MDC format)., diff=Diff 2
## Description
This is a test rule.
## Enforcement
This rule is enforced for testing.
ERROR:rule_proposals:[422-RAISE] MDC diff format invalid: 'diff' should start with '# Rule:' (MDC format)., payload={'rule_type': 'test_multiple_updates', 'description': 'Version 2', 'diff': 'Diff 2\n## Description\nThis is a test rule.\n## Enforcement\nThis rule is enforced for testing.', 'submitted_by': 'tester', 'categories': ['test'], 'tags': ['versioning', 'v2'], 'parent_rule_id': 'cd99d077-04ae-47a6-be86-8f8e492cd752', 'examples': ['Example 1'], 'applies_to': ['python'], 'user_story': 'Test user story', 'reason_for_change': 'Testing multiple updates. Reason for change: v2', 'references': 'Test reference.', 'scope_level': 'project', 'project': 'test-project', 'scope_id': '00d5282e-3d4e-4a2f-9dfe-037d5b7284ad'}
INFO:httpx:HTTP Request: POST http://testserver/propose-rule-change "HTTP/1.1 422 Unprocessable Entity"
------------------------------ Captured log call -------------------------------
WARNING  rule_proposals:rule_proposals.py:230 [DEBUG] Incoming /propose-rule-change payload: {'rule_type': 'test_multiple_updates', 'description': 'Version 1', 'diff': '# Rule: Diff 1\n## Description\nThis is a test rule.\n## Enforcement\nThis rule is enforced for testing.', 'submitted_by': 'tester', 'categories': ['test'], 'tags': ['versioning'], 'scope_level': 'project', 'project': 'test-project', 'examples': ['Example 1'], 'applies_to': ['python'], 'user_story': 'Test user story', 'reason_for_change': 'Testing multiple updates.', 'references': 'Test reference.'}
WARNING  rule_proposals:rule_proposals.py:235 [SCOPE-DEBUG] ABSOLUTE FIRST: Incoming payload type: <class 'dict'>, repr: {'rule_type': 'test_multiple_updates', 'description': 'Version 1', 'diff': '# Rule: Diff 1\n## Description\nThis is a test rule.\n## Enforcement\nThis rule is enforced for testing.', 'submitted_by': 'tester', 'categories': ['test'], 'tags': ['versioning'], 'scope_level': 'project', 'project': 'test-project', 'examples': ['Example 1'], 'applies_to': ['python'], 'user_story': 'Test user story', 'reason_for_change': 'Testing multiple updates.', 'references': 'Test reference.'}
WARNING  rule_proposals:rule_proposals.py:247 [SCOPE-DEBUG] ABSOLUTE FIRST: After conversion, payload type: <class 'dict'>, repr: {'rule_type': 'test_multiple_updates', 'description': 'Version 1', 'diff': '# Rule: Diff 1\n## Description\nThis is a test rule.\n## Enforcement\nThis rule is enforced for testing.', 'submitted_by': 'tester', 'categories': ['test'], 'tags': ['versioning'], 'scope_level': 'project', 'project': 'test-project', 'examples': ['Example 1'], 'applies_to': ['python'], 'user_story': 'Test user story', 'reason_for_change': 'Testing multiple updates.', 'references': 'Test reference.'}
WARNING  rule_proposals:rule_proposals.py:248 [SCOPE-DEBUG] ABSOLUTE FIRST: payload.get('project'): test-project, payload.get('team'): None
WARNING  rule_proposals:rule_proposals.py:249 [SCOPE-DEBUG] ABSOLUTE FIRST: Incoming payload: {'rule_type': 'test_multiple_updates', 'description': 'Version 1', 'diff': '# Rule: Diff 1\n## Description\nThis is a test rule.\n## Enforcement\nThis rule is enforced for testing.', 'submitted_by': 'tester', 'categories': ['test'], 'tags': ['versioning'], 'scope_level': 'project', 'project': 'test-project', 'examples': ['Example 1'], 'applies_to': ['python'], 'user_story': 'Test user story', 'reason_for_change': 'Testing multiple updates.', 'references': 'Test reference.'}
WARNING  rule_proposals:rule_proposals.py:250 [SCOPE-DEBUG] ABSOLUTE FIRST: scope_level=project, project=test-project, team=None, scope_id=None
WARNING  rule_proposals:rule_proposals.py:254 [SCOPE-DEBUG] Attempting to resolve project name 'test-project' to UUID...
WARNING  rule_proposals:rule_proposals.py:257 [SCOPE-RESOLVE] Project 'test-project' resolved to UUID: 00d5282e-3d4e-4a2f-9dfe-037d5b7284ad
WARNING  rule_proposals:rule_proposals.py:281 [SCOPE-DEBUG] After resolution: scope_id=00d5282e-3d4e-4a2f-9dfe-037d5b7284ad, payload['scope_id']=00d5282e-3d4e-4a2f-9dfe-037d5b7284ad
WARNING  rule_proposals:rule_proposals.py:293 [CONFLICT-DEBUG] Checking for conflicts: rule_type=test_multiple_updates, diff=# Rule: Diff 1
## Description
This is a test rule.
## Enforcement
This rule is enforced for testing., scope_level=project, scope_id=00d5282e-3d4e-4a2f-9dfe-037d5b7284ad
WARNING  rule_proposals:rule_proposals.py:333 [MDC-VALIDATION] is_valid=True, error_msg=None, diff=# Rule: Diff 1
## Description
This is a test rule.
## Enforcement
This rule is enforced for testing.
DEBUG    examples_normalization:normalization.py:50 clean_examples_field input: ['Example 1']
DEBUG    examples_normalization:normalization.py:111 clean_examples_field output: ['Example 1'] (flattened list)
DEBUG    examples_normalization:normalization.py:165 [normalize_rule_dict] output: {'id': 'cd99d077-04ae-47a6-be86-8f8e492cd752', 'rule_type': 'test_multiple_updates', 'description': 'Version 1', 'diff': '# Rule: Diff 1\n## Description\nThis is a test rule.\n## Enforcement\nThis rule is enforced for testing.', 'submitted_by': 'tester', 'categories': ['test'], 'tags': ['versioning'], 'examples': ['Example 1'], 'applies_to': ['python'], 'applies_to_rationale': '', 'user_story': 'Test user story', 'scope_level': 'project', 'scope_id': '00d5282e-3d4e-4a2f-9dfe-037d5b7284ad', 'parent_rule_id': None, 'reason_for_change': 'Testing multiple updates.', 'references': 'Test reference.', 'status': 'pending', 'version': 1, 'timestamp': '2025-06-13T18:02:07.088165', 'added_by': '', 'project': ''}
INFO     httpx:_client.py:1025 HTTP Request: POST http://testserver/propose-rule-change "HTTP/1.1 200 OK"
INFO     auth.require_api_token:auth.py:35 [require_api_token] Valid token: 3yyDNyc1DZ-HdtNEjWnml5Tfr1IlFaLA-VB-YQvdHbI, role: admin, active: True
WARNING  rule_proposals:rule_proposals.py:461 [DEBUG] approve_rule_change raw proposal object: <db.Proposal object at 0xffff82d5ce50>
DEBUG    examples_normalization:normalization.py:50 clean_examples_field input: ['Example 1']
DEBUG    examples_normalization:normalization.py:111 clean_examples_field output: ['Example 1'] (flattened list)
DEBUG    examples_normalization:normalization.py:165 [normalize_rule_dict] output: {'id': 'cd99d077-04ae-47a6-be86-8f8e492cd752', 'rule_type': 'test_multiple_updates', 'description': 'Version 1', 'diff': '# Rule: Diff 1\n## Description\nThis is a test rule.\n## Enforcement\nThis rule is enforced for testing.', 'submitted_by': 'tester', 'categories': ['test'], 'tags': ['versioning'], 'examples': ['Example 1'], 'applies_to': ['python'], 'applies_to_rationale': '', 'user_story': 'Test user story', 'scope_level': 'project', 'scope_id': '00d5282e-3d4e-4a2f-9dfe-037d5b7284ad', 'parent_rule_id': 'cd99d077-04ae-47a6-be86-8f8e492cd752', 'reason_for_change': 'Testing multiple updates.', 'references': 'Test reference.', 'status': 'approved', 'version': 1, 'timestamp': '2025-06-13T18:02:07.088165', 'added_by': '', 'project': ''}
INFO     httpx:_client.py:1025 HTTP Request: PUT http://testserver/rule-changes/cd99d077-04ae-47a6-be86-8f8e492cd752/approve "HTTP/1.1 200 OK"
INFO     httpx:_client.py:1025 HTTP Request: GET http://testserver/rules "HTTP/1.1 200 OK"
WARNING  rule_proposals:rule_proposals.py:230 [DEBUG] Incoming /propose-rule-change payload: {'rule_type': 'test_multiple_updates', 'description': 'Version 2', 'diff': 'Diff 2\n## Description\nThis is a test rule.\n## Enforcement\nThis rule is enforced for testing.', 'submitted_by': 'tester', 'categories': ['test'], 'tags': ['versioning', 'v2'], 'parent_rule_id': 'cd99d077-04ae-47a6-be86-8f8e492cd752', 'examples': ['Example 1'], 'applies_to': ['python'], 'user_story': 'Test user story', 'reason_for_change': 'Testing multiple updates. Reason for change: v2', 'references': 'Test reference.', 'scope_level': 'project', 'project': 'test-project'}
WARNING  rule_proposals:rule_proposals.py:235 [SCOPE-DEBUG] ABSOLUTE FIRST: Incoming payload type: <class 'dict'>, repr: {'rule_type': 'test_multiple_updates', 'description': 'Version 2', 'diff': 'Diff 2\n## Description\nThis is a test rule.\n## Enforcement\nThis rule is enforced for testing.', 'submitted_by': 'tester', 'categories': ['test'], 'tags': ['versioning', 'v2'], 'parent_rule_id': 'cd99d077-04ae-47a6-be86-8f8e492cd752', 'examples': ['Example 1'], 'applies_to': ['python'], 'user_story': 'Test user story', 'reason_for_change': 'Testing multiple updates. Reason for change: v2', 'references': 'Test reference.', 'scope_level': 'project', 'project': 'test-project'}
WARNING  rule_proposals:rule_proposals.py:247 [SCOPE-DEBUG] ABSOLUTE FIRST: After conversion, payload type: <class 'dict'>, repr: {'rule_type': 'test_multiple_updates', 'description': 'Version 2', 'diff': 'Diff 2\n## Description\nThis is a test rule.\n## Enforcement\nThis rule is enforced for testing.', 'submitted_by': 'tester', 'categories': ['test'], 'tags': ['versioning', 'v2'], 'parent_rule_id': 'cd99d077-04ae-47a6-be86-8f8e492cd752', 'examples': ['Example 1'], 'applies_to': ['python'], 'user_story': 'Test user story', 'reason_for_change': 'Testing multiple updates. Reason for change: v2', 'references': 'Test reference.', 'scope_level': 'project', 'project': 'test-project'}
WARNING  rule_proposals:rule_proposals.py:248 [SCOPE-DEBUG] ABSOLUTE FIRST: payload.get('project'): test-project, payload.get('team'): None
WARNING  rule_proposals:rule_proposals.py:249 [SCOPE-DEBUG] ABSOLUTE FIRST: Incoming payload: {'rule_type': 'test_multiple_updates', 'description': 'Version 2', 'diff': 'Diff 2\n## Description\nThis is a test rule.\n## Enforcement\nThis rule is enforced for testing.', 'submitted_by': 'tester', 'categories': ['test'], 'tags': ['versioning', 'v2'], 'parent_rule_id': 'cd99d077-04ae-47a6-be86-8f8e492cd752', 'examples': ['Example 1'], 'applies_to': ['python'], 'user_story': 'Test user story', 'reason_for_change': 'Testing multiple updates. Reason for change: v2', 'references': 'Test reference.', 'scope_level': 'project', 'project': 'test-project'}
WARNING  rule_proposals:rule_proposals.py:250 [SCOPE-DEBUG] ABSOLUTE FIRST: scope_level=project, project=test-project, team=None, scope_id=None
WARNING  rule_proposals:rule_proposals.py:254 [SCOPE-DEBUG] Attempting to resolve project name 'test-project' to UUID...
WARNING  rule_proposals:rule_proposals.py:257 [SCOPE-RESOLVE] Project 'test-project' resolved to UUID: 00d5282e-3d4e-4a2f-9dfe-037d5b7284ad
WARNING  rule_proposals:rule_proposals.py:281 [SCOPE-DEBUG] After resolution: scope_id=00d5282e-3d4e-4a2f-9dfe-037d5b7284ad, payload['scope_id']=00d5282e-3d4e-4a2f-9dfe-037d5b7284ad
WARNING  rule_proposals:rule_proposals.py:293 [CONFLICT-DEBUG] Checking for conflicts: rule_type=test_multiple_updates, diff=Diff 2
## Description
This is a test rule.
## Enforcement
This rule is enforced for testing., scope_level=project, scope_id=00d5282e-3d4e-4a2f-9dfe-037d5b7284ad
WARNING  rule_proposals:rule_proposals.py:333 [MDC-VALIDATION] is_valid=False, error_msg='diff' should start with '# Rule:' (MDC format)., diff=Diff 2
## Description
This is a test rule.
## Enforcement
This rule is enforced for testing.
ERROR    rule_proposals:rule_proposals.py:335 [422-RAISE] MDC diff format invalid: 'diff' should start with '# Rule:' (MDC format)., payload={'rule_type': 'test_multiple_updates', 'description': 'Version 2', 'diff': 'Diff 2\n## Description\nThis is a test rule.\n## Enforcement\nThis rule is enforced for testing.', 'submitted_by': 'tester', 'categories': ['test'], 'tags': ['versioning', 'v2'], 'parent_rule_id': 'cd99d077-04ae-47a6-be86-8f8e492cd752', 'examples': ['Example 1'], 'applies_to': ['python'], 'user_story': 'Test user story', 'reason_for_change': 'Testing multiple updates. Reason for change: v2', 'references': 'Test reference.', 'scope_level': 'project', 'project': 'test-project', 'scope_id': '00d5282e-3d4e-4a2f-9dfe-037d5b7284ad'}
INFO     httpx:_client.py:1025 HTTP Request: POST http://testserver/propose-rule-change "HTTP/1.1 422 Unprocessable Entity"
--------------------------- Captured stderr teardown ---------------------------
INFO:pytest-session:[fixture:clean_db:yielded] rules table columns: ['id', 'rule_type', 'description', 'diff', 'status', 'submitted_by', 'added_by', 'project', 'timestamp', 'version', 'categories', 'tags', 'examples', 'applies_to', 'applies_to_rationale', 'user_story', 'scope_level', 'scope_id', 'parent_rule_id', 'superseded_by']
---------------------------- Captured log teardown -----------------------------
INFO     pytest-session:conftest.py:46 [fixture:clean_db:yielded] rules table columns: ['id', 'rule_type', 'description', 'diff', 'status', 'submitted_by', 'added_by', 'project', 'timestamp', 'version', 'categories', 'tags', 'examples', 'applies_to', 'applies_to_rationale', 'user_story', 'scope_level', 'scope_id', 'parent_rule_id', 'superseded_by']
________________________ test_process_job_missing_diff _________________________
tests/test_worker.py:31: in test_process_job_missing_diff
    assert "No 'diff' field found in job" in out
E   assert "No 'diff' field found in job" in ''
---------------------------- Captured stdout setup -----------------------------
[DEBUG-get_db] ENVIRONMENT=test, POSTGRES_HOST=test-db
---------------------------- Captured stderr setup -----------------------------
INFO:pytest-session:[test_end: test_process_job_valid] rules table columns: ['id', 'rule_type', 'description', 'diff', 'status', 'submitted_by', 'added_by', 'project', 'timestamp', 'version', 'categories', 'tags', 'examples', 'applies_to', 'applies_to_rationale', 'user_story', 'scope_level', 'scope_id', 'parent_rule_id', 'superseded_by']
INFO:pytest-session:[test_start: test_process_job_missing_diff] rules table columns: ['id', 'rule_type', 'description', 'diff', 'status', 'submitted_by', 'added_by', 'project', 'timestamp', 'version', 'categories', 'tags', 'examples', 'applies_to', 'applies_to_rationale', 'user_story', 'scope_level', 'scope_id', 'parent_rule_id', 'superseded_by']
INFO:pytest-session:[fixture:clean_db:before] rules table columns: ['id', 'rule_type', 'description', 'diff', 'status', 'submitted_by', 'added_by', 'project', 'timestamp', 'version', 'categories', 'tags', 'examples', 'applies_to', 'applies_to_rationale', 'user_story', 'scope_level', 'scope_id', 'parent_rule_id', 'superseded_by']
INFO:pytest-session:[fixture:clean_db:after] rules table columns: ['id', 'rule_type', 'description', 'diff', 'status', 'submitted_by', 'added_by', 'project', 'timestamp', 'version', 'categories', 'tags', 'examples', 'applies_to', 'applies_to_rationale', 'user_story', 'scope_level', 'scope_id', 'parent_rule_id', 'superseded_by']
------------------------------ Captured log setup ------------------------------
INFO     pytest-session:conftest.py:46 [fixture:clean_db:before] rules table columns: ['id', 'rule_type', 'description', 'diff', 'status', 'submitted_by', 'added_by', 'project', 'timestamp', 'version', 'categories', 'tags', 'examples', 'applies_to', 'applies_to_rationale', 'user_story', 'scope_level', 'scope_id', 'parent_rule_id', 'superseded_by']
INFO     pytest-session:conftest.py:46 [fixture:clean_db:after] rules table columns: ['id', 'rule_type', 'description', 'diff', 'status', 'submitted_by', 'added_by', 'project', 'timestamp', 'version', 'categories', 'tags', 'examples', 'applies_to', 'applies_to_rationale', 'user_story', 'scope_level', 'scope_id', 'parent_rule_id', 'superseded_by']
--------------------------- Captured stderr teardown ---------------------------
INFO:pytest-session:[fixture:clean_db:yielded] rules table columns: ['id', 'rule_type', 'description', 'diff', 'status', 'submitted_by', 'added_by', 'project', 'timestamp', 'version', 'categories', 'tags', 'examples', 'applies_to', 'applies_to_rationale', 'user_story', 'scope_level', 'scope_id', 'parent_rule_id', 'superseded_by']
---------------------------- Captured log teardown -----------------------------
INFO     pytest-session:conftest.py:46 [fixture:clean_db:yielded] rules table columns: ['id', 'rule_type', 'description', 'diff', 'status', 'submitted_by', 'added_by', 'project', 'timestamp', 'version', 'categories', 'tags', 'examples', 'applies_to', 'applies_to_rationale', 'user_story', 'scope_level', 'scope_id', 'parent_rule_id', 'superseded_by']
__________________________ test_process_job_api_error __________________________
tests/test_worker.py:42: in test_process_job_api_error
    assert "Error calling Ollama Functions API" in out
E   AssertionError: assert 'Error calling Ollama Functions API' in ''
---------------------------- Captured stdout setup -----------------------------
[DEBUG-get_db] ENVIRONMENT=test, POSTGRES_HOST=test-db
---------------------------- Captured stderr setup -----------------------------
INFO:pytest-session:[test_end: test_process_job_missing_diff] rules table columns: ['id', 'rule_type', 'description', 'diff', 'status', 'submitted_by', 'added_by', 'project', 'timestamp', 'version', 'categories', 'tags', 'examples', 'applies_to', 'applies_to_rationale', 'user_story', 'scope_level', 'scope_id', 'parent_rule_id', 'superseded_by']
INFO:pytest-session:[test_start: test_process_job_api_error] rules table columns: ['id', 'rule_type', 'description', 'diff', 'status', 'submitted_by', 'added_by', 'project', 'timestamp', 'version', 'categories', 'tags', 'examples', 'applies_to', 'applies_to_rationale', 'user_story', 'scope_level', 'scope_id', 'parent_rule_id', 'superseded_by']
INFO:pytest-session:[fixture:clean_db:before] rules table columns: ['id', 'rule_type', 'description', 'diff', 'status', 'submitted_by', 'added_by', 'project', 'timestamp', 'version', 'categories', 'tags', 'examples', 'applies_to', 'applies_to_rationale', 'user_story', 'scope_level', 'scope_id', 'parent_rule_id', 'superseded_by']
INFO:pytest-session:[fixture:clean_db:after] rules table columns: ['id', 'rule_type', 'description', 'diff', 'status', 'submitted_by', 'added_by', 'project', 'timestamp', 'version', 'categories', 'tags', 'examples', 'applies_to', 'applies_to_rationale', 'user_story', 'scope_level', 'scope_id', 'parent_rule_id', 'superseded_by']
------------------------------ Captured log setup ------------------------------
INFO     pytest-session:conftest.py:46 [fixture:clean_db:before] rules table columns: ['id', 'rule_type', 'description', 'diff', 'status', 'submitted_by', 'added_by', 'project', 'timestamp', 'version', 'categories', 'tags', 'examples', 'applies_to', 'applies_to_rationale', 'user_story', 'scope_level', 'scope_id', 'parent_rule_id', 'superseded_by']
INFO     pytest-session:conftest.py:46 [fixture:clean_db:after] rules table columns: ['id', 'rule_type', 'description', 'diff', 'status', 'submitted_by', 'added_by', 'project', 'timestamp', 'version', 'categories', 'tags', 'examples', 'applies_to', 'applies_to_rationale', 'user_story', 'scope_level', 'scope_id', 'parent_rule_id', 'superseded_by']
--------------------------- Captured stderr teardown ---------------------------
INFO:pytest-session:[fixture:clean_db:yielded] rules table columns: ['id', 'rule_type', 'description', 'diff', 'status', 'submitted_by', 'added_by', 'project', 'timestamp', 'version', 'categories', 'tags', 'examples', 'applies_to', 'applies_to_rationale', 'user_story', 'scope_level', 'scope_id', 'parent_rule_id', 'superseded_by']
---------------------------- Captured log teardown -----------------------------
INFO     pytest-session:conftest.py:46 [fixture:clean_db:yielded] rules table columns: ['id', 'rule_type', 'description', 'diff', 'status', 'submitted_by', 'added_by', 'project', 'timestamp', 'version', 'categories', 'tags', 'examples', 'applies_to', 'applies_to_rationale', 'user_story', 'scope_level', 'scope_id', 'parent_rule_id', 'superseded_by']
________________________ test_memory_refinement_dry_run ________________________
tests/unit/test_memory_refinement_worker.py:36: in test_memory_refinement_dry_run
    assert "CLARIFY" in log_msgs
E   assert 'CLARIFY' in "call('Loaded 4 memory nodes from memorydb.') call('[SUMMARY] id=1 ns=ns\\n  Original: xxxxxxxxxxxxxxxxxxxxxxxxxxxxxxx...z...') call('  Content 2: foo bar baz!...') call('Dry run: no changes applied. Review logs for proposed refinements.')"
---------------------------- Captured stdout setup -----------------------------
[DEBUG-get_db] ENVIRONMENT=test, POSTGRES_HOST=test-db
---------------------------- Captured stderr setup -----------------------------
INFO:pytest-session:[test_end: test_memory_node_fields] rules table columns: ['id', 'rule_type', 'description', 'diff', 'status', 'submitted_by', 'added_by', 'project', 'timestamp', 'version', 'categories', 'tags', 'examples', 'applies_to', 'applies_to_rationale', 'user_story', 'scope_level', 'scope_id', 'parent_rule_id', 'superseded_by']
INFO:pytest-session:[test_start: test_memory_refinement_dry_run] rules table columns: ['id', 'rule_type', 'description', 'diff', 'status', 'submitted_by', 'added_by', 'project', 'timestamp', 'version', 'categories', 'tags', 'examples', 'applies_to', 'applies_to_rationale', 'user_story', 'scope_level', 'scope_id', 'parent_rule_id', 'superseded_by']
INFO:pytest-session:[fixture:clean_db:before] rules table columns: ['id', 'rule_type', 'description', 'diff', 'status', 'submitted_by', 'added_by', 'project', 'timestamp', 'version', 'categories', 'tags', 'examples', 'applies_to', 'applies_to_rationale', 'user_story', 'scope_level', 'scope_id', 'parent_rule_id', 'superseded_by']
INFO:pytest-session:[fixture:clean_db:after] rules table columns: ['id', 'rule_type', 'description', 'diff', 'status', 'submitted_by', 'added_by', 'project', 'timestamp', 'version', 'categories', 'tags', 'examples', 'applies_to', 'applies_to_rationale', 'user_story', 'scope_level', 'scope_id', 'parent_rule_id', 'superseded_by']
------------------------------ Captured log setup ------------------------------
INFO     pytest-session:conftest.py:46 [fixture:clean_db:before] rules table columns: ['id', 'rule_type', 'description', 'diff', 'status', 'submitted_by', 'added_by', 'project', 'timestamp', 'version', 'categories', 'tags', 'examples', 'applies_to', 'applies_to_rationale', 'user_story', 'scope_level', 'scope_id', 'parent_rule_id', 'superseded_by']
INFO     pytest-session:conftest.py:46 [fixture:clean_db:after] rules table columns: ['id', 'rule_type', 'description', 'diff', 'status', 'submitted_by', 'added_by', 'project', 'timestamp', 'version', 'categories', 'tags', 'examples', 'applies_to', 'applies_to_rationale', 'user_story', 'scope_level', 'scope_id', 'parent_rule_id', 'superseded_by']
--------------------------- Captured stderr teardown ---------------------------
INFO:pytest-session:[fixture:clean_db:yielded] rules table columns: ['id', 'rule_type', 'description', 'diff', 'status', 'submitted_by', 'added_by', 'project', 'timestamp', 'version', 'categories', 'tags', 'examples', 'applies_to', 'applies_to_rationale', 'user_story', 'scope_level', 'scope_id', 'parent_rule_id', 'superseded_by']
---------------------------- Captured log teardown -----------------------------
INFO     pytest-session:conftest.py:46 [fixture:clean_db:yielded] rules table columns: ['id', 'rule_type', 'description', 'diff', 'status', 'submitted_by', 'added_by', 'project', 'timestamp', 'version', 'categories', 'tags', 'examples', 'applies_to', 'applies_to_rationale', 'user_story', 'scope_level', 'scope_id', 'parent_rule_id', 'superseded_by']
_____________________ test_user_story_completeness_missing _____________________
tests/unit/test_user_story_completeness_checker.py:24: in test_user_story_completeness_missing
    user_story_completeness_checker.main()
scripts/user_story_completeness_checker.py:52: in main
    parser = argparse.ArgumentParser(description="User Story Completeness Checker")
             ^^^^^^^^^^^^^^^^^^^^^^^^^^^^^^^^^^^^^^^^^^^^^^^^^^^^^^^^^^^^^^^^^^^^^^
/usr/local/lib/python3.11/argparse.py:1777: in __init__
    self._positionals = add_group(_('positional arguments'))
                                  ^^^^^^^^^^^^^^^^^^^^^^^^^
/usr/local/lib/python3.11/gettext.py:617: in gettext
    return dgettext(_current_domain, message)
           ^^^^^^^^^^^^^^^^^^^^^^^^^^^^^^^^^^
/usr/local/lib/python3.11/gettext.py:580: in dgettext
    t = translation(domain, _localedirs.get(domain, None))
        ^^^^^^^^^^^^^^^^^^^^^^^^^^^^^^^^^^^^^^^^^^^^^^^^^^
/usr/local/lib/python3.11/gettext.py:538: in translation
    t = _translations.setdefault(key, class_(fp))
                                      ^^^^^^^^^^
/usr/local/lib/python3.11/gettext.py:272: in __init__
    self._parse(fp)
/usr/local/lib/python3.11/gettext.py:353: in _parse
    magic = unpack('<I', buf[:4])[0]
            ^^^^^^^^^^^^^^^^^^^^^
E   TypeError: a bytes-like object is required, not 'str'
---------------------------- Captured stdout setup -----------------------------
[DEBUG-get_db] ENVIRONMENT=test, POSTGRES_HOST=test-db
---------------------------- Captured stderr setup -----------------------------
INFO:pytest-session:[test_end: test_stale_rule_detector_dry_run] rules table columns: ['id', 'rule_type', 'description', 'diff', 'status', 'submitted_by', 'added_by', 'project', 'timestamp', 'version', 'categories', 'tags', 'examples', 'applies_to', 'applies_to_rationale', 'user_story', 'scope_level', 'scope_id', 'parent_rule_id', 'superseded_by']
INFO:pytest-session:[test_start: test_user_story_completeness_missing] rules table columns: ['id', 'rule_type', 'description', 'diff', 'status', 'submitted_by', 'added_by', 'project', 'timestamp', 'version', 'categories', 'tags', 'examples', 'applies_to', 'applies_to_rationale', 'user_story', 'scope_level', 'scope_id', 'parent_rule_id', 'superseded_by']
INFO:pytest-session:[fixture:clean_db:before] rules table columns: ['id', 'rule_type', 'description', 'diff', 'status', 'submitted_by', 'added_by', 'project', 'timestamp', 'version', 'categories', 'tags', 'examples', 'applies_to', 'applies_to_rationale', 'user_story', 'scope_level', 'scope_id', 'parent_rule_id', 'superseded_by']
INFO:pytest-session:[fixture:clean_db:after] rules table columns: ['id', 'rule_type', 'description', 'diff', 'status', 'submitted_by', 'added_by', 'project', 'timestamp', 'version', 'categories', 'tags', 'examples', 'applies_to', 'applies_to_rationale', 'user_story', 'scope_level', 'scope_id', 'parent_rule_id', 'superseded_by']
------------------------------ Captured log setup ------------------------------
INFO     pytest-session:conftest.py:46 [fixture:clean_db:before] rules table columns: ['id', 'rule_type', 'description', 'diff', 'status', 'submitted_by', 'added_by', 'project', 'timestamp', 'version', 'categories', 'tags', 'examples', 'applies_to', 'applies_to_rationale', 'user_story', 'scope_level', 'scope_id', 'parent_rule_id', 'superseded_by']
INFO     pytest-session:conftest.py:46 [fixture:clean_db:after] rules table columns: ['id', 'rule_type', 'description', 'diff', 'status', 'submitted_by', 'added_by', 'project', 'timestamp', 'version', 'categories', 'tags', 'examples', 'applies_to', 'applies_to_rationale', 'user_story', 'scope_level', 'scope_id', 'parent_rule_id', 'superseded_by']
--------------------------- Captured stderr teardown ---------------------------
INFO:pytest-session:[fixture:clean_db:yielded] rules table columns: ['id', 'rule_type', 'description', 'diff', 'status', 'submitted_by', 'added_by', 'project', 'timestamp', 'version', 'categories', 'tags', 'examples', 'applies_to', 'applies_to_rationale', 'user_story', 'scope_level', 'scope_id', 'parent_rule_id', 'superseded_by']
---------------------------- Captured log teardown -----------------------------
INFO     pytest-session:conftest.py:46 [fixture:clean_db:yielded] rules table columns: ['id', 'rule_type', 'description', 'diff', 'status', 'submitted_by', 'added_by', 'project', 'timestamp', 'version', 'categories', 'tags', 'examples', 'applies_to', 'applies_to_rationale', 'user_story', 'scope_level', 'scope_id', 'parent_rule_id', 'superseded_by']
=========================== short test summary info ============================
FAILED tests/test_misc_scripts_auto_feedback.py::test_invalid_input_file_cli
FAILED tests/test_onboarding_flow.py::test_internal_project_onboarding - Asse...
FAILED tests/test_rule_api_server.py::test_rule_promotion_endpoint - assert 4...
FAILED tests/test_rule_conflicts.py::test_rule_conflict_detection - assert 42...
FAILED tests/test_rule_conflicts.py::test_rule_enforcement_in_ci - assert 422...
FAILED tests/test_rule_conflicts.py::test_rule_violation_reporting - assert 4...
FAILED tests/test_rule_conflicts.py::test_rule_compliance_report - assert 422...
FAILED tests/test_rule_conflicts.py::test_rule_conflicts - assert 422 == 200
FAILED tests/test_rule_conflicts.py::test_rule_conflicts_different_patterns
FAILED tests/test_rule_conflicts.py::test_rule_conflicts_same_name - assert 4...
FAILED tests/test_rule_conflicts.py::test_rule_conflicts_update - assert 422 ...
FAILED tests/test_rule_conflicts.py::test_rule_conflicts_delete - assert 422 ...
FAILED tests/test_rule_enforcement.py::test_rule_enforcement_versioning - ass...
FAILED tests/test_rule_enforcement_edge_cases.py::test_rule_promotion_edge_cases
FAILED tests/test_rule_enforcement_edge_cases.py::test_rule_versioning_edge_cases
FAILED tests/test_rule_enforcement_edge_cases.py::test_rule_feedback_edge_cases
FAILED tests/test_rule_enforcement_edge_cases.py::test_rule_enforcement_edge_cases
FAILED tests/test_rule_filtering.py::test_rule_filtering_by_category - assert...
FAILED tests/test_rule_filtering.py::test_rule_filtering_by_tag - assert 422 ...
FAILED tests/test_rule_filtering.py::test_rule_filtering_by_scope - assert 42...
FAILED tests/test_rule_filtering.py::test_rule_filtering_combinations - asser...
FAILED tests/test_rule_filtering.py::test_rule_search - assert 422 == 200
FAILED tests/test_rule_promotion.py::test_rule_promotion_flow - assert 422 ==...
FAILED tests/test_rule_proposal_feedback.py::test_invalid_feedback_type - ass...
FAILED tests/test_rule_versioning.py::test_multiple_rule_updates - assert 422...
FAILED tests/test_worker.py::test_process_job_missing_diff - assert "No 'diff...
FAILED tests/test_worker.py::test_process_job_api_error - AssertionError: ass...
FAILED tests/unit/test_memory_refinement_worker.py::test_memory_refinement_dry_run
FAILED tests/unit/test_user_story_completeness_checker.py::test_user_story_completeness_missing
=========== 29 failed, 139 passed, 17 skipped, 148 warnings in 6.88s ===========
